INFO:     Started server process [8300]
INFO:     Waiting for application startup.
2026-03-25 07:50:25,526 - sqlalchemy.engine.Engine - INFO - select pg_catalog.version()
2026-03-25 07:50:25,528 - sqlalchemy.engine.Engine - INFO - [raw sql] ()
2026-03-25 07:50:25,533 - sqlalchemy.engine.Engine - INFO - select current_schema()
2026-03-25 07:50:25,535 - sqlalchemy.engine.Engine - INFO - [raw sql] ()
2026-03-25 07:50:25,539 - sqlalchemy.engine.Engine - INFO - show standard_conforming_strings
2026-03-25 07:50:25,541 - sqlalchemy.engine.Engine - INFO - [raw sql] ()
2026-03-25 07:50:25,544 - sqlalchemy.engine.Engine - INFO - BEGIN (implicit)
2026-03-25 07:50:25,635 - sqlalchemy.engine.Engine - INFO - SELECT organizations.name, organizations.slug, organizations.logo_url, organizations.accent_color, organizations.address, organizations.phone, organizations.email, organizations.website, organizations.is_active, organizations.bank_details, organizations.id, organizations.org_id, organizations.created_at, organizations.updated_at, organizations.created_by 
FROM organizations 
WHERE organizations.slug = $1::VARCHAR
2026-03-25 07:50:25,636 - sqlalchemy.engine.Engine - INFO - [generated in 0.00154s] ('secureops-demo',)
2026-03-25 07:50:25,644 - sqlalchemy.engine.Engine - INFO - DELETE FROM regions WHERE regions.org_id = $1::UUID
2026-03-25 07:50:25,645 - sqlalchemy.engine.Engine - INFO - [generated in 0.00112s] (UUID('1cc025de-cff6-4faa-9e87-a9f089fc69dc'),)
2026-03-25 07:50:25,660 - sqlalchemy.engine.Engine - INFO - DELETE FROM zone_managers WHERE zone_managers.org_id = $1::UUID
2026-03-25 07:50:25,661 - sqlalchemy.engine.Engine - INFO - [generated in 0.00109s] (UUID('1cc025de-cff6-4faa-9e87-a9f089fc69dc'),)
2026-03-25 07:50:25,665 - sqlalchemy.engine.Engine - INFO - DELETE FROM zones WHERE zones.org_id = $1::UUID
2026-03-25 07:50:25,666 - sqlalchemy.engine.Engine - INFO - [generated in 0.00086s] (UUID('1cc025de-cff6-4faa-9e87-a9f089fc69dc'),)
2026-03-25 07:50:25,677 - sqlalchemy.engine.Engine - INFO - INSERT INTO zones (zone_name, notes, status, id, org_id, created_by) VALUES ($1::VARCHAR, $2::VARCHAR, $3, $4::UUID, $5::UUID, $6::UUID) RETURNING zones.created_at, zones.updated_at
2026-03-25 07:50:25,678 - sqlalchemy.engine.Engine - INFO - [generated in 0.00114s] ('Zone 1', 'Zone 1 - contains 3 regions', 'ACTIVE', UUID('4ec3956d-5224-4c52-8cce-0b39eaa00129'), UUID('1cc025de-cff6-4faa-9e87-a9f089fc69dc'), None)
2026-03-25 07:50:25,699 - sqlalchemy.engine.Engine - INFO - INSERT INTO zones (zone_name, notes, status, id, org_id, created_by) VALUES ($1::VARCHAR, $2::VARCHAR, $3, $4::UUID, $5::UUID, $6::UUID) RETURNING zones.created_at, zones.updated_at
2026-03-25 07:50:25,699 - sqlalchemy.engine.Engine - INFO - [cached since 0.0231s ago] ('Zone 2', 'Zone 2 - contains 4 regions', 'ACTIVE', UUID('767a016e-96fc-45ba-88d1-44b535c72cbc'), UUID('1cc025de-cff6-4faa-9e87-a9f089fc69dc'), None)
2026-03-25 07:50:25,702 - sqlalchemy.engine.Engine - INFO - INSERT INTO regions (zone_id, region_name, notes, status, id, org_id, created_by) VALUES ($1::UUID, $2::VARCHAR, $3::VARCHAR, $4, $5::UUID, $6::UUID, $7::UUID), ($8::UUID, $9::VARCHAR, $10::VARCHAR, $11, $12::UUID, $13::UUID, $14::UUID), ($15::UUID, $16::VARCHAR, $17::VARCHAR, $18, $19::UUID, $20::UUID, $21::UUID) RETURNING regions.created_at, regions.updated_at, regions.id
2026-03-25 07:50:25,703 - sqlalchemy.engine.Engine - INFO - [generated in 0.00017s (insertmanyvalues) 1/1 (ordered)] (UUID('4ec3956d-5224-4c52-8cce-0b39eaa00129'), 'Musoma', 'Musoma region - Zone 1', 'ACTIVE', UUID('1b451b25-1e44-4b38-810a-b78e36ea3ef4'), UUID('1cc025de-cff6-4faa-9e87-a9f089fc69dc'), None, UUID('4ec3956d-5224-4c52-8cce-0b39eaa00129'), 'Mwanza', 'Mwanza region - Zone 1', 'ACTIVE', UUID('e52e86cf-9c40-4858-b6f6-b33b8ef402da'), UUID('1cc025de-cff6-4faa-9e87-a9f089fc69dc'), None, UUID('4ec3956d-5224-4c52-8cce-0b39eaa00129'), 'Simiyu', 'Simiyu region - Zone 1', 'ACTIVE', UUID('7f2c0ffc-9b7b-4f54-8a66-563461fb3149'), UUID('1cc025de-cff6-4faa-9e87-a9f089fc69dc'), None)
2026-03-25 07:50:25,714 - sqlalchemy.engine.Engine - INFO - INSERT INTO zones (zone_name, notes, status, id, org_id, created_by) VALUES ($1::VARCHAR, $2::VARCHAR, $3, $4::UUID, $5::UUID, $6::UUID) RETURNING zones.created_at, zones.updated_at
2026-03-25 07:50:25,715 - sqlalchemy.engine.Engine - INFO - [cached since 0.03876s ago] ('Zone 3', 'Zone 3 - contains 2 regions', 'ACTIVE', UUID('2572b6ff-ef23-4d74-a80c-d01dd1282de6'), UUID('1cc025de-cff6-4faa-9e87-a9f089fc69dc'), None)
2026-03-25 07:50:25,717 - sqlalchemy.engine.Engine - INFO - INSERT INTO regions (zone_id, region_name, notes, status, id, org_id, created_by) VALUES ($1::UUID, $2::VARCHAR, $3::VARCHAR, $4, $5::UUID, $6::UUID, $7::UUID), ($8::UUID, $9::VARCHAR, $10::VARCHAR, $11, $12::UUID, $13::UUID, $14::UUID), ($15::UUID, $16::VARCHAR, $17::VARCHAR, $18, $19::UUID, $20::UUID, $21::UUID), ($22::UUID, $23::VARCHAR, $24::VARCHAR, $25, $26::UUID, $27::UUID, $28::UUID) RETURNING regions.created_at, regions.updated_at, regions.id
2026-03-25 07:50:25,718 - sqlalchemy.engine.Engine - INFO - [cached since 0.0151s ago (insertmanyvalues) 1/1 (ordered)] (UUID('767a016e-96fc-45ba-88d1-44b535c72cbc'), 'Shinyanga', 'Shinyanga region - Zone 2', 'ACTIVE', UUID('506b46f3-24a2-4c79-9fc7-81ec5e49e556'), UUID('1cc025de-cff6-4faa-9e87-a9f089fc69dc'), None, UUID('767a016e-96fc-45ba-88d1-44b535c72cbc'), 'Tabora', 'Tabora region - Zone 2', 'ACTIVE', UUID('3c5517d6-5e21-4c2b-8853-7bca2a3eacf9'), UUID('1cc025de-cff6-4faa-9e87-a9f089fc69dc'), None, UUID('767a016e-96fc-45ba-88d1-44b535c72cbc'), 'Singida', 'Singida region - Zone 2', 'ACTIVE', UUID('e8ad376b-96b8-4f93-90b0-342f60ac3a73'), UUID('1cc025de-cff6-4faa-9e87-a9f089fc69dc'), None, UUID('767a016e-96fc-45ba-88d1-44b535c72cbc'), 'Kigoma', 'Kigoma region - Zone 2', 'ACTIVE', UUID('465ce793-d571-4c28-bf30-6aaa45a86ced'), UUID('1cc025de-cff6-4faa-9e87-a9f089fc69dc'), None)
2026-03-25 07:50:25,722 - sqlalchemy.engine.Engine - INFO - INSERT INTO regions (zone_id, region_name, notes, status, id, org_id, created_by) VALUES ($1::UUID, $2::VARCHAR, $3::VARCHAR, $4, $5::UUID, $6::UUID, $7::UUID), ($8::UUID, $9::VARCHAR, $10::VARCHAR, $11, $12::UUID, $13::UUID, $14::UUID) RETURNING regions.created_at, regions.updated_at, regions.id
2026-03-25 07:50:25,723 - sqlalchemy.engine.Engine - INFO - [cached since 0.01987s ago (insertmanyvalues) 1/1 (ordered)] (UUID('2572b6ff-ef23-4d74-a80c-d01dd1282de6'), 'Dar es Salaam', 'Dar es Salaam region - Zone 3', 'ACTIVE', UUID('2440e041-6b78-4fd3-b11a-3ff6f3a003cc'), UUID('1cc025de-cff6-4faa-9e87-a9f089fc69dc'), None, UUID('2572b6ff-ef23-4d74-a80c-d01dd1282de6'), 'Karatu', 'Karatu region - Zone 3', 'ACTIVE', UUID('a851445a-d730-4c35-93f9-f6cca505e188'), UUID('1cc025de-cff6-4faa-9e87-a9f089fc69dc'), None)
2026-03-25 07:50:25,725 - sqlalchemy.engine.Engine - INFO - COMMIT
INFO:     Application startup complete.
INFO:     Uvicorn running on http://127.0.0.1:8001 (Press CTRL+C to quit)
2026-03-25 07:50:42,586 - sqlalchemy.engine.Engine - INFO - BEGIN (implicit)
2026-03-25 07:50:42,592 - sqlalchemy.engine.Engine - INFO - SELECT users.email, users.password_hash, users.first_name, users.last_name, users.role, users.is_active, users.last_login, users.employee_id, users.id, users.org_id, users.created_at, users.updated_at, users.created_by 
FROM users 
WHERE users.email = $1::VARCHAR
2026-03-25 07:50:42,593 - sqlalchemy.engine.Engine - INFO - [generated in 0.00135s] ('admin@securityops.com',)
2026-03-25 07:50:42,612 - passlib.handlers.bcrypt - WARNING - (trapped) error reading bcrypt version
Traceback (most recent call last):
  File "C:\Users\LENOVO\AppData\Local\Packages\PythonSoftwareFoundation.Python.3.13_qbz5n2kfra8p0\LocalCache\local-packages\Python313\site-packages\passlib\handlers\bcrypt.py", line 620, in _load_backend_mixin
    version = _bcrypt.__about__.__version__
              ^^^^^^^^^^^^^^^^^
AttributeError: module 'bcrypt' has no attribute '__about__'
2026-03-25 07:50:43,112 - sqlalchemy.engine.Engine - INFO - SELECT organizations.name, organizations.slug, organizations.logo_url, organizations.accent_color, organizations.address, organizations.phone, organizations.email, organizations.website, organizations.is_active, organizations.bank_details, organizations.id, organizations.org_id, organizations.created_at, organizations.updated_at, organizations.created_by 
FROM organizations 
WHERE organizations.id = $1::UUID
2026-03-25 07:50:43,118 - sqlalchemy.engine.Engine - INFO - [generated in 0.00649s] (UUID('1cc025de-cff6-4faa-9e87-a9f089fc69dc'),)
2026-03-25 07:50:43,138 - sqlalchemy.engine.Engine - INFO - UPDATE users SET last_login=$1::TIMESTAMP WITH TIME ZONE, updated_at=now() WHERE users.id = $2::UUID
2026-03-25 07:50:43,139 - sqlalchemy.engine.Engine - INFO - [generated in 0.00134s] (datetime.datetime(2026, 3, 25, 4, 50, 43, 134676, tzinfo=datetime.timezone.utc), UUID('67fed50e-6f4e-4866-b30f-64774f252eee'))
2026-03-25 07:50:43,145 - sqlalchemy.engine.Engine - INFO - INSERT INTO refresh_tokens (user_id, token, expires_at, is_revoked, id, org_id, created_by) VALUES ($1::UUID, $2::VARCHAR, $3::TIMESTAMP WITH TIME ZONE, $4::BOOLEAN, $5::UUID, $6::UUID, $7::UUID) RETURNING refresh_tokens.created_at, refresh_tokens.updated_at
2026-03-25 07:50:43,146 - sqlalchemy.engine.Engine - INFO - [generated in 0.00125s] (UUID('67fed50e-6f4e-4866-b30f-64774f252eee'), 'eyJhbGciOiJIUzI1NiIsInR5cCI6IkpXVCJ9.eyJzdWIiOiI2N2ZlZDUwZS02ZjRlLTQ4NjYtYjMwZi02NDc3NGYyNTJlZWUiLCJlbWFpbCI6ImFkbWluQHNlY3VyaXR5b3BzLmNvbSIsIm9yZ19p ... (17 characters truncated) ... WNmZjYtNGZhYS05ZTg3LWE5ZjA4OWZjNjlkYyIsInJvbGUiOiJhZG1pbiIsImV4cCI6MTc3NTAxOTA0MywidHlwZSI6InJlZnJlc2gifQ.wORsdxFTjYbEI3qVMauYyo9dvQiHiFxPrEwMSowIcGg', datetime.datetime(2026, 4, 1, 4, 50, 43, 134470, tzinfo=datetime.timezone.utc), False, UUID('78ace52a-e855-4cd7-b68b-3fcc72c2b34b'), UUID('1cc025de-cff6-4faa-9e87-a9f089fc69dc'), None)
2026-03-25 07:50:43,155 - sqlalchemy.engine.Engine - INFO - COMMIT
2026-03-25 07:50:43,160 - sqlalchemy.engine.Engine - INFO - BEGIN (implicit)
2026-03-25 07:50:43,162 - sqlalchemy.engine.Engine - INFO - SELECT users.email, users.password_hash, users.first_name, users.last_name, users.role, users.is_active, users.last_login, users.employee_id, users.id, users.org_id, users.created_at, users.updated_at, users.created_by 
FROM users 
WHERE users.id = $1::UUID
2026-03-25 07:50:43,163 - sqlalchemy.engine.Engine - INFO - [generated in 0.00084s] (UUID('67fed50e-6f4e-4866-b30f-64774f252eee'),)
2026-03-25 07:50:43,167 - sqlalchemy.engine.Engine - INFO - COMMIT
2026-03-25 07:50:43,269 - sqlalchemy.engine.Engine - INFO - BEGIN (implicit)
2026-03-25 07:50:43,272 - sqlalchemy.engine.Engine - INFO - SELECT zones.zone_name, zones.notes, zones.status, zones.id, zones.org_id, zones.created_at, zones.updated_at, zones.created_by 
FROM zones 
WHERE zones.org_id = $1::UUID AND zones.status = $2 ORDER BY zones.zone_name
2026-03-25 07:50:43,272 - sqlalchemy.engine.Engine - INFO - [generated in 0.00094s] (UUID('1cc025de-cff6-4faa-9e87-a9f089fc69dc'), 'ACTIVE')
2026-03-25 07:50:43,278 - sqlalchemy.engine.Engine - INFO - SELECT regions.id 
FROM regions 
WHERE regions.zone_id = $1::UUID AND regions.org_id = $2::UUID
2026-03-25 07:50:43,279 - sqlalchemy.engine.Engine - INFO - [generated in 0.00089s] (UUID('4ec3956d-5224-4c52-8cce-0b39eaa00129'), UUID('1cc025de-cff6-4faa-9e87-a9f089fc69dc'))
2026-03-25 07:50:43,284 - sqlalchemy.engine.Engine - INFO - SELECT count(*) AS count_1 
FROM employees 
WHERE employees.region_id IN ($2::UUID, $3::UUID, $4::UUID) AND employees.org_id = $1::UUID
2026-03-25 07:50:43,285 - sqlalchemy.engine.Engine - INFO - [generated in 0.00102s] (UUID('1cc025de-cff6-4faa-9e87-a9f089fc69dc'), UUID('1b451b25-1e44-4b38-810a-b78e36ea3ef4'), UUID('e52e86cf-9c40-4858-b6f6-b33b8ef402da'), UUID('7f2c0ffc-9b7b-4f54-8a66-563461fb3149'))
2026-03-25 07:50:43,289 - sqlalchemy.engine.Engine - INFO - SELECT count(*) AS count_1 
FROM sites 
WHERE sites.region_id IN ($2::UUID, $3::UUID, $4::UUID) AND sites.org_id = $1::UUID
2026-03-25 07:50:43,290 - sqlalchemy.engine.Engine - INFO - [generated in 0.00128s] (UUID('1cc025de-cff6-4faa-9e87-a9f089fc69dc'), UUID('1b451b25-1e44-4b38-810a-b78e36ea3ef4'), UUID('e52e86cf-9c40-4858-b6f6-b33b8ef402da'), UUID('7f2c0ffc-9b7b-4f54-8a66-563461fb3149'))
2026-03-25 07:50:43,299 - sqlalchemy.engine.Engine - INFO - SELECT zone_managers.zone_id, zone_managers.employee_id, zone_managers.assigned_date, zone_managers.end_date, zone_managers.active, zone_managers.id, zone_managers.org_id, zone_managers.created_at, zone_managers.updated_at, zone_managers.created_by, employees.employee_id AS employee_id_1, employees.guard_no, employees.profile_photo, employees.first_name, employees.middle_name, employees.last_name, employees.gender, employees.date_of_birth, employees.marital_status, employees.nationality, employees.nin, employees.phone_1, employees.phone_2, employees.email, employees.physical_address, employees.region, employees.region_id, employees.postal_address, employees.education_background, employees.job_title, employees.employment_status, employees.hire_date, employees.termination_date, employees.notes, employees.id AS id_1, employees.org_id AS org_id_1, employees.created_at AS created_at_1, employees.updated_at AS updated_at_1, employees.created_by AS created_by_1 
FROM zone_managers JOIN employees ON zone_managers.employee_id = employees.id 
WHERE zone_managers.zone_id = $1::UUID
2026-03-25 07:50:43,300 - sqlalchemy.engine.Engine - INFO - [generated in 0.00099s] (UUID('4ec3956d-5224-4c52-8cce-0b39eaa00129'),)
2026-03-25 07:50:43,302 - sqlalchemy.engine.Engine - INFO - ROLLBACK
ERROR:    Exception in ASGI application
Traceback (most recent call last):
  File "C:\Users\LENOVO\AppData\Local\Packages\PythonSoftwareFoundation.Python.3.13_qbz5n2kfra8p0\LocalCache\local-packages\Python313\site-packages\sqlalchemy\dialects\postgresql\asyncpg.py", line 526, in _prepare_and_execute
    prepared_stmt, attributes = await adapt_connection._prepare(
                                ^^^^^^^^^^^^^^^^^^^^^^^^^^^^^^^^
        operation, self._invalidate_schema_cache_asof
        ^^^^^^^^^^^^^^^^^^^^^^^^^^^^^^^^^^^^^^^^^^^^^
    )
    ^
  File "C:\Users\LENOVO\AppData\Local\Packages\PythonSoftwareFoundation.Python.3.13_qbz5n2kfra8p0\LocalCache\local-packages\Python313\site-packages\sqlalchemy\dialects\postgresql\asyncpg.py", line 773, in _prepare
    prepared_stmt = await self._connection.prepare(
                    ^^^^^^^^^^^^^^^^^^^^^^^^^^^^^^^
        operation, name=self._prepared_statement_name_func()
        ^^^^^^^^^^^^^^^^^^^^^^^^^^^^^^^^^^^^^^^^^^^^^^^^^^^^
    )
    ^
  File "C:\Users\LENOVO\AppData\Local\Packages\PythonSoftwareFoundation.Python.3.13_qbz5n2kfra8p0\LocalCache\local-packages\Python313\site-packages\asyncpg\connection.py", line 638, in prepare
    return await self._prepare(
           ^^^^^^^^^^^^^^^^^^^^
    ...<4 lines>...
    )
    ^
  File "C:\Users\LENOVO\AppData\Local\Packages\PythonSoftwareFoundation.Python.3.13_qbz5n2kfra8p0\LocalCache\local-packages\Python313\site-packages\asyncpg\connection.py", line 657, in _prepare
    stmt = await self._get_statement(
           ^^^^^^^^^^^^^^^^^^^^^^^^^^
    ...<5 lines>...
    )
    ^
  File "C:\Users\LENOVO\AppData\Local\Packages\PythonSoftwareFoundation.Python.3.13_qbz5n2kfra8p0\LocalCache\local-packages\Python313\site-packages\asyncpg\connection.py", line 443, in _get_statement
    statement = await self._protocol.prepare(
                ^^^^^^^^^^^^^^^^^^^^^^^^^^^^^
    ...<5 lines>...
    )
    ^
  File "asyncpg/protocol/protocol.pyx", line 165, in prepare
asyncpg.exceptions.UndefinedColumnError: column employees.region does not exist
HINT:  Perhaps you meant to reference the column "employees.region_id".

The above exception was the direct cause of the following exception:

Traceback (most recent call last):
  File "C:\Users\LENOVO\AppData\Local\Packages\PythonSoftwareFoundation.Python.3.13_qbz5n2kfra8p0\LocalCache\local-packages\Python313\site-packages\sqlalchemy\engine\base.py", line 1967, in _exec_single_context
    self.dialect.do_execute(
    ~~~~~~~~~~~~~~~~~~~~~~~^
        cursor, str_statement, effective_parameters, context
        ^^^^^^^^^^^^^^^^^^^^^^^^^^^^^^^^^^^^^^^^^^^^^^^^^^^^
    )
    ^
  File "C:\Users\LENOVO\AppData\Local\Packages\PythonSoftwareFoundation.Python.3.13_qbz5n2kfra8p0\LocalCache\local-packages\Python313\site-packages\sqlalchemy\engine\default.py", line 952, in do_execute
    cursor.execute(statement, parameters)
    ~~~~~~~~~~~~~~^^^^^^^^^^^^^^^^^^^^^^^
  File "C:\Users\LENOVO\AppData\Local\Packages\PythonSoftwareFoundation.Python.3.13_qbz5n2kfra8p0\LocalCache\local-packages\Python313\site-packages\sqlalchemy\dialects\postgresql\asyncpg.py", line 585, in execute
    self._adapt_connection.await_(
    ~~~~~~~~~~~~~~~~~~~~~~~~~~~~~^
        self._prepare_and_execute(operation, parameters)
        ^^^^^^^^^^^^^^^^^^^^^^^^^^^^^^^^^^^^^^^^^^^^^^^^
    )
    ^
  File "C:\Users\LENOVO\AppData\Local\Packages\PythonSoftwareFoundation.Python.3.13_qbz5n2kfra8p0\LocalCache\local-packages\Python313\site-packages\sqlalchemy\util\_concurrency_py3k.py", line 132, in await_only
    return current.parent.switch(awaitable)  # type: ignore[no-any-return,attr-defined] # noqa: E501
           ~~~~~~~~~~~~~~~~~~~~~^^^^^^^^^^^
  File "C:\Users\LENOVO\AppData\Local\Packages\PythonSoftwareFoundation.Python.3.13_qbz5n2kfra8p0\LocalCache\local-packages\Python313\site-packages\sqlalchemy\util\_concurrency_py3k.py", line 196, in greenlet_spawn
    value = await result
            ^^^^^^^^^^^^
  File "C:\Users\LENOVO\AppData\Local\Packages\PythonSoftwareFoundation.Python.3.13_qbz5n2kfra8p0\LocalCache\local-packages\Python313\site-packages\sqlalchemy\dialects\postgresql\asyncpg.py", line 563, in _prepare_and_execute
    self._handle_exception(error)
    ~~~~~~~~~~~~~~~~~~~~~~^^^^^^^
  File "C:\Users\LENOVO\AppData\Local\Packages\PythonSoftwareFoundation.Python.3.13_qbz5n2kfra8p0\LocalCache\local-packages\Python313\site-packages\sqlalchemy\dialects\postgresql\asyncpg.py", line 513, in _handle_exception
    self._adapt_connection._handle_exception(error)
    ~~~~~~~~~~~~~~~~~~~~~~~~~~~~~~~~~~~~~~~~^^^^^^^
  File "C:\Users\LENOVO\AppData\Local\Packages\PythonSoftwareFoundation.Python.3.13_qbz5n2kfra8p0\LocalCache\local-packages\Python313\site-packages\sqlalchemy\dialects\postgresql\asyncpg.py", line 797, in _handle_exception
    raise translated_error from error
sqlalchemy.dialects.postgresql.asyncpg.AsyncAdapt_asyncpg_dbapi.ProgrammingError: <class 'asyncpg.exceptions.UndefinedColumnError'>: column employees.region does not exist
HINT:  Perhaps you meant to reference the column "employees.region_id".

The above exception was the direct cause of the following exception:

Traceback (most recent call last):
  File "C:\Users\LENOVO\AppData\Local\Packages\PythonSoftwareFoundation.Python.3.13_qbz5n2kfra8p0\LocalCache\local-packages\Python313\site-packages\uvicorn\protocols\http\httptools_impl.py", line 426, in run_asgi
    result = await app(  # type: ignore[func-returns-value]
             ^^^^^^^^^^^^^^^^^^^^^^^^^^^^^^^^^^^^^^^^^^^^^^
        self.scope, self.receive, self.send
        ^^^^^^^^^^^^^^^^^^^^^^^^^^^^^^^^^^^
    )
    ^
  File "C:\Users\LENOVO\AppData\Local\Packages\PythonSoftwareFoundation.Python.3.13_qbz5n2kfra8p0\LocalCache\local-packages\Python313\site-packages\uvicorn\middleware\proxy_headers.py", line 84, in __call__
    return await self.app(scope, receive, send)
           ^^^^^^^^^^^^^^^^^^^^^^^^^^^^^^^^^^^^
  File "C:\Users\LENOVO\AppData\Local\Packages\PythonSoftwareFoundation.Python.3.13_qbz5n2kfra8p0\LocalCache\local-packages\Python313\site-packages\fastapi\applications.py", line 1054, in __call__
    await super().__call__(scope, receive, send)
  File "C:\Users\LENOVO\AppData\Local\Packages\PythonSoftwareFoundation.Python.3.13_qbz5n2kfra8p0\LocalCache\local-packages\Python313\site-packages\starlette\applications.py", line 123, in __call__
    await self.middleware_stack(scope, receive, send)
  File "C:\Users\LENOVO\AppData\Local\Packages\PythonSoftwareFoundation.Python.3.13_qbz5n2kfra8p0\LocalCache\local-packages\Python313\site-packages\starlette\middleware\errors.py", line 186, in __call__
    raise exc
  File "C:\Users\LENOVO\AppData\Local\Packages\PythonSoftwareFoundation.Python.3.13_qbz5n2kfra8p0\LocalCache\local-packages\Python313\site-packages\starlette\middleware\errors.py", line 164, in __call__
    await self.app(scope, receive, _send)
  File "C:\Users\LENOVO\AppData\Local\Packages\PythonSoftwareFoundation.Python.3.13_qbz5n2kfra8p0\LocalCache\local-packages\Python313\site-packages\starlette\middleware\cors.py", line 85, in __call__
    await self.app(scope, receive, send)
  File "C:\Users\LENOVO\AppData\Local\Packages\PythonSoftwareFoundation.Python.3.13_qbz5n2kfra8p0\LocalCache\local-packages\Python313\site-packages\starlette\middleware\exceptions.py", line 65, in __call__
    await wrap_app_handling_exceptions(self.app, conn)(scope, receive, send)
  File "C:\Users\LENOVO\AppData\Local\Packages\PythonSoftwareFoundation.Python.3.13_qbz5n2kfra8p0\LocalCache\local-packages\Python313\site-packages\starlette\_exception_handler.py", line 64, in wrapped_app
    raise exc
  File "C:\Users\LENOVO\AppData\Local\Packages\PythonSoftwareFoundation.Python.3.13_qbz5n2kfra8p0\LocalCache\local-packages\Python313\site-packages\starlette\_exception_handler.py", line 53, in wrapped_app
    await app(scope, receive, sender)
  File "C:\Users\LENOVO\AppData\Local\Packages\PythonSoftwareFoundation.Python.3.13_qbz5n2kfra8p0\LocalCache\local-packages\Python313\site-packages\starlette\routing.py", line 756, in __call__
    await self.middleware_stack(scope, receive, send)
  File "C:\Users\LENOVO\AppData\Local\Packages\PythonSoftwareFoundation.Python.3.13_qbz5n2kfra8p0\LocalCache\local-packages\Python313\site-packages\starlette\routing.py", line 776, in app
    await route.handle(scope, receive, send)
  File "C:\Users\LENOVO\AppData\Local\Packages\PythonSoftwareFoundation.Python.3.13_qbz5n2kfra8p0\LocalCache\local-packages\Python313\site-packages\starlette\routing.py", line 297, in handle
    await self.app(scope, receive, send)
  File "C:\Users\LENOVO\AppData\Local\Packages\PythonSoftwareFoundation.Python.3.13_qbz5n2kfra8p0\LocalCache\local-packages\Python313\site-packages\starlette\routing.py", line 77, in app
    await wrap_app_handling_exceptions(app, request)(scope, receive, send)
  File "C:\Users\LENOVO\AppData\Local\Packages\PythonSoftwareFoundation.Python.3.13_qbz5n2kfra8p0\LocalCache\local-packages\Python313\site-packages\starlette\_exception_handler.py", line 64, in wrapped_app
    raise exc
  File "C:\Users\LENOVO\AppData\Local\Packages\PythonSoftwareFoundation.Python.3.13_qbz5n2kfra8p0\LocalCache\local-packages\Python313\site-packages\starlette\_exception_handler.py", line 53, in wrapped_app
    await app(scope, receive, sender)
  File "C:\Users\LENOVO\AppData\Local\Packages\PythonSoftwareFoundation.Python.3.13_qbz5n2kfra8p0\LocalCache\local-packages\Python313\site-packages\starlette\routing.py", line 72, in app
    response = await func(request)
               ^^^^^^^^^^^^^^^^^^^
  File "C:\Users\LENOVO\AppData\Local\Packages\PythonSoftwareFoundation.Python.3.13_qbz5n2kfra8p0\LocalCache\local-packages\Python313\site-packages\fastapi\routing.py", line 278, in app
    raw_response = await run_endpoint_function(
                   ^^^^^^^^^^^^^^^^^^^^^^^^^^^^
        dependant=dependant, values=values, is_coroutine=is_coroutine
        ^^^^^^^^^^^^^^^^^^^^^^^^^^^^^^^^^^^^^^^^^^^^^^^^^^^^^^^^^^^^^
    )
    ^
  File "C:\Users\LENOVO\AppData\Local\Packages\PythonSoftwareFoundation.Python.3.13_qbz5n2kfra8p0\LocalCache\local-packages\Python313\site-packages\fastapi\routing.py", line 191, in run_endpoint_function
    return await dependant.call(**values)
           ^^^^^^^^^^^^^^^^^^^^^^^^^^^^^^
  File "C:\Users\LENOVO\Documents\PROGRAMMING\SRCOps\SecurityPro\backend\routers\zones.py", line 141, in list_zones
    return [await _build_zone_response(z, org_id, db) for z in zones]
            ^^^^^^^^^^^^^^^^^^^^^^^^^^^^^^^^^^^^^^^^^
  File "C:\Users\LENOVO\Documents\PROGRAMMING\SRCOps\SecurityPro\backend\routers\zones.py", line 101, in _build_zone_response
    managers_result = await db.execute(
                      ^^^^^^^^^^^^^^^^^
    ...<3 lines>...
    )
    ^
  File "C:\Users\LENOVO\AppData\Local\Packages\PythonSoftwareFoundation.Python.3.13_qbz5n2kfra8p0\LocalCache\local-packages\Python313\site-packages\sqlalchemy\ext\asyncio\session.py", line 449, in execute
    result = await greenlet_spawn(
             ^^^^^^^^^^^^^^^^^^^^^
    ...<6 lines>...
    )
    ^
  File "C:\Users\LENOVO\AppData\Local\Packages\PythonSoftwareFoundation.Python.3.13_qbz5n2kfra8p0\LocalCache\local-packages\Python313\site-packages\sqlalchemy\util\_concurrency_py3k.py", line 201, in greenlet_spawn
    result = context.throw(*sys.exc_info())
  File "C:\Users\LENOVO\AppData\Local\Packages\PythonSoftwareFoundation.Python.3.13_qbz5n2kfra8p0\LocalCache\local-packages\Python313\site-packages\sqlalchemy\orm\session.py", line 2351, in execute
    return self._execute_internal(
           ~~~~~~~~~~~~~~~~~~~~~~^
        statement,
        ^^^^^^^^^^
    ...<4 lines>...
        _add_event=_add_event,
        ^^^^^^^^^^^^^^^^^^^^^^
    )
    ^
  File "C:\Users\LENOVO\AppData\Local\Packages\PythonSoftwareFoundation.Python.3.13_qbz5n2kfra8p0\LocalCache\local-packages\Python313\site-packages\sqlalchemy\orm\session.py", line 2249, in _execute_internal
    result: Result[Any] = compile_state_cls.orm_execute_statement(
                          ~~~~~~~~~~~~~~~~~~~~~~~~~~~~~~~~~~~~~~~^
        self,
        ^^^^^
    ...<4 lines>...
        conn,
        ^^^^^
    )
    ^
  File "C:\Users\LENOVO\AppData\Local\Packages\PythonSoftwareFoundation.Python.3.13_qbz5n2kfra8p0\LocalCache\local-packages\Python313\site-packages\sqlalchemy\orm\context.py", line 306, in orm_execute_statement
    result = conn.execute(
        statement, params or {}, execution_options=execution_options
    )
  File "C:\Users\LENOVO\AppData\Local\Packages\PythonSoftwareFoundation.Python.3.13_qbz5n2kfra8p0\LocalCache\local-packages\Python313\site-packages\sqlalchemy\engine\base.py", line 1419, in execute
    return meth(
        self,
        distilled_parameters,
        execution_options or NO_OPTIONS,
    )
  File "C:\Users\LENOVO\AppData\Local\Packages\PythonSoftwareFoundation.Python.3.13_qbz5n2kfra8p0\LocalCache\local-packages\Python313\site-packages\sqlalchemy\sql\elements.py", line 527, in _execute_on_connection
    return connection._execute_clauseelement(
           ~~~~~~~~~~~~~~~~~~~~~~~~~~~~~~~~~^
        self, distilled_params, execution_options
        ^^^^^^^^^^^^^^^^^^^^^^^^^^^^^^^^^^^^^^^^^
    )
    ^
  File "C:\Users\LENOVO\AppData\Local\Packages\PythonSoftwareFoundation.Python.3.13_qbz5n2kfra8p0\LocalCache\local-packages\Python313\site-packages\sqlalchemy\engine\base.py", line 1641, in _execute_clauseelement
    ret = self._execute_context(
        dialect,
    ...<8 lines>...
        cache_hit=cache_hit,
    )
  File "C:\Users\LENOVO\AppData\Local\Packages\PythonSoftwareFoundation.Python.3.13_qbz5n2kfra8p0\LocalCache\local-packages\Python313\site-packages\sqlalchemy\engine\base.py", line 1846, in _execute_context
    return self._exec_single_context(
           ~~~~~~~~~~~~~~~~~~~~~~~~~^
        dialect, context, statement, parameters
        ^^^^^^^^^^^^^^^^^^^^^^^^^^^^^^^^^^^^^^^
    )
    ^
  File "C:\Users\LENOVO\AppData\Local\Packages\PythonSoftwareFoundation.Python.3.13_qbz5n2kfra8p0\LocalCache\local-packages\Python313\site-packages\sqlalchemy\engine\base.py", line 1986, in _exec_single_context
    self._handle_dbapi_exception(
    ~~~~~~~~~~~~~~~~~~~~~~~~~~~~^
        e, str_statement, effective_parameters, cursor, context
        ^^^^^^^^^^^^^^^^^^^^^^^^^^^^^^^^^^^^^^^^^^^^^^^^^^^^^^^
    )
    ^
  File "C:\Users\LENOVO\AppData\Local\Packages\PythonSoftwareFoundation.Python.3.13_qbz5n2kfra8p0\LocalCache\local-packages\Python313\site-packages\sqlalchemy\engine\base.py", line 2363, in _handle_dbapi_exception
    raise sqlalchemy_exception.with_traceback(exc_info[2]) from e
  File "C:\Users\LENOVO\AppData\Local\Packages\PythonSoftwareFoundation.Python.3.13_qbz5n2kfra8p0\LocalCache\local-packages\Python313\site-packages\sqlalchemy\engine\base.py", line 1967, in _exec_single_context
    self.dialect.do_execute(
    ~~~~~~~~~~~~~~~~~~~~~~~^
        cursor, str_statement, effective_parameters, context
        ^^^^^^^^^^^^^^^^^^^^^^^^^^^^^^^^^^^^^^^^^^^^^^^^^^^^
    )
    ^
  File "C:\Users\LENOVO\AppData\Local\Packages\PythonSoftwareFoundation.Python.3.13_qbz5n2kfra8p0\LocalCache\local-packages\Python313\site-packages\sqlalchemy\engine\default.py", line 952, in do_execute
    cursor.execute(statement, parameters)
    ~~~~~~~~~~~~~~^^^^^^^^^^^^^^^^^^^^^^^
  File "C:\Users\LENOVO\AppData\Local\Packages\PythonSoftwareFoundation.Python.3.13_qbz5n2kfra8p0\LocalCache\local-packages\Python313\site-packages\sqlalchemy\dialects\postgresql\asyncpg.py", line 585, in execute
    self._adapt_connection.await_(
    ~~~~~~~~~~~~~~~~~~~~~~~~~~~~~^
        self._prepare_and_execute(operation, parameters)
        ^^^^^^^^^^^^^^^^^^^^^^^^^^^^^^^^^^^^^^^^^^^^^^^^
    )
    ^
  File "C:\Users\LENOVO\AppData\Local\Packages\PythonSoftwareFoundation.Python.3.13_qbz5n2kfra8p0\LocalCache\local-packages\Python313\site-packages\sqlalchemy\util\_concurrency_py3k.py", line 132, in await_only
    return current.parent.switch(awaitable)  # type: ignore[no-any-return,attr-defined] # noqa: E501
           ~~~~~~~~~~~~~~~~~~~~~^^^^^^^^^^^
  File "C:\Users\LENOVO\AppData\Local\Packages\PythonSoftwareFoundation.Python.3.13_qbz5n2kfra8p0\LocalCache\local-packages\Python313\site-packages\sqlalchemy\util\_concurrency_py3k.py", line 196, in greenlet_spawn
    value = await result
            ^^^^^^^^^^^^
  File "C:\Users\LENOVO\AppData\Local\Packages\PythonSoftwareFoundation.Python.3.13_qbz5n2kfra8p0\LocalCache\local-packages\Python313\site-packages\sqlalchemy\dialects\postgresql\asyncpg.py", line 563, in _prepare_and_execute
    self._handle_exception(error)
    ~~~~~~~~~~~~~~~~~~~~~~^^^^^^^
  File "C:\Users\LENOVO\AppData\Local\Packages\PythonSoftwareFoundation.Python.3.13_qbz5n2kfra8p0\LocalCache\local-packages\Python313\site-packages\sqlalchemy\dialects\postgresql\asyncpg.py", line 513, in _handle_exception
    self._adapt_connection._handle_exception(error)
    ~~~~~~~~~~~~~~~~~~~~~~~~~~~~~~~~~~~~~~~~^^^^^^^
  File "C:\Users\LENOVO\AppData\Local\Packages\PythonSoftwareFoundation.Python.3.13_qbz5n2kfra8p0\LocalCache\local-packages\Python313\site-packages\sqlalchemy\dialects\postgresql\asyncpg.py", line 797, in _handle_exception
    raise translated_error from error
sqlalchemy.exc.ProgrammingError: (sqlalchemy.dialects.postgresql.asyncpg.ProgrammingError) <class 'asyncpg.exceptions.UndefinedColumnError'>: column employees.region does not exist
HINT:  Perhaps you meant to reference the column "employees.region_id".
[SQL: SELECT zone_managers.zone_id, zone_managers.employee_id, zone_managers.assigned_date, zone_managers.end_date, zone_managers.active, zone_managers.id, zone_managers.org_id, zone_managers.created_at, zone_managers.updated_at, zone_managers.created_by, employees.employee_id AS employee_id_1, employees.guard_no, employees.profile_photo, employees.first_name, employees.middle_name, employees.last_name, employees.gender, employees.date_of_birth, employees.marital_status, employees.nationality, employees.nin, employees.phone_1, employees.phone_2, employees.email, employees.physical_address, employees.region, employees.region_id, employees.postal_address, employees.education_background, employees.job_title, employees.employment_status, employees.hire_date, employees.termination_date, employees.notes, employees.id AS id_1, employees.org_id AS org_id_1, employees.created_at AS created_at_1, employees.updated_at AS updated_at_1, employees.created_by AS created_by_1 
FROM zone_managers JOIN employees ON zone_managers.employee_id = employees.id 
WHERE zone_managers.zone_id = $1::UUID]
[parameters: (UUID('4ec3956d-5224-4c52-8cce-0b39eaa00129'),)]
(Background on this error at: https://sqlalche.me/e/20/f405)
2026-03-25 07:51:01,421 - sqlalchemy.engine.Engine - INFO - BEGIN (implicit)
2026-03-25 07:51:01,422 - sqlalchemy.engine.Engine - INFO - SELECT users.email, users.password_hash, users.first_name, users.last_name, users.role, users.is_active, users.last_login, users.employee_id, users.id, users.org_id, users.created_at, users.updated_at, users.created_by 
FROM users 
WHERE users.email = $1::VARCHAR
2026-03-25 07:51:01,423 - sqlalchemy.engine.Engine - INFO - [cached since 18.83s ago] ('admin@securityops.com',)
2026-03-25 07:51:01,791 - sqlalchemy.engine.Engine - INFO - SELECT organizations.name, organizations.slug, organizations.logo_url, organizations.accent_color, organizations.address, organizations.phone, organizations.email, organizations.website, organizations.is_active, organizations.bank_details, organizations.id, organizations.org_id, organizations.created_at, organizations.updated_at, organizations.created_by 
FROM organizations 
WHERE organizations.id = $1::UUID
2026-03-25 07:51:01,792 - sqlalchemy.engine.Engine - INFO - [cached since 18.68s ago] (UUID('1cc025de-cff6-4faa-9e87-a9f089fc69dc'),)
2026-03-25 07:51:01,796 - sqlalchemy.engine.Engine - INFO - UPDATE users SET last_login=$1::TIMESTAMP WITH TIME ZONE, updated_at=now() WHERE users.id = $2::UUID
2026-03-25 07:51:01,797 - sqlalchemy.engine.Engine - INFO - [cached since 18.66s ago] (datetime.datetime(2026, 3, 25, 4, 51, 1, 795179, tzinfo=datetime.timezone.utc), UUID('67fed50e-6f4e-4866-b30f-64774f252eee'))
2026-03-25 07:51:01,799 - sqlalchemy.engine.Engine - INFO - INSERT INTO refresh_tokens (user_id, token, expires_at, is_revoked, id, org_id, created_by) VALUES ($1::UUID, $2::VARCHAR, $3::TIMESTAMP WITH TIME ZONE, $4::BOOLEAN, $5::UUID, $6::UUID, $7::UUID) RETURNING refresh_tokens.created_at, refresh_tokens.updated_at
2026-03-25 07:51:01,800 - sqlalchemy.engine.Engine - INFO - [cached since 18.66s ago] (UUID('67fed50e-6f4e-4866-b30f-64774f252eee'), 'eyJhbGciOiJIUzI1NiIsInR5cCI6IkpXVCJ9.eyJzdWIiOiI2N2ZlZDUwZS02ZjRlLTQ4NjYtYjMwZi02NDc3NGYyNTJlZWUiLCJlbWFpbCI6ImFkbWluQHNlY3VyaXR5b3BzLmNvbSIsIm9yZ19p ... (17 characters truncated) ... WNmZjYtNGZhYS05ZTg3LWE5ZjA4OWZjNjlkYyIsInJvbGUiOiJhZG1pbiIsImV4cCI6MTc3NTAxOTA2MSwidHlwZSI6InJlZnJlc2gifQ.DHPSf6Kd7f-_T0vzleKuv2f9BZpmV2zNHYa0z85cyvY', datetime.datetime(2026, 4, 1, 4, 51, 1, 795023, tzinfo=datetime.timezone.utc), False, UUID('3aad923a-660d-4996-a926-2261da8510d7'), UUID('1cc025de-cff6-4faa-9e87-a9f089fc69dc'), None)
2026-03-25 07:51:01,802 - sqlalchemy.engine.Engine - INFO - COMMIT
2026-03-25 07:51:01,806 - sqlalchemy.engine.Engine - INFO - BEGIN (implicit)
2026-03-25 07:51:01,807 - sqlalchemy.engine.Engine - INFO - SELECT users.email, users.password_hash, users.first_name, users.last_name, users.role, users.is_active, users.last_login, users.employee_id, users.id, users.org_id, users.created_at, users.updated_at, users.created_by 
FROM users 
WHERE users.id = $1::UUID
2026-03-25 07:51:01,809 - sqlalchemy.engine.Engine - INFO - [cached since 18.65s ago] (UUID('67fed50e-6f4e-4866-b30f-64774f252eee'),)
2026-03-25 07:51:01,812 - sqlalchemy.engine.Engine - INFO - COMMIT
