Starting database seeding...
2026-03-25 15:40:02,922 INFO sqlalchemy.engine.Engine select pg_catalog.version()
2026-03-25 15:40:02,923 INFO sqlalchemy.engine.Engine [raw sql] ()
2026-03-25 15:40:02,928 INFO sqlalchemy.engine.Engine select current_schema()
2026-03-25 15:40:02,930 INFO sqlalchemy.engine.Engine [raw sql] ()
2026-03-25 15:40:02,933 INFO sqlalchemy.engine.Engine show standard_conforming_strings
2026-03-25 15:40:02,934 INFO sqlalchemy.engine.Engine [raw sql] ()
2026-03-25 15:40:02,936 INFO sqlalchemy.engine.Engine BEGIN (implicit)
2026-03-25 15:40:03,080 INFO sqlalchemy.engine.Engine SELECT organizations.name, organizations.slug, organizations.logo_url, organizations.accent_color, organizations.address, organizations.phone, organizations.email, organizations.website, organizations.is_active, organizations.bank_details, organizations.id, organizations.org_id, organizations.created_at, organizations.updated_at, organizations.created_by 
FROM organizations 
WHERE organizations.slug = $1::VARCHAR
2026-03-25 15:40:03,081 INFO sqlalchemy.engine.Engine [generated in 0.00125s] ('secureops-demo',)
Organization already exists. Using existing organization...
Skipping organization and user creation (already exist)
2026-03-25 15:40:03,090 INFO sqlalchemy.engine.Engine SELECT zones.id 
FROM zones 
WHERE zones.org_id = $1::UUID 
 LIMIT $2::INTEGER
2026-03-25 15:40:03,091 INFO sqlalchemy.engine.Engine [generated in 0.00114s] (UUID('d74f54cd-0365-43f4-a9cc-a9a559761dd4'), 1)
Zones/regions already exist. Skipping geographic seed.

Database seeding complete!

Admin Login: admin@securityops.com
Password: Admin123!
2026-03-25 15:40:03,097 INFO sqlalchemy.engine.Engine ROLLBACK
2026-03-25 15:40:03,101 INFO sqlalchemy.engine.Engine BEGIN (implicit)
2026-03-25 15:40:03,106 INFO sqlalchemy.engine.Engine SELECT employee_contracts.employee_id, employee_contracts.contract_number, employee_contracts.contract_type, employee_contracts.start_date, employee_contracts.end_date, employee_contracts.duration_months, employee_contracts.probation_months, employee_contracts.salary_amount, employee_contracts.job_title_on_contract, employee_contracts.workstation_site, employee_contracts.signed_date, employee_contracts.employee_signed, employee_contracts.employer_signed, employee_contracts.contract_document_file, employee_contracts.notes, employee_contracts.status, employee_contracts.termination_reason, employee_contracts.termination_date, employee_contracts.terminated_by, employee_contracts.auto_expired, employee_contracts.superseded_by, employee_contracts.id, employee_contracts.org_id, employee_contracts.created_at, employee_contracts.updated_at, employee_contracts.created_by 
FROM employee_contracts 
WHERE employee_contracts.status = $1::contract_status AND employee_contracts.end_date < $2::DATE
2026-03-25 15:40:03,107 INFO sqlalchemy.engine.Engine [generated in 0.00125s] ('ACTIVE', datetime.date(2026, 3, 25))
2026-03-25 15:40:03,146 INFO sqlalchemy.engine.Engine COMMIT
2026-03-25 15:40:36,634 INFO sqlalchemy.engine.Engine BEGIN (implicit)
2026-03-25 15:40:36,640 INFO sqlalchemy.engine.Engine SELECT users.email, users.password_hash, users.first_name, users.last_name, users.role, users.is_active, users.last_login, users.employee_id, users.id, users.org_id, users.created_at, users.updated_at, users.created_by 
FROM users 
WHERE users.email = $1::VARCHAR
2026-03-25 15:40:36,641 INFO sqlalchemy.engine.Engine [generated in 0.00164s] ('admin@securityops.com',)
2026-03-25 15:40:37,164 INFO sqlalchemy.engine.Engine SELECT organizations.name, organizations.slug, organizations.logo_url, organizations.accent_color, organizations.address, organizations.phone, organizations.email, organizations.website, organizations.is_active, organizations.bank_details, organizations.id, organizations.org_id, organizations.created_at, organizations.updated_at, organizations.created_by 
FROM organizations 
WHERE organizations.id = $1::UUID
2026-03-25 15:40:37,165 INFO sqlalchemy.engine.Engine [generated in 0.00154s] (UUID('d74f54cd-0365-43f4-a9cc-a9a559761dd4'),)
2026-03-25 15:40:37,182 INFO sqlalchemy.engine.Engine UPDATE users SET last_login=$1::TIMESTAMP WITH TIME ZONE, updated_at=now() WHERE users.id = $2::UUID
2026-03-25 15:40:37,183 INFO sqlalchemy.engine.Engine [generated in 0.00168s] (datetime.datetime(2026, 3, 25, 12, 40, 37, 178787, tzinfo=datetime.timezone.utc), UUID('186a2c07-111c-4948-ada3-0868edcd6e95'))
2026-03-25 15:40:37,190 INFO sqlalchemy.engine.Engine INSERT INTO refresh_tokens (user_id, token, expires_at, is_revoked, id, org_id, created_by) VALUES ($1::UUID, $2::VARCHAR, $3::TIMESTAMP WITH TIME ZONE, $4::BOOLEAN, $5::UUID, $6::UUID, $7::UUID) RETURNING refresh_tokens.created_at, refresh_tokens.updated_at
2026-03-25 15:40:37,191 INFO sqlalchemy.engine.Engine [generated in 0.00170s] (UUID('186a2c07-111c-4948-ada3-0868edcd6e95'), 'eyJhbGciOiJIUzI1NiIsInR5cCI6IkpXVCJ9.eyJzdWIiOiIxODZhMmMwNy0xMTFjLTQ5NDgtYWRhMy0wODY4ZWRjZDZlOTUiLCJlbWFpbCI6ImFkbWluQHNlY3VyaXR5b3BzLmNvbSIsIm9yZ19p ... (17 characters truncated) ... TAzNjUtNDNmNC1hOWNjLWE5YTU1OTc2MWRkNCIsInJvbGUiOiJhZG1pbiIsImV4cCI6MTc3NTA0NzIzNywidHlwZSI6InJlZnJlc2gifQ.2B3SRxv3m4Lv5WBeSttPct0-NOnglYt-5sNWZxgEL-g', datetime.datetime(2026, 4, 1, 12, 40, 37, 178485, tzinfo=datetime.timezone.utc), False, UUID('e0044b87-8a0d-4c87-8122-61216d3e53fe'), UUID('d74f54cd-0365-43f4-a9cc-a9a559761dd4'), None)
2026-03-25 15:40:37,197 INFO sqlalchemy.engine.Engine COMMIT
2026-03-25 15:40:37,204 INFO sqlalchemy.engine.Engine BEGIN (implicit)
2026-03-25 15:40:37,209 INFO sqlalchemy.engine.Engine SELECT users.email, users.password_hash, users.first_name, users.last_name, users.role, users.is_active, users.last_login, users.employee_id, users.id, users.org_id, users.created_at, users.updated_at, users.created_by 
FROM users 
WHERE users.id = $1::UUID
2026-03-25 15:40:37,210 INFO sqlalchemy.engine.Engine [generated in 0.00178s] (UUID('186a2c07-111c-4948-ada3-0868edcd6e95'),)
2026-03-25 15:40:37,216 INFO sqlalchemy.engine.Engine COMMIT
INFO:     127.0.0.1:55397 - "POST /api/auth/login HTTP/1.1" 200 OK
2026-03-25 15:40:37,374 INFO sqlalchemy.engine.Engine BEGIN (implicit)
2026-03-25 15:40:37,381 INFO sqlalchemy.engine.Engine SELECT employees.employee_id, employees.guard_no, employees.profile_photo, employees.first_name, employees.middle_name, employees.last_name, employees.gender, employees.date_of_birth, employees.marital_status, employees.nationality, employees.nin, employees.phone_1, employees.phone_2, employees.email, employees.physical_address, employees.region, employees.region_id, employees.postal_address, employees.education_background, employees.job_title, employees.employment_status, employees.hire_date, employees.termination_date, employees.notes, employees.id, employees.org_id, employees.created_at, employees.updated_at, employees.created_by 
FROM employees 
WHERE employees.id = $1::UUID AND employees.org_id = $2::UUID
2026-03-25 15:40:37,382 INFO sqlalchemy.engine.Engine [generated in 0.00123s] (UUID('9667fedf-dfc4-4c5d-a7ac-45576460f074'), UUID('d74f54cd-0365-43f4-a9cc-a9a559761dd4'))
2026-03-25 15:40:37,419 INFO sqlalchemy.engine.Engine SELECT inventory_issuances.item_id, inventory_issuances.issued_to_type, inventory_issuances.issued_to_id, inventory_issuances.issued_to_name, inventory_issuances.quantity_issued, inventory_issuances.issue_date, inventory_issuances.expected_return_date, inventory_issuances.actual_return_date, inventory_issuances.quantity_returned, inventory_issuances.issue_condition, inventory_issuances.return_condition, inventory_issuances.issued_by, inventory_issuances.return_received_by, inventory_issuances.status, inventory_issuances.notes, inventory_issuances.id, inventory_issuances.org_id, inventory_issuances.created_at, inventory_issuances.updated_at, inventory_issuances.created_by 
FROM inventory_issuances 
WHERE inventory_issuances.org_id = $1::UUID AND inventory_issuances.issued_to_type = $2::VARCHAR AND inventory_issuances.issued_to_id = $3::UUID ORDER BY inventory_issuances.issue_date DESC, inventory_issuances.created_at DESC
2026-03-25 15:40:37,421 INFO sqlalchemy.engine.Engine [generated in 0.00138s] (UUID('d74f54cd-0365-43f4-a9cc-a9a559761dd4'), 'employee', UUID('9667fedf-dfc4-4c5d-a7ac-45576460f074'))
2026-03-25 15:40:37,433 INFO sqlalchemy.engine.Engine SELECT inventory_items.store_id, inventory_items.asset_type_id, inventory_items.item_name, inventory_items.description, inventory_items.unit_cost, inventory_items.current_count, inventory_items.issued_count, inventory_items.written_off_count, inventory_items.notes, inventory_items.status, inventory_items.id, inventory_items.org_id, inventory_items.created_at, inventory_items.updated_at, inventory_items.created_by 
FROM inventory_items 
WHERE inventory_items.id = $1::UUID
2026-03-25 15:40:37,434 INFO sqlalchemy.engine.Engine [generated in 0.00130s] (UUID('5ae28e59-619c-4baa-b8f1-a802f3d04e7e'),)
2026-03-25 15:40:37,444 INFO sqlalchemy.engine.Engine SELECT asset_types.type_name, asset_types.description, asset_types.is_custom, asset_types.status, asset_types.id, asset_types.org_id, asset_types.created_at, asset_types.updated_at, asset_types.created_by 
FROM asset_types 
WHERE asset_types.id = $1::UUID
2026-03-25 15:40:37,445 INFO sqlalchemy.engine.Engine [generated in 0.00114s] (UUID('b27a8c28-239d-4eee-8e06-8779f998d554'),)
2026-03-25 15:40:37,452 INFO sqlalchemy.engine.Engine SELECT inventory_items.store_id, inventory_items.asset_type_id, inventory_items.item_name, inventory_items.description, inventory_items.unit_cost, inventory_items.current_count, inventory_items.issued_count, inventory_items.written_off_count, inventory_items.notes, inventory_items.status, inventory_items.id, inventory_items.org_id, inventory_items.created_at, inventory_items.updated_at, inventory_items.created_by 
FROM inventory_items 
WHERE inventory_items.id = $1::UUID
2026-03-25 15:40:37,453 INFO sqlalchemy.engine.Engine [cached since 0.02024s ago] (UUID('50d95b7d-b5d4-4343-9959-9de643a583e2'),)
2026-03-25 15:40:37,455 INFO sqlalchemy.engine.Engine SELECT asset_types.type_name, asset_types.description, asset_types.is_custom, asset_types.status, asset_types.id, asset_types.org_id, asset_types.created_at, asset_types.updated_at, asset_types.created_by 
FROM asset_types 
WHERE asset_types.id = $1::UUID
2026-03-25 15:40:37,456 INFO sqlalchemy.engine.Engine [cached since 0.01257s ago] (UUID('c4c86540-bdcc-4e2e-ad19-b3b16f7e28f7'),)
2026-03-25 15:40:37,459 INFO sqlalchemy.engine.Engine COMMIT
INFO:     127.0.0.1:55399 - "GET /api/employees/9667fedf-dfc4-4c5d-a7ac-45576460f074/issued-assets HTTP/1.1" 200 OK
