INFO:     Started server process [26344]
INFO:     Waiting for application startup.
2026-03-25 09:26:25,702 - sqlalchemy.engine.Engine - INFO - select pg_catalog.version()
2026-03-25 09:26:25,705 - sqlalchemy.engine.Engine - INFO - [raw sql] ()
2026-03-25 09:26:25,708 - sqlalchemy.engine.Engine - INFO - select current_schema()
2026-03-25 09:26:25,709 - sqlalchemy.engine.Engine - INFO - [raw sql] ()
2026-03-25 09:26:25,712 - sqlalchemy.engine.Engine - INFO - show standard_conforming_strings
2026-03-25 09:26:25,713 - sqlalchemy.engine.Engine - INFO - [raw sql] ()
2026-03-25 09:26:25,715 - sqlalchemy.engine.Engine - INFO - BEGIN (implicit)
2026-03-25 09:26:25,806 - sqlalchemy.engine.Engine - INFO - SELECT organizations.name, organizations.slug, organizations.logo_url, organizations.accent_color, organizations.address, organizations.phone, organizations.email, organizations.website, organizations.is_active, organizations.bank_details, organizations.id, organizations.org_id, organizations.created_at, organizations.updated_at, organizations.created_by 
FROM organizations 
WHERE organizations.slug = $1::VARCHAR
2026-03-25 09:26:25,807 - sqlalchemy.engine.Engine - INFO - [generated in 0.00119s] ('secureops-demo',)
2026-03-25 09:26:25,815 - sqlalchemy.engine.Engine - INFO - SELECT zones.id 
FROM zones 
WHERE zones.org_id = $1::UUID 
 LIMIT $2::INTEGER
2026-03-25 09:26:25,816 - sqlalchemy.engine.Engine - INFO - [generated in 0.00123s] (UUID('325d99b7-66fb-4467-8fd6-41d83f15e237'), 1)
2026-03-25 09:26:25,821 - sqlalchemy.engine.Engine - INFO - ROLLBACK
INFO:     Application startup complete.
INFO:     Uvicorn running on http://127.0.0.1:8000 (Press CTRL+C to quit)
2026-03-25 09:26:46,226 - sqlalchemy.engine.Engine - INFO - BEGIN (implicit)
2026-03-25 09:26:46,228 - sqlalchemy.engine.Engine - INFO - SELECT users.email, users.password_hash, users.first_name, users.last_name, users.role, users.is_active, users.last_login, users.employee_id, users.id, users.org_id, users.created_at, users.updated_at, users.created_by 
FROM users 
WHERE users.email = $1::VARCHAR
2026-03-25 09:26:46,229 - sqlalchemy.engine.Engine - INFO - [generated in 0.00082s] ('admin@securityops.com',)
2026-03-25 09:26:46,251 - passlib.handlers.bcrypt - WARNING - (trapped) error reading bcrypt version
Traceback (most recent call last):
  File "C:\Users\LENOVO\AppData\Local\Packages\PythonSoftwareFoundation.Python.3.13_qbz5n2kfra8p0\LocalCache\local-packages\Python313\site-packages\passlib\handlers\bcrypt.py", line 620, in _load_backend_mixin
    version = _bcrypt.__about__.__version__
              ^^^^^^^^^^^^^^^^^
AttributeError: module 'bcrypt' has no attribute '__about__'
2026-03-25 09:26:46,505 - sqlalchemy.engine.Engine - INFO - SELECT organizations.name, organizations.slug, organizations.logo_url, organizations.accent_color, organizations.address, organizations.phone, organizations.email, organizations.website, organizations.is_active, organizations.bank_details, organizations.id, organizations.org_id, organizations.created_at, organizations.updated_at, organizations.created_by 
FROM organizations 
WHERE organizations.id = $1::UUID
2026-03-25 09:26:46,506 - sqlalchemy.engine.Engine - INFO - [generated in 0.00095s] (UUID('325d99b7-66fb-4467-8fd6-41d83f15e237'),)
2026-03-25 09:26:46,515 - sqlalchemy.engine.Engine - INFO - UPDATE users SET last_login=$1::TIMESTAMP WITH TIME ZONE, updated_at=now() WHERE users.id = $2::UUID
2026-03-25 09:26:46,516 - sqlalchemy.engine.Engine - INFO - [generated in 0.00090s] (datetime.datetime(2026, 3, 25, 6, 26, 46, 514154, tzinfo=datetime.timezone.utc), UUID('c623a1bd-4ac1-4e52-8461-8a8b38e07327'))
2026-03-25 09:26:46,520 - sqlalchemy.engine.Engine - INFO - INSERT INTO refresh_tokens (user_id, token, expires_at, is_revoked, id, org_id, created_by) VALUES ($1::UUID, $2::VARCHAR, $3::TIMESTAMP WITH TIME ZONE, $4::BOOLEAN, $5::UUID, $6::UUID, $7::UUID) RETURNING refresh_tokens.created_at, refresh_tokens.updated_at
2026-03-25 09:26:46,521 - sqlalchemy.engine.Engine - INFO - [generated in 0.00102s] (UUID('c623a1bd-4ac1-4e52-8461-8a8b38e07327'), 'eyJhbGciOiJIUzI1NiIsInR5cCI6IkpXVCJ9.eyJzdWIiOiJjNjIzYTFiZC00YWMxLTRlNTItODQ2MS04YThiMzhlMDczMjciLCJlbWFpbCI6ImFkbWluQHNlY3VyaXR5b3BzLmNvbSIsIm9yZ19p ... (17 characters truncated) ... TY2ZmItNDQ2Ny04ZmQ2LTQxZDgzZjE1ZTIzNyIsInJvbGUiOiJhZG1pbiIsImV4cCI6MTc3NTAyNDgwNiwidHlwZSI6InJlZnJlc2gifQ.Y2yqmrBqyoa3-nSW8TfiHW-IPbA8pBIE3H_in9Y_dxo', datetime.datetime(2026, 4, 1, 6, 26, 46, 514037, tzinfo=datetime.timezone.utc), False, UUID('0fe589d2-b602-46ae-a166-cd69bede1299'), UUID('325d99b7-66fb-4467-8fd6-41d83f15e237'), None)
2026-03-25 09:26:46,531 - sqlalchemy.engine.Engine - INFO - COMMIT
2026-03-25 09:26:46,536 - sqlalchemy.engine.Engine - INFO - BEGIN (implicit)
2026-03-25 09:26:46,538 - sqlalchemy.engine.Engine - INFO - SELECT users.email, users.password_hash, users.first_name, users.last_name, users.role, users.is_active, users.last_login, users.employee_id, users.id, users.org_id, users.created_at, users.updated_at, users.created_by 
FROM users 
WHERE users.id = $1::UUID
2026-03-25 09:26:46,538 - sqlalchemy.engine.Engine - INFO - [generated in 0.00070s] (UUID('c623a1bd-4ac1-4e52-8461-8a8b38e07327'),)
2026-03-25 09:26:46,540 - sqlalchemy.engine.Engine - INFO - COMMIT
2026-03-25 09:26:46,551 - sqlalchemy.engine.Engine - INFO - BEGIN (implicit)
2026-03-25 09:26:46,554 - sqlalchemy.engine.Engine - INFO - SELECT employees.employee_id, employees.guard_no, employees.profile_photo, employees.first_name, employees.middle_name, employees.last_name, employees.gender, employees.date_of_birth, employees.marital_status, employees.nationality, employees.nin, employees.phone_1, employees.phone_2, employees.email, employees.physical_address, employees.region, employees.region_id, employees.postal_address, employees.education_background, employees.job_title, employees.employment_status, employees.hire_date, employees.termination_date, employees.notes, employees.id, employees.org_id, employees.created_at, employees.updated_at, employees.created_by 
FROM employees 
WHERE employees.id = $1::UUID AND employees.org_id = $2::UUID
2026-03-25 09:26:46,555 - sqlalchemy.engine.Engine - INFO - [generated in 0.00069s] (UUID('53e6f459-0456-4eac-8973-838b580ba9e6'), UUID('325d99b7-66fb-4467-8fd6-41d83f15e237'))
2026-03-25 09:26:46,568 - sqlalchemy.engine.Engine - INFO - INSERT INTO employee_next_of_kin (employee_id, full_name, kin_relationship, phone_1, phone_2, address, occupation, id_type, id_number, id_softcopy_file, notes, id, org_id, created_by) VALUES ($1::UUID, $2::VARCHAR, $3, $4::VARCHAR, $5::VARCHAR, $6::VARCHAR, $7::VARCHAR, $8::id_type_nok, $9::VARCHAR, $10::VARCHAR, $11::VARCHAR, $12::UUID, $13::UUID, $14::UUID) RETURNING employee_next_of_kin.created_at, employee_next_of_kin.updated_at
2026-03-25 09:26:46,569 - sqlalchemy.engine.Engine - INFO - [generated in 0.00088s] (UUID('53e6f459-0456-4eac-8973-838b580ba9e6'), 'Kin Smoke 2', 'spouse', '0746000005', '0746000006', 'Mwanza City', 'Trader', 'VOTER_ID', 'KIN99999', None, 'smoke test 2', UUID('049e699f-359f-476e-b33b-6362d9d0a97b'), UUID('325d99b7-66fb-4467-8fd6-41d83f15e237'), UUID('c623a1bd-4ac1-4e52-8461-8a8b38e07327'))
2026-03-25 09:26:46,578 - sqlalchemy.engine.Engine - INFO - COMMIT
2026-03-25 09:26:46,581 - sqlalchemy.engine.Engine - INFO - BEGIN (implicit)
2026-03-25 09:26:46,583 - sqlalchemy.engine.Engine - INFO - SELECT employee_next_of_kin.employee_id, employee_next_of_kin.full_name, employee_next_of_kin.kin_relationship, employee_next_of_kin.phone_1, employee_next_of_kin.phone_2, employee_next_of_kin.address, employee_next_of_kin.occupation, employee_next_of_kin.id_type, employee_next_of_kin.id_number, employee_next_of_kin.id_softcopy_file, employee_next_of_kin.notes, employee_next_of_kin.id, employee_next_of_kin.org_id, employee_next_of_kin.created_at, employee_next_of_kin.updated_at, employee_next_of_kin.created_by 
FROM employee_next_of_kin 
WHERE employee_next_of_kin.id = $1::UUID
2026-03-25 09:26:46,584 - sqlalchemy.engine.Engine - INFO - [generated in 0.00081s] (UUID('049e699f-359f-476e-b33b-6362d9d0a97b'),)
2026-03-25 09:26:46,588 - sqlalchemy.engine.Engine - INFO - COMMIT
2026-03-25 09:26:46,594 - sqlalchemy.engine.Engine - INFO - BEGIN (implicit)
2026-03-25 09:26:46,596 - sqlalchemy.engine.Engine - INFO - SELECT employee_next_of_kin.employee_id, employee_next_of_kin.full_name, employee_next_of_kin.kin_relationship, employee_next_of_kin.phone_1, employee_next_of_kin.phone_2, employee_next_of_kin.address, employee_next_of_kin.occupation, employee_next_of_kin.id_type, employee_next_of_kin.id_number, employee_next_of_kin.id_softcopy_file, employee_next_of_kin.notes, employee_next_of_kin.id, employee_next_of_kin.org_id, employee_next_of_kin.created_at, employee_next_of_kin.updated_at, employee_next_of_kin.created_by 
FROM employee_next_of_kin 
WHERE employee_next_of_kin.employee_id = $1::UUID AND employee_next_of_kin.org_id = $2::UUID ORDER BY employee_next_of_kin.created_at DESC
2026-03-25 09:26:46,597 - sqlalchemy.engine.Engine - INFO - [generated in 0.00078s] (UUID('53e6f459-0456-4eac-8973-838b580ba9e6'), UUID('325d99b7-66fb-4467-8fd6-41d83f15e237'))
2026-03-25 09:26:46,599 - sqlalchemy.engine.Engine - INFO - COMMIT
2026-03-25 10:29:42,301 - sqlalchemy.engine.Engine - INFO - BEGIN (implicit)
2026-03-25 10:29:42,304 - sqlalchemy.engine.Engine - INFO - SELECT users.email, users.password_hash, users.first_name, users.last_name, users.role, users.is_active, users.last_login, users.employee_id, users.id, users.org_id, users.created_at, users.updated_at, users.created_by 
FROM users 
WHERE users.email = $1::VARCHAR
2026-03-25 10:29:42,305 - sqlalchemy.engine.Engine - INFO - [cached since 3776s ago] ('admin@securityops.com',)
2026-03-25 10:29:42,943 - sqlalchemy.engine.Engine - INFO - SELECT organizations.name, organizations.slug, organizations.logo_url, organizations.accent_color, organizations.address, organizations.phone, organizations.email, organizations.website, organizations.is_active, organizations.bank_details, organizations.id, organizations.org_id, organizations.created_at, organizations.updated_at, organizations.created_by 
FROM organizations 
WHERE organizations.id = $1::UUID
2026-03-25 10:29:42,945 - sqlalchemy.engine.Engine - INFO - [cached since 3776s ago] (UUID('325d99b7-66fb-4467-8fd6-41d83f15e237'),)
2026-03-25 10:29:42,954 - sqlalchemy.engine.Engine - INFO - UPDATE users SET last_login=$1::TIMESTAMP WITH TIME ZONE, updated_at=now() WHERE users.id = $2::UUID
2026-03-25 10:29:42,956 - sqlalchemy.engine.Engine - INFO - [cached since 3776s ago] (datetime.datetime(2026, 3, 25, 7, 29, 42, 951899, tzinfo=datetime.timezone.utc), UUID('c623a1bd-4ac1-4e52-8461-8a8b38e07327'))
2026-03-25 10:29:42,960 - sqlalchemy.engine.Engine - INFO - INSERT INTO refresh_tokens (user_id, token, expires_at, is_revoked, id, org_id, created_by) VALUES ($1::UUID, $2::VARCHAR, $3::TIMESTAMP WITH TIME ZONE, $4::BOOLEAN, $5::UUID, $6::UUID, $7::UUID) RETURNING refresh_tokens.created_at, refresh_tokens.updated_at
2026-03-25 10:29:42,962 - sqlalchemy.engine.Engine - INFO - [cached since 3776s ago] (UUID('c623a1bd-4ac1-4e52-8461-8a8b38e07327'), 'eyJhbGciOiJIUzI1NiIsInR5cCI6IkpXVCJ9.eyJzdWIiOiJjNjIzYTFiZC00YWMxLTRlNTItODQ2MS04YThiMzhlMDczMjciLCJlbWFpbCI6ImFkbWluQHNlY3VyaXR5b3BzLmNvbSIsIm9yZ19p ... (17 characters truncated) ... TY2ZmItNDQ2Ny04ZmQ2LTQxZDgzZjE1ZTIzNyIsInJvbGUiOiJhZG1pbiIsImV4cCI6MTc3NTAyODU4MiwidHlwZSI6InJlZnJlc2gifQ.oOgcJmuU1lErUBFYrRr6X4TIdVplxnMWkmmx9tn46Hc', datetime.datetime(2026, 4, 1, 7, 29, 42, 951175, tzinfo=datetime.timezone.utc), False, UUID('da1b96b4-addb-4f48-9c2d-3ddff46a970c'), UUID('325d99b7-66fb-4467-8fd6-41d83f15e237'), None)
2026-03-25 10:29:42,966 - sqlalchemy.engine.Engine - INFO - COMMIT
2026-03-25 10:29:42,972 - sqlalchemy.engine.Engine - INFO - BEGIN (implicit)
2026-03-25 10:29:42,974 - sqlalchemy.engine.Engine - INFO - SELECT users.email, users.password_hash, users.first_name, users.last_name, users.role, users.is_active, users.last_login, users.employee_id, users.id, users.org_id, users.created_at, users.updated_at, users.created_by 
FROM users 
WHERE users.id = $1::UUID
2026-03-25 10:29:42,976 - sqlalchemy.engine.Engine - INFO - [cached since 3776s ago] (UUID('c623a1bd-4ac1-4e52-8461-8a8b38e07327'),)
2026-03-25 10:29:42,980 - sqlalchemy.engine.Engine - INFO - COMMIT
2026-03-25 10:29:43,006 - sqlalchemy.engine.Engine - INFO - BEGIN (implicit)
2026-03-25 10:29:43,008 - sqlalchemy.engine.Engine - INFO - SELECT organizations.name, organizations.slug, organizations.logo_url, organizations.accent_color, organizations.address, organizations.phone, organizations.email, organizations.website, organizations.is_active, organizations.bank_details, organizations.id, organizations.org_id, organizations.created_at, organizations.updated_at, organizations.created_by 
FROM organizations 
WHERE organizations.id = $1::UUID
2026-03-25 10:29:43,009 - sqlalchemy.engine.Engine - INFO - [cached since 3777s ago] ('325d99b7-66fb-4467-8fd6-41d83f15e237',)
2026-03-25 10:29:43,014 - sqlalchemy.engine.Engine - INFO - COMMIT
2026-03-25 10:29:47,125 - sqlalchemy.engine.Engine - INFO - BEGIN (implicit)
2026-03-25 10:29:47,129 - sqlalchemy.engine.Engine - INFO - SELECT zones.zone_name, zones.notes, zones.status, zones.id, zones.org_id, zones.created_at, zones.updated_at, zones.created_by 
FROM zones 
WHERE zones.org_id = $1::UUID ORDER BY zones.zone_name
2026-03-25 10:29:47,130 - sqlalchemy.engine.Engine - INFO - [generated in 0.00127s] (UUID('325d99b7-66fb-4467-8fd6-41d83f15e237'),)
2026-03-25 10:29:47,155 - sqlalchemy.engine.Engine - INFO - SELECT regions.id 
FROM regions 
WHERE regions.zone_id = $1::UUID AND regions.org_id = $2::UUID
2026-03-25 10:29:47,157 - sqlalchemy.engine.Engine - INFO - [generated in 0.00223s] (UUID('c58a8035-0f39-4536-8f38-a9b508947d43'), UUID('325d99b7-66fb-4467-8fd6-41d83f15e237'))
2026-03-25 10:29:47,170 - sqlalchemy.engine.Engine - INFO - SELECT count(*) AS count_1 
FROM employees 
WHERE employees.region_id IN ($2::UUID, $3::UUID, $4::UUID, $5::UUID) AND employees.org_id = $1::UUID
2026-03-25 10:29:47,171 - sqlalchemy.engine.Engine - INFO - [generated in 0.00137s] (UUID('325d99b7-66fb-4467-8fd6-41d83f15e237'), UUID('151237e6-fd60-4d4b-a83f-8b710bfb4671'), UUID('9b082de0-c7ff-4d79-b178-e00ee101a883'), UUID('a0af97eb-e992-4de5-877b-0416e05a4729'), UUID('7134ca91-def6-4972-b391-05dc96dab7f3'))
2026-03-25 10:29:47,178 - sqlalchemy.engine.Engine - INFO - SELECT count(*) AS count_1 
FROM sites 
WHERE sites.region_id IN ($2::UUID, $3::UUID, $4::UUID, $5::UUID) AND sites.org_id = $1::UUID
2026-03-25 10:29:47,187 - sqlalchemy.engine.Engine - INFO - [generated in 0.01053s] (UUID('325d99b7-66fb-4467-8fd6-41d83f15e237'), UUID('151237e6-fd60-4d4b-a83f-8b710bfb4671'), UUID('9b082de0-c7ff-4d79-b178-e00ee101a883'), UUID('a0af97eb-e992-4de5-877b-0416e05a4729'), UUID('7134ca91-def6-4972-b391-05dc96dab7f3'))
2026-03-25 10:29:47,201 - sqlalchemy.engine.Engine - INFO - SELECT zone_managers.zone_id, zone_managers.employee_id, zone_managers.assigned_date, zone_managers.end_date, zone_managers.active, zone_managers.id, zone_managers.org_id, zone_managers.created_at, zone_managers.updated_at, zone_managers.created_by, employees.employee_id AS employee_id_1, employees.guard_no, employees.profile_photo, employees.first_name, employees.middle_name, employees.last_name, employees.gender, employees.date_of_birth, employees.marital_status, employees.nationality, employees.nin, employees.phone_1, employees.phone_2, employees.email, employees.physical_address, employees.region, employees.region_id, employees.postal_address, employees.education_background, employees.job_title, employees.employment_status, employees.hire_date, employees.termination_date, employees.notes, employees.id AS id_1, employees.org_id AS org_id_1, employees.created_at AS created_at_1, employees.updated_at AS updated_at_1, employees.created_by AS created_by_1 
FROM zone_managers JOIN employees ON zone_managers.employee_id = employees.id 
WHERE zone_managers.zone_id = $1::UUID
2026-03-25 10:29:47,203 - sqlalchemy.engine.Engine - INFO - [generated in 0.00138s] (UUID('c58a8035-0f39-4536-8f38-a9b508947d43'),)
2026-03-25 10:29:47,343 - sqlalchemy.engine.Engine - INFO - SELECT regions.id 
FROM regions 
WHERE regions.zone_id = $1::UUID AND regions.org_id = $2::UUID
2026-03-25 10:29:47,345 - sqlalchemy.engine.Engine - INFO - [cached since 0.1909s ago] (UUID('fbfb6e47-acf9-497a-8d36-25b987779626'), UUID('325d99b7-66fb-4467-8fd6-41d83f15e237'))
2026-03-25 10:29:47,349 - sqlalchemy.engine.Engine - INFO - BEGIN (implicit)
2026-03-25 10:29:47,353 - sqlalchemy.engine.Engine - INFO - SELECT regions.zone_id, regions.region_name, regions.notes, regions.status, regions.id, regions.org_id, regions.created_at, regions.updated_at, regions.created_by 
FROM regions 
WHERE regions.org_id = $1::UUID ORDER BY regions.region_name
2026-03-25 10:29:47,354 - sqlalchemy.engine.Engine - INFO - [generated in 0.00152s] (UUID('325d99b7-66fb-4467-8fd6-41d83f15e237'),)
2026-03-25 10:29:47,359 - sqlalchemy.engine.Engine - INFO - SELECT count(*) AS count_1 
FROM employees 
WHERE employees.region_id IN ($2::UUID, $3::UUID, $4::UUID, $5::UUID) AND employees.org_id = $1::UUID
2026-03-25 10:29:47,360 - sqlalchemy.engine.Engine - INFO - [cached since 0.1911s ago] (UUID('325d99b7-66fb-4467-8fd6-41d83f15e237'), UUID('6a586f53-4c45-4033-9089-f6aba7fe9132'), UUID('79e63375-d520-422e-8c1b-98ad4c190faa'), UUID('bb3335cc-1376-4845-a815-e997dd6b262b'), UUID('036c0ed0-98c3-4eae-b9b7-cf5e3679093e'))
2026-03-25 10:29:47,367 - sqlalchemy.engine.Engine - INFO - SELECT count(*) AS count_1 
FROM sites 
WHERE sites.region_id IN ($2::UUID, $3::UUID, $4::UUID, $5::UUID) AND sites.org_id = $1::UUID
2026-03-25 10:29:47,368 - sqlalchemy.engine.Engine - INFO - [cached since 0.1921s ago] (UUID('325d99b7-66fb-4467-8fd6-41d83f15e237'), UUID('6a586f53-4c45-4033-9089-f6aba7fe9132'), UUID('79e63375-d520-422e-8c1b-98ad4c190faa'), UUID('bb3335cc-1376-4845-a815-e997dd6b262b'), UUID('036c0ed0-98c3-4eae-b9b7-cf5e3679093e'))
2026-03-25 10:29:47,373 - sqlalchemy.engine.Engine - INFO - SELECT zone_managers.zone_id, zone_managers.employee_id, zone_managers.assigned_date, zone_managers.end_date, zone_managers.active, zone_managers.id, zone_managers.org_id, zone_managers.created_at, zone_managers.updated_at, zone_managers.created_by, employees.employee_id AS employee_id_1, employees.guard_no, employees.profile_photo, employees.first_name, employees.middle_name, employees.last_name, employees.gender, employees.date_of_birth, employees.marital_status, employees.nationality, employees.nin, employees.phone_1, employees.phone_2, employees.email, employees.physical_address, employees.region, employees.region_id, employees.postal_address, employees.education_background, employees.job_title, employees.employment_status, employees.hire_date, employees.termination_date, employees.notes, employees.id AS id_1, employees.org_id AS org_id_1, employees.created_at AS created_at_1, employees.updated_at AS updated_at_1, employees.created_by AS created_by_1 
FROM zone_managers JOIN employees ON zone_managers.employee_id = employees.id 
WHERE zone_managers.zone_id = $1::UUID
2026-03-25 10:29:47,374 - sqlalchemy.engine.Engine - INFO - [cached since 0.1729s ago] (UUID('fbfb6e47-acf9-497a-8d36-25b987779626'),)
2026-03-25 10:29:47,379 - sqlalchemy.engine.Engine - INFO - SELECT regions.id 
FROM regions 
WHERE regions.zone_id = $1::UUID AND regions.org_id = $2::UUID
2026-03-25 10:29:47,381 - sqlalchemy.engine.Engine - INFO - [cached since 0.2265s ago] (UUID('ecd6f6d4-4648-4742-b2e6-f20dbb61d5f4'), UUID('325d99b7-66fb-4467-8fd6-41d83f15e237'))
2026-03-25 10:29:47,387 - sqlalchemy.engine.Engine - INFO - SELECT count(*) AS count_1 
FROM employees 
WHERE employees.region_id IN ($2::UUID, $3::UUID) AND employees.org_id = $1::UUID
2026-03-25 10:29:47,388 - sqlalchemy.engine.Engine - INFO - [cached since 0.219s ago] (UUID('325d99b7-66fb-4467-8fd6-41d83f15e237'), UUID('8a8bd5cc-88e5-4e49-b507-32fc3b1542c5'), UUID('38a2054a-3433-45b6-bf5a-48ffdd9b41f5'))
2026-03-25 10:29:47,395 - sqlalchemy.engine.Engine - INFO - SELECT count(*) AS count_1 
FROM sites 
WHERE sites.region_id IN ($2::UUID, $3::UUID) AND sites.org_id = $1::UUID
2026-03-25 10:29:47,396 - sqlalchemy.engine.Engine - INFO - [cached since 0.22s ago] (UUID('325d99b7-66fb-4467-8fd6-41d83f15e237'), UUID('8a8bd5cc-88e5-4e49-b507-32fc3b1542c5'), UUID('38a2054a-3433-45b6-bf5a-48ffdd9b41f5'))
2026-03-25 10:29:47,402 - sqlalchemy.engine.Engine - INFO - SELECT zone_managers.zone_id, zone_managers.employee_id, zone_managers.assigned_date, zone_managers.end_date, zone_managers.active, zone_managers.id, zone_managers.org_id, zone_managers.created_at, zone_managers.updated_at, zone_managers.created_by, employees.employee_id AS employee_id_1, employees.guard_no, employees.profile_photo, employees.first_name, employees.middle_name, employees.last_name, employees.gender, employees.date_of_birth, employees.marital_status, employees.nationality, employees.nin, employees.phone_1, employees.phone_2, employees.email, employees.physical_address, employees.region, employees.region_id, employees.postal_address, employees.education_background, employees.job_title, employees.employment_status, employees.hire_date, employees.termination_date, employees.notes, employees.id AS id_1, employees.org_id AS org_id_1, employees.created_at AS created_at_1, employees.updated_at AS updated_at_1, employees.created_by AS created_by_1 
FROM zone_managers JOIN employees ON zone_managers.employee_id = employees.id 
WHERE zone_managers.zone_id = $1::UUID
2026-03-25 10:29:47,403 - sqlalchemy.engine.Engine - INFO - [cached since 0.2018s ago] (UUID('ecd6f6d4-4648-4742-b2e6-f20dbb61d5f4'),)
2026-03-25 10:29:47,408 - sqlalchemy.engine.Engine - INFO - COMMIT
2026-03-25 10:29:47,421 - sqlalchemy.engine.Engine - INFO - BEGIN (implicit)
2026-03-25 10:29:47,430 - sqlalchemy.engine.Engine - INFO - SELECT count(*) AS count_1 
FROM (SELECT employees.employee_id AS employee_id, employees.guard_no AS guard_no, employees.profile_photo AS profile_photo, employees.first_name AS first_name, employees.middle_name AS middle_name, employees.last_name AS last_name, employees.gender AS gender, employees.date_of_birth AS date_of_birth, employees.marital_status AS marital_status, employees.nationality AS nationality, employees.nin AS nin, employees.phone_1 AS phone_1, employees.phone_2 AS phone_2, employees.email AS email, employees.physical_address AS physical_address, employees.region AS region, employees.region_id AS region_id, employees.postal_address AS postal_address, employees.education_background AS education_background, employees.job_title AS job_title, employees.employment_status AS employment_status, employees.hire_date AS hire_date, employees.termination_date AS termination_date, employees.notes AS notes, employees.id AS id, employees.org_id AS org_id, employees.created_at AS created_at, employees.updated_at AS updated_at, employees.created_by AS created_by 
FROM employees 
WHERE employees.org_id = $1::UUID) AS anon_1
2026-03-25 10:29:47,431 - sqlalchemy.engine.Engine - INFO - [generated in 0.00186s] (UUID('325d99b7-66fb-4467-8fd6-41d83f15e237'),)
2026-03-25 10:29:47,443 - sqlalchemy.engine.Engine - INFO - SELECT employees.employee_id, employees.guard_no, employees.profile_photo, employees.first_name, employees.middle_name, employees.last_name, employees.gender, employees.date_of_birth, employees.marital_status, employees.nationality, employees.nin, employees.phone_1, employees.phone_2, employees.email, employees.physical_address, employees.region, employees.region_id, employees.postal_address, employees.education_background, employees.job_title, employees.employment_status, employees.hire_date, employees.termination_date, employees.notes, employees.id, employees.org_id, employees.created_at, employees.updated_at, employees.created_by 
FROM employees 
WHERE employees.org_id = $1::UUID ORDER BY employees.created_at DESC 
 LIMIT $2::INTEGER OFFSET $3::INTEGER
2026-03-25 10:29:47,445 - sqlalchemy.engine.Engine - INFO - [generated in 0.00191s] (UUID('325d99b7-66fb-4467-8fd6-41d83f15e237'), 10, 0)
2026-03-25 10:29:47,451 - sqlalchemy.engine.Engine - INFO - SELECT zones.zone_name, zones.notes, zones.status, zones.id, zones.org_id, zones.created_at, zones.updated_at, zones.created_by 
FROM zones 
WHERE zones.id = $1::UUID
2026-03-25 10:29:47,453 - sqlalchemy.engine.Engine - INFO - [generated in 0.00170s] (UUID('ecd6f6d4-4648-4742-b2e6-f20dbb61d5f4'),)
2026-03-25 10:29:47,460 - sqlalchemy.engine.Engine - INFO - SELECT regions.zone_id, regions.region_name, regions.notes, regions.status, regions.id, regions.org_id, regions.created_at, regions.updated_at, regions.created_by 
FROM regions 
WHERE regions.id = $1::UUID
2026-03-25 10:29:47,462 - sqlalchemy.engine.Engine - INFO - [generated in 0.00183s] (UUID('9b082de0-c7ff-4d79-b178-e00ee101a883'),)
2026-03-25 10:29:47,484 - sqlalchemy.engine.Engine - INFO - SELECT zones.zone_name, zones.notes, zones.status, zones.id, zones.org_id, zones.created_at, zones.updated_at, zones.created_by 
FROM zones 
WHERE zones.id = $1::UUID
2026-03-25 10:29:47,485 - sqlalchemy.engine.Engine - INFO - [cached since 0.03398s ago] (UUID('c58a8035-0f39-4536-8f38-a9b508947d43'),)
2026-03-25 10:29:47,490 - sqlalchemy.engine.Engine - INFO - SELECT count(*) AS count_1 
FROM employees 
WHERE employees.region_id = $1::UUID
2026-03-25 10:29:47,491 - sqlalchemy.engine.Engine - INFO - [generated in 0.00141s] (UUID('8a8bd5cc-88e5-4e49-b507-32fc3b1542c5'),)
2026-03-25 10:29:47,495 - sqlalchemy.engine.Engine - INFO - SELECT regions.zone_id, regions.region_name, regions.notes, regions.status, regions.id, regions.org_id, regions.created_at, regions.updated_at, regions.created_by 
FROM regions 
WHERE regions.id = $1::UUID
2026-03-25 10:29:47,496 - sqlalchemy.engine.Engine - INFO - [cached since 0.03589s ago] (UUID('151237e6-fd60-4d4b-a83f-8b710bfb4671'),)
2026-03-25 10:29:47,499 - sqlalchemy.engine.Engine - INFO - SELECT zones.zone_name, zones.notes, zones.status, zones.id, zones.org_id, zones.created_at, zones.updated_at, zones.created_by 
FROM zones 
WHERE zones.id = $1::UUID
2026-03-25 10:29:47,500 - sqlalchemy.engine.Engine - INFO - [cached since 0.04894s ago] (UUID('c58a8035-0f39-4536-8f38-a9b508947d43'),)
2026-03-25 10:29:47,503 - sqlalchemy.engine.Engine - INFO - SELECT count(*) AS count_1 
FROM sites 
WHERE sites.region_id = $1::UUID
2026-03-25 10:29:47,504 - sqlalchemy.engine.Engine - INFO - [generated in 0.00110s] (UUID('8a8bd5cc-88e5-4e49-b507-32fc3b1542c5'),)
2026-03-25 10:29:47,507 - sqlalchemy.engine.Engine - INFO - SELECT regions.zone_id, regions.region_name, regions.notes, regions.status, regions.id, regions.org_id, regions.created_at, regions.updated_at, regions.created_by 
FROM regions 
WHERE regions.id = $1::UUID
2026-03-25 10:29:47,509 - sqlalchemy.engine.Engine - INFO - [cached since 0.0486s ago] (UUID('151237e6-fd60-4d4b-a83f-8b710bfb4671'),)
2026-03-25 10:29:47,512 - sqlalchemy.engine.Engine - INFO - SELECT zones.zone_name, zones.notes, zones.status, zones.id, zones.org_id, zones.created_at, zones.updated_at, zones.created_by 
FROM zones 
WHERE zones.id = $1::UUID
2026-03-25 10:29:47,513 - sqlalchemy.engine.Engine - INFO - [cached since 0.0624s ago] (UUID('c58a8035-0f39-4536-8f38-a9b508947d43'),)
2026-03-25 10:29:47,517 - sqlalchemy.engine.Engine - INFO - COMMIT
2026-03-25 10:29:47,520 - sqlalchemy.engine.Engine - INFO - SELECT zones.zone_name, zones.notes, zones.status, zones.id, zones.org_id, zones.created_at, zones.updated_at, zones.created_by 
FROM zones 
WHERE zones.id = $1::UUID
2026-03-25 10:29:47,522 - sqlalchemy.engine.Engine - INFO - [cached since 0.07047s ago] (UUID('ecd6f6d4-4648-4742-b2e6-f20dbb61d5f4'),)
2026-03-25 10:29:47,526 - sqlalchemy.engine.Engine - INFO - SELECT count(*) AS count_1 
FROM employees 
WHERE employees.region_id = $1::UUID
2026-03-25 10:29:47,528 - sqlalchemy.engine.Engine - INFO - [cached since 0.03804s ago] (UUID('38a2054a-3433-45b6-bf5a-48ffdd9b41f5'),)
2026-03-25 10:29:47,534 - sqlalchemy.engine.Engine - INFO - SELECT count(*) AS count_1 
FROM sites 
WHERE sites.region_id = $1::UUID
2026-03-25 10:29:47,536 - sqlalchemy.engine.Engine - INFO - [cached since 0.03316s ago] (UUID('38a2054a-3433-45b6-bf5a-48ffdd9b41f5'),)
2026-03-25 10:29:47,542 - sqlalchemy.engine.Engine - INFO - SELECT zones.zone_name, zones.notes, zones.status, zones.id, zones.org_id, zones.created_at, zones.updated_at, zones.created_by 
FROM zones 
WHERE zones.id = $1::UUID
2026-03-25 10:29:47,543 - sqlalchemy.engine.Engine - INFO - [cached since 0.09188s ago] (UUID('fbfb6e47-acf9-497a-8d36-25b987779626'),)
2026-03-25 10:29:47,546 - sqlalchemy.engine.Engine - INFO - SELECT count(*) AS count_1 
FROM employees 
WHERE employees.region_id = $1::UUID
2026-03-25 10:29:47,547 - sqlalchemy.engine.Engine - INFO - [cached since 0.05745s ago] (UUID('036c0ed0-98c3-4eae-b9b7-cf5e3679093e'),)
2026-03-25 10:29:47,549 - sqlalchemy.engine.Engine - INFO - SELECT count(*) AS count_1 
FROM sites 
WHERE sites.region_id = $1::UUID
2026-03-25 10:29:47,551 - sqlalchemy.engine.Engine - INFO - [cached since 0.04729s ago] (UUID('036c0ed0-98c3-4eae-b9b7-cf5e3679093e'),)
2026-03-25 10:29:47,553 - sqlalchemy.engine.Engine - INFO - SELECT zones.zone_name, zones.notes, zones.status, zones.id, zones.org_id, zones.created_at, zones.updated_at, zones.created_by 
FROM zones 
WHERE zones.id = $1::UUID
2026-03-25 10:29:47,554 - sqlalchemy.engine.Engine - INFO - [cached since 0.1035s ago] (UUID('c58a8035-0f39-4536-8f38-a9b508947d43'),)
2026-03-25 10:29:47,557 - sqlalchemy.engine.Engine - INFO - SELECT count(*) AS count_1 
FROM employees 
WHERE employees.region_id = $1::UUID
2026-03-25 10:29:47,558 - sqlalchemy.engine.Engine - INFO - [cached since 0.06888s ago] (UUID('151237e6-fd60-4d4b-a83f-8b710bfb4671'),)
2026-03-25 10:29:47,561 - sqlalchemy.engine.Engine - INFO - SELECT count(*) AS count_1 
FROM sites 
WHERE sites.region_id = $1::UUID
2026-03-25 10:29:47,562 - sqlalchemy.engine.Engine - INFO - [cached since 0.05863s ago] (UUID('151237e6-fd60-4d4b-a83f-8b710bfb4671'),)
2026-03-25 10:29:47,564 - sqlalchemy.engine.Engine - INFO - SELECT zones.zone_name, zones.notes, zones.status, zones.id, zones.org_id, zones.created_at, zones.updated_at, zones.created_by 
FROM zones 
WHERE zones.id = $1::UUID
2026-03-25 10:29:47,565 - sqlalchemy.engine.Engine - INFO - [cached since 0.1143s ago] (UUID('c58a8035-0f39-4536-8f38-a9b508947d43'),)
2026-03-25 10:29:47,568 - sqlalchemy.engine.Engine - INFO - SELECT count(*) AS count_1 
FROM employees 
WHERE employees.region_id = $1::UUID
2026-03-25 10:29:47,569 - sqlalchemy.engine.Engine - INFO - [cached since 0.07983s ago] (UUID('7134ca91-def6-4972-b391-05dc96dab7f3'),)
2026-03-25 10:29:47,572 - sqlalchemy.engine.Engine - INFO - SELECT count(*) AS count_1 
FROM sites 
WHERE sites.region_id = $1::UUID
2026-03-25 10:29:47,573 - sqlalchemy.engine.Engine - INFO - [cached since 0.06974s ago] (UUID('7134ca91-def6-4972-b391-05dc96dab7f3'),)
2026-03-25 10:29:47,576 - sqlalchemy.engine.Engine - INFO - SELECT zones.zone_name, zones.notes, zones.status, zones.id, zones.org_id, zones.created_at, zones.updated_at, zones.created_by 
FROM zones 
WHERE zones.id = $1::UUID
2026-03-25 10:29:47,577 - sqlalchemy.engine.Engine - INFO - [cached since 0.1257s ago] (UUID('c58a8035-0f39-4536-8f38-a9b508947d43'),)
2026-03-25 10:29:47,580 - sqlalchemy.engine.Engine - INFO - SELECT count(*) AS count_1 
FROM employees 
WHERE employees.region_id = $1::UUID
2026-03-25 10:29:47,581 - sqlalchemy.engine.Engine - INFO - [cached since 0.09135s ago] (UUID('9b082de0-c7ff-4d79-b178-e00ee101a883'),)
2026-03-25 10:29:47,584 - sqlalchemy.engine.Engine - INFO - SELECT count(*) AS count_1 
FROM sites 
WHERE sites.region_id = $1::UUID
2026-03-25 10:29:47,585 - sqlalchemy.engine.Engine - INFO - [cached since 0.08127s ago] (UUID('9b082de0-c7ff-4d79-b178-e00ee101a883'),)
2026-03-25 10:29:47,587 - sqlalchemy.engine.Engine - INFO - SELECT zones.zone_name, zones.notes, zones.status, zones.id, zones.org_id, zones.created_at, zones.updated_at, zones.created_by 
FROM zones 
WHERE zones.id = $1::UUID
2026-03-25 10:29:47,588 - sqlalchemy.engine.Engine - INFO - [cached since 0.1373s ago] (UUID('fbfb6e47-acf9-497a-8d36-25b987779626'),)
2026-03-25 10:29:47,591 - sqlalchemy.engine.Engine - INFO - SELECT count(*) AS count_1 
FROM employees 
WHERE employees.region_id = $1::UUID
2026-03-25 10:29:47,592 - sqlalchemy.engine.Engine - INFO - [cached since 0.1027s ago] (UUID('6a586f53-4c45-4033-9089-f6aba7fe9132'),)
2026-03-25 10:29:47,595 - sqlalchemy.engine.Engine - INFO - SELECT count(*) AS count_1 
FROM sites 
WHERE sites.region_id = $1::UUID
2026-03-25 10:29:47,596 - sqlalchemy.engine.Engine - INFO - [cached since 0.09276s ago] (UUID('6a586f53-4c45-4033-9089-f6aba7fe9132'),)
2026-03-25 10:29:47,599 - sqlalchemy.engine.Engine - INFO - SELECT zones.zone_name, zones.notes, zones.status, zones.id, zones.org_id, zones.created_at, zones.updated_at, zones.created_by 
FROM zones 
WHERE zones.id = $1::UUID
2026-03-25 10:29:47,600 - sqlalchemy.engine.Engine - INFO - [cached since 0.1489s ago] (UUID('c58a8035-0f39-4536-8f38-a9b508947d43'),)
2026-03-25 10:29:47,603 - sqlalchemy.engine.Engine - INFO - SELECT count(*) AS count_1 
FROM employees 
WHERE employees.region_id = $1::UUID
2026-03-25 10:29:47,604 - sqlalchemy.engine.Engine - INFO - [cached since 0.1143s ago] (UUID('a0af97eb-e992-4de5-877b-0416e05a4729'),)
2026-03-25 10:29:47,607 - sqlalchemy.engine.Engine - INFO - SELECT count(*) AS count_1 
FROM sites 
WHERE sites.region_id = $1::UUID
2026-03-25 10:29:47,609 - sqlalchemy.engine.Engine - INFO - [cached since 0.1053s ago] (UUID('a0af97eb-e992-4de5-877b-0416e05a4729'),)
2026-03-25 10:29:47,611 - sqlalchemy.engine.Engine - INFO - SELECT zones.zone_name, zones.notes, zones.status, zones.id, zones.org_id, zones.created_at, zones.updated_at, zones.created_by 
FROM zones 
WHERE zones.id = $1::UUID
2026-03-25 10:29:47,612 - sqlalchemy.engine.Engine - INFO - [cached since 0.1614s ago] (UUID('fbfb6e47-acf9-497a-8d36-25b987779626'),)
2026-03-25 10:29:47,615 - sqlalchemy.engine.Engine - INFO - SELECT count(*) AS count_1 
FROM employees 
WHERE employees.region_id = $1::UUID
2026-03-25 10:29:47,618 - sqlalchemy.engine.Engine - INFO - [cached since 0.1286s ago] (UUID('bb3335cc-1376-4845-a815-e997dd6b262b'),)
2026-03-25 10:29:47,621 - sqlalchemy.engine.Engine - INFO - SELECT count(*) AS count_1 
FROM sites 
WHERE sites.region_id = $1::UUID
2026-03-25 10:29:47,623 - sqlalchemy.engine.Engine - INFO - [cached since 0.1193s ago] (UUID('bb3335cc-1376-4845-a815-e997dd6b262b'),)
2026-03-25 10:29:47,626 - sqlalchemy.engine.Engine - INFO - SELECT zones.zone_name, zones.notes, zones.status, zones.id, zones.org_id, zones.created_at, zones.updated_at, zones.created_by 
FROM zones 
WHERE zones.id = $1::UUID
2026-03-25 10:29:47,628 - sqlalchemy.engine.Engine - INFO - [cached since 0.1766s ago] (UUID('fbfb6e47-acf9-497a-8d36-25b987779626'),)
2026-03-25 10:29:47,632 - sqlalchemy.engine.Engine - INFO - SELECT count(*) AS count_1 
FROM employees 
WHERE employees.region_id = $1::UUID
2026-03-25 10:29:47,633 - sqlalchemy.engine.Engine - INFO - [cached since 0.1435s ago] (UUID('79e63375-d520-422e-8c1b-98ad4c190faa'),)
2026-03-25 10:29:47,636 - sqlalchemy.engine.Engine - INFO - SELECT count(*) AS count_1 
FROM sites 
WHERE sites.region_id = $1::UUID
2026-03-25 10:29:47,638 - sqlalchemy.engine.Engine - INFO - [cached since 0.1345s ago] (UUID('79e63375-d520-422e-8c1b-98ad4c190faa'),)
2026-03-25 10:29:47,642 - sqlalchemy.engine.Engine - INFO - COMMIT
2026-03-25 10:29:56,176 - sqlalchemy.engine.Engine - INFO - BEGIN (implicit)
2026-03-25 10:29:56,178 - sqlalchemy.engine.Engine - INFO - SELECT employees.employee_id, employees.guard_no, employees.profile_photo, employees.first_name, employees.middle_name, employees.last_name, employees.gender, employees.date_of_birth, employees.marital_status, employees.nationality, employees.nin, employees.phone_1, employees.phone_2, employees.email, employees.physical_address, employees.region, employees.region_id, employees.postal_address, employees.education_background, employees.job_title, employees.employment_status, employees.hire_date, employees.termination_date, employees.notes, employees.id, employees.org_id, employees.created_at, employees.updated_at, employees.created_by 
FROM employees 
WHERE employees.id = $1::UUID AND employees.org_id = $2::UUID
2026-03-25 10:29:56,179 - sqlalchemy.engine.Engine - INFO - [cached since 3790s ago] (UUID('53e6f459-0456-4eac-8973-838b580ba9e6'), UUID('325d99b7-66fb-4467-8fd6-41d83f15e237'))
2026-03-25 10:29:56,183 - sqlalchemy.engine.Engine - INFO - SELECT regions.zone_id, regions.region_name, regions.notes, regions.status, regions.id, regions.org_id, regions.created_at, regions.updated_at, regions.created_by 
FROM regions 
WHERE regions.id = $1::UUID
2026-03-25 10:29:56,185 - sqlalchemy.engine.Engine - INFO - [cached since 8.725s ago] (UUID('9b082de0-c7ff-4d79-b178-e00ee101a883'),)
2026-03-25 10:29:56,189 - sqlalchemy.engine.Engine - INFO - SELECT zones.zone_name, zones.notes, zones.status, zones.id, zones.org_id, zones.created_at, zones.updated_at, zones.created_by 
FROM zones 
WHERE zones.id = $1::UUID
2026-03-25 10:29:56,190 - sqlalchemy.engine.Engine - INFO - [cached since 8.739s ago] (UUID('c58a8035-0f39-4536-8f38-a9b508947d43'),)
2026-03-25 10:29:56,194 - sqlalchemy.engine.Engine - INFO - COMMIT
2026-03-25 10:29:56,209 - sqlalchemy.engine.Engine - INFO - BEGIN (implicit)
2026-03-25 10:29:56,213 - sqlalchemy.engine.Engine - INFO - SELECT regions.zone_id, regions.region_name, regions.notes, regions.status, regions.id, regions.org_id, regions.created_at, regions.updated_at, regions.created_by 
FROM regions 
WHERE regions.org_id = $1::UUID AND regions.status = $2 ORDER BY regions.region_name
2026-03-25 10:29:56,214 - sqlalchemy.engine.Engine - INFO - [generated in 0.00177s] (UUID('325d99b7-66fb-4467-8fd6-41d83f15e237'), 'ACTIVE')
2026-03-25 10:29:56,223 - sqlalchemy.engine.Engine - INFO - SELECT zones.zone_name, zones.notes, zones.status, zones.id, zones.org_id, zones.created_at, zones.updated_at, zones.created_by 
FROM zones 
WHERE zones.id = $1::UUID
2026-03-25 10:29:56,225 - sqlalchemy.engine.Engine - INFO - [cached since 8.774s ago] (UUID('ecd6f6d4-4648-4742-b2e6-f20dbb61d5f4'),)
2026-03-25 10:29:56,229 - sqlalchemy.engine.Engine - INFO - SELECT count(*) AS count_1 
FROM employees 
WHERE employees.region_id = $1::UUID
2026-03-25 10:29:56,230 - sqlalchemy.engine.Engine - INFO - [cached since 8.741s ago] (UUID('8a8bd5cc-88e5-4e49-b507-32fc3b1542c5'),)
2026-03-25 10:29:56,234 - sqlalchemy.engine.Engine - INFO - SELECT count(*) AS count_1 
FROM sites 
WHERE sites.region_id = $1::UUID
2026-03-25 10:29:56,236 - sqlalchemy.engine.Engine - INFO - [cached since 8.733s ago] (UUID('8a8bd5cc-88e5-4e49-b507-32fc3b1542c5'),)
2026-03-25 10:29:56,240 - sqlalchemy.engine.Engine - INFO - SELECT zones.zone_name, zones.notes, zones.status, zones.id, zones.org_id, zones.created_at, zones.updated_at, zones.created_by 
FROM zones 
WHERE zones.id = $1::UUID
2026-03-25 10:29:56,241 - sqlalchemy.engine.Engine - INFO - [cached since 8.79s ago] (UUID('ecd6f6d4-4648-4742-b2e6-f20dbb61d5f4'),)
2026-03-25 10:29:56,245 - sqlalchemy.engine.Engine - INFO - SELECT count(*) AS count_1 
FROM employees 
WHERE employees.region_id = $1::UUID
2026-03-25 10:29:56,247 - sqlalchemy.engine.Engine - INFO - [cached since 8.758s ago] (UUID('38a2054a-3433-45b6-bf5a-48ffdd9b41f5'),)
2026-03-25 10:29:56,251 - sqlalchemy.engine.Engine - INFO - SELECT count(*) AS count_1 
FROM sites 
WHERE sites.region_id = $1::UUID
2026-03-25 10:29:56,252 - sqlalchemy.engine.Engine - INFO - [cached since 8.749s ago] (UUID('38a2054a-3433-45b6-bf5a-48ffdd9b41f5'),)
2026-03-25 10:29:56,256 - sqlalchemy.engine.Engine - INFO - SELECT zones.zone_name, zones.notes, zones.status, zones.id, zones.org_id, zones.created_at, zones.updated_at, zones.created_by 
FROM zones 
WHERE zones.id = $1::UUID
2026-03-25 10:29:56,258 - sqlalchemy.engine.Engine - INFO - [cached since 8.807s ago] (UUID('fbfb6e47-acf9-497a-8d36-25b987779626'),)
2026-03-25 10:29:56,262 - sqlalchemy.engine.Engine - INFO - SELECT count(*) AS count_1 
FROM employees 
WHERE employees.region_id = $1::UUID
2026-03-25 10:29:56,264 - sqlalchemy.engine.Engine - INFO - [cached since 8.774s ago] (UUID('036c0ed0-98c3-4eae-b9b7-cf5e3679093e'),)
2026-03-25 10:29:56,267 - sqlalchemy.engine.Engine - INFO - SELECT count(*) AS count_1 
FROM sites 
WHERE sites.region_id = $1::UUID
2026-03-25 10:29:56,269 - sqlalchemy.engine.Engine - INFO - [cached since 8.766s ago] (UUID('036c0ed0-98c3-4eae-b9b7-cf5e3679093e'),)
2026-03-25 10:29:56,272 - sqlalchemy.engine.Engine - INFO - SELECT zones.zone_name, zones.notes, zones.status, zones.id, zones.org_id, zones.created_at, zones.updated_at, zones.created_by 
FROM zones 
WHERE zones.id = $1::UUID
2026-03-25 10:29:56,274 - sqlalchemy.engine.Engine - INFO - [cached since 8.823s ago] (UUID('c58a8035-0f39-4536-8f38-a9b508947d43'),)
2026-03-25 10:29:56,278 - sqlalchemy.engine.Engine - INFO - SELECT count(*) AS count_1 
FROM employees 
WHERE employees.region_id = $1::UUID
2026-03-25 10:29:56,279 - sqlalchemy.engine.Engine - INFO - [cached since 8.789s ago] (UUID('151237e6-fd60-4d4b-a83f-8b710bfb4671'),)
2026-03-25 10:29:56,283 - sqlalchemy.engine.Engine - INFO - SELECT count(*) AS count_1 
FROM sites 
WHERE sites.region_id = $1::UUID
2026-03-25 10:29:56,285 - sqlalchemy.engine.Engine - INFO - [cached since 8.781s ago] (UUID('151237e6-fd60-4d4b-a83f-8b710bfb4671'),)
2026-03-25 10:29:56,288 - sqlalchemy.engine.Engine - INFO - SELECT zones.zone_name, zones.notes, zones.status, zones.id, zones.org_id, zones.created_at, zones.updated_at, zones.created_by 
FROM zones 
WHERE zones.id = $1::UUID
2026-03-25 10:29:56,290 - sqlalchemy.engine.Engine - INFO - [cached since 8.839s ago] (UUID('c58a8035-0f39-4536-8f38-a9b508947d43'),)
2026-03-25 10:29:56,294 - sqlalchemy.engine.Engine - INFO - SELECT count(*) AS count_1 
FROM employees 
WHERE employees.region_id = $1::UUID
2026-03-25 10:29:56,296 - sqlalchemy.engine.Engine - INFO - [cached since 8.806s ago] (UUID('7134ca91-def6-4972-b391-05dc96dab7f3'),)
2026-03-25 10:29:56,299 - sqlalchemy.engine.Engine - INFO - SELECT count(*) AS count_1 
FROM sites 
WHERE sites.region_id = $1::UUID
2026-03-25 10:29:56,301 - sqlalchemy.engine.Engine - INFO - [cached since 8.798s ago] (UUID('7134ca91-def6-4972-b391-05dc96dab7f3'),)
2026-03-25 10:29:56,306 - sqlalchemy.engine.Engine - INFO - SELECT zones.zone_name, zones.notes, zones.status, zones.id, zones.org_id, zones.created_at, zones.updated_at, zones.created_by 
FROM zones 
WHERE zones.id = $1::UUID
2026-03-25 10:29:56,310 - sqlalchemy.engine.Engine - INFO - [cached since 8.859s ago] (UUID('c58a8035-0f39-4536-8f38-a9b508947d43'),)
2026-03-25 10:29:56,313 - sqlalchemy.engine.Engine - INFO - SELECT count(*) AS count_1 
FROM employees 
WHERE employees.region_id = $1::UUID
2026-03-25 10:29:56,315 - sqlalchemy.engine.Engine - INFO - [cached since 8.825s ago] (UUID('9b082de0-c7ff-4d79-b178-e00ee101a883'),)
2026-03-25 10:29:56,319 - sqlalchemy.engine.Engine - INFO - SELECT count(*) AS count_1 
FROM sites 
WHERE sites.region_id = $1::UUID
2026-03-25 10:29:56,321 - sqlalchemy.engine.Engine - INFO - [cached since 8.817s ago] (UUID('9b082de0-c7ff-4d79-b178-e00ee101a883'),)
2026-03-25 10:29:56,324 - sqlalchemy.engine.Engine - INFO - SELECT zones.zone_name, zones.notes, zones.status, zones.id, zones.org_id, zones.created_at, zones.updated_at, zones.created_by 
FROM zones 
WHERE zones.id = $1::UUID
2026-03-25 10:29:56,326 - sqlalchemy.engine.Engine - INFO - [cached since 8.875s ago] (UUID('fbfb6e47-acf9-497a-8d36-25b987779626'),)
2026-03-25 10:29:56,330 - sqlalchemy.engine.Engine - INFO - SELECT count(*) AS count_1 
FROM employees 
WHERE employees.region_id = $1::UUID
2026-03-25 10:29:56,332 - sqlalchemy.engine.Engine - INFO - [cached since 8.842s ago] (UUID('6a586f53-4c45-4033-9089-f6aba7fe9132'),)
2026-03-25 10:29:56,335 - sqlalchemy.engine.Engine - INFO - SELECT count(*) AS count_1 
FROM sites 
WHERE sites.region_id = $1::UUID
2026-03-25 10:29:56,337 - sqlalchemy.engine.Engine - INFO - [cached since 8.834s ago] (UUID('6a586f53-4c45-4033-9089-f6aba7fe9132'),)
2026-03-25 10:29:56,341 - sqlalchemy.engine.Engine - INFO - SELECT zones.zone_name, zones.notes, zones.status, zones.id, zones.org_id, zones.created_at, zones.updated_at, zones.created_by 
FROM zones 
WHERE zones.id = $1::UUID
2026-03-25 10:29:56,342 - sqlalchemy.engine.Engine - INFO - [cached since 8.891s ago] (UUID('c58a8035-0f39-4536-8f38-a9b508947d43'),)
2026-03-25 10:29:56,346 - sqlalchemy.engine.Engine - INFO - SELECT count(*) AS count_1 
FROM employees 
WHERE employees.region_id = $1::UUID
2026-03-25 10:29:56,348 - sqlalchemy.engine.Engine - INFO - [cached since 8.858s ago] (UUID('a0af97eb-e992-4de5-877b-0416e05a4729'),)
2026-03-25 10:29:56,351 - sqlalchemy.engine.Engine - INFO - SELECT count(*) AS count_1 
FROM sites 
WHERE sites.region_id = $1::UUID
2026-03-25 10:29:56,353 - sqlalchemy.engine.Engine - INFO - [cached since 8.85s ago] (UUID('a0af97eb-e992-4de5-877b-0416e05a4729'),)
2026-03-25 10:29:56,356 - sqlalchemy.engine.Engine - INFO - SELECT zones.zone_name, zones.notes, zones.status, zones.id, zones.org_id, zones.created_at, zones.updated_at, zones.created_by 
FROM zones 
WHERE zones.id = $1::UUID
2026-03-25 10:29:56,358 - sqlalchemy.engine.Engine - INFO - [cached since 8.907s ago] (UUID('fbfb6e47-acf9-497a-8d36-25b987779626'),)
2026-03-25 10:29:56,362 - sqlalchemy.engine.Engine - INFO - SELECT count(*) AS count_1 
FROM employees 
WHERE employees.region_id = $1::UUID
2026-03-25 10:29:56,363 - sqlalchemy.engine.Engine - INFO - [cached since 8.874s ago] (UUID('bb3335cc-1376-4845-a815-e997dd6b262b'),)
2026-03-25 10:29:56,367 - sqlalchemy.engine.Engine - INFO - SELECT count(*) AS count_1 
FROM sites 
WHERE sites.region_id = $1::UUID
2026-03-25 10:29:56,369 - sqlalchemy.engine.Engine - INFO - [cached since 8.866s ago] (UUID('bb3335cc-1376-4845-a815-e997dd6b262b'),)
2026-03-25 10:29:56,373 - sqlalchemy.engine.Engine - INFO - SELECT zones.zone_name, zones.notes, zones.status, zones.id, zones.org_id, zones.created_at, zones.updated_at, zones.created_by 
FROM zones 
WHERE zones.id = $1::UUID
2026-03-25 10:29:56,374 - sqlalchemy.engine.Engine - INFO - [cached since 8.923s ago] (UUID('fbfb6e47-acf9-497a-8d36-25b987779626'),)
2026-03-25 10:29:56,378 - sqlalchemy.engine.Engine - INFO - SELECT count(*) AS count_1 
FROM employees 
WHERE employees.region_id = $1::UUID
2026-03-25 10:29:56,379 - sqlalchemy.engine.Engine - INFO - [cached since 8.89s ago] (UUID('79e63375-d520-422e-8c1b-98ad4c190faa'),)
2026-03-25 10:29:56,383 - sqlalchemy.engine.Engine - INFO - SELECT count(*) AS count_1 
FROM sites 
WHERE sites.region_id = $1::UUID
2026-03-25 10:29:56,385 - sqlalchemy.engine.Engine - INFO - [cached since 8.882s ago] (UUID('79e63375-d520-422e-8c1b-98ad4c190faa'),)
2026-03-25 10:29:56,389 - sqlalchemy.engine.Engine - INFO - COMMIT
2026-03-25 10:29:56,402 - sqlalchemy.engine.Engine - INFO - BEGIN (implicit)
2026-03-25 10:29:56,408 - sqlalchemy.engine.Engine - INFO - SELECT employee_bank_accounts.employee_id, employee_bank_accounts.bank_name, employee_bank_accounts.bank_branch, employee_bank_accounts.account_name, employee_bank_accounts.account_number, employee_bank_accounts.id, employee_bank_accounts.org_id, employee_bank_accounts.created_at, employee_bank_accounts.updated_at, employee_bank_accounts.created_by 
FROM employee_bank_accounts 
WHERE employee_bank_accounts.employee_id = $1::UUID AND employee_bank_accounts.org_id = $2::UUID ORDER BY employee_bank_accounts.created_at DESC
2026-03-25 10:29:56,409 - sqlalchemy.engine.Engine - INFO - [generated in 0.00179s] (UUID('53e6f459-0456-4eac-8973-838b580ba9e6'), UUID('325d99b7-66fb-4467-8fd6-41d83f15e237'))
2026-03-25 10:29:56,419 - sqlalchemy.engine.Engine - INFO - COMMIT
2026-03-25 10:29:56,431 - sqlalchemy.engine.Engine - INFO - BEGIN (implicit)
2026-03-25 10:29:56,445 - sqlalchemy.engine.Engine - INFO - SELECT employee_referees.employee_id, employee_referees.full_name, employee_referees.referee_relationship, employee_referees.phone_number, employee_referees.alternate_phone, employee_referees.id_type, employee_referees.id_number, employee_referees.id_softcopy_file, employee_referees.address, employee_referees.occupation, employee_referees.notes, employee_referees.id, employee_referees.org_id, employee_referees.created_at, employee_referees.updated_at, employee_referees.created_by 
FROM employee_referees 
WHERE employee_referees.employee_id = $1::UUID AND employee_referees.org_id = $2::UUID ORDER BY employee_referees.created_at DESC
2026-03-25 10:29:56,446 - sqlalchemy.engine.Engine - INFO - [generated in 0.00145s] (UUID('53e6f459-0456-4eac-8973-838b580ba9e6'), UUID('325d99b7-66fb-4467-8fd6-41d83f15e237'))
2026-03-25 10:29:56,476 - sqlalchemy.engine.Engine - INFO - BEGIN (implicit)
2026-03-25 10:29:56,481 - sqlalchemy.engine.Engine - INFO - SELECT employee_contracts.employee_id, employee_contracts.contract_number, employee_contracts.contract_type, employee_contracts.start_date, employee_contracts.end_date, employee_contracts.duration_months, employee_contracts.probation_months, employee_contracts.salary_amount, employee_contracts.job_title_on_contract, employee_contracts.workstation_site, employee_contracts.signed_date, employee_contracts.employee_signed, employee_contracts.employer_signed, employee_contracts.contract_document_file, employee_contracts.status, employee_contracts.id, employee_contracts.org_id, employee_contracts.created_at, employee_contracts.updated_at, employee_contracts.created_by 
FROM employee_contracts 
WHERE employee_contracts.employee_id = $1::UUID AND employee_contracts.org_id = $2::UUID ORDER BY employee_contracts.start_date DESC
2026-03-25 10:29:56,482 - sqlalchemy.engine.Engine - INFO - [generated in 0.00123s] (UUID('53e6f459-0456-4eac-8973-838b580ba9e6'), UUID('325d99b7-66fb-4467-8fd6-41d83f15e237'))
2026-03-25 10:29:56,489 - sqlalchemy.engine.Engine - INFO - COMMIT
2026-03-25 10:29:56,511 - sqlalchemy.engine.Engine - INFO - COMMIT
2026-03-25 10:29:56,902 - sqlalchemy.engine.Engine - INFO - BEGIN (implicit)
2026-03-25 10:29:56,904 - sqlalchemy.engine.Engine - INFO - SELECT employee_next_of_kin.employee_id, employee_next_of_kin.full_name, employee_next_of_kin.kin_relationship, employee_next_of_kin.phone_1, employee_next_of_kin.phone_2, employee_next_of_kin.address, employee_next_of_kin.occupation, employee_next_of_kin.id_type, employee_next_of_kin.id_number, employee_next_of_kin.id_softcopy_file, employee_next_of_kin.notes, employee_next_of_kin.id, employee_next_of_kin.org_id, employee_next_of_kin.created_at, employee_next_of_kin.updated_at, employee_next_of_kin.created_by 
FROM employee_next_of_kin 
WHERE employee_next_of_kin.employee_id = $1::UUID AND employee_next_of_kin.org_id = $2::UUID ORDER BY employee_next_of_kin.created_at DESC
2026-03-25 10:29:56,905 - sqlalchemy.engine.Engine - INFO - [cached since 3790s ago] (UUID('53e6f459-0456-4eac-8973-838b580ba9e6'), UUID('325d99b7-66fb-4467-8fd6-41d83f15e237'))
2026-03-25 10:29:56,908 - sqlalchemy.engine.Engine - INFO - BEGIN (implicit)
2026-03-25 10:29:56,914 - sqlalchemy.engine.Engine - INFO - SELECT employment_history.employee_id, employment_history.employer_name, employment_history.job_title, employment_history.start_date, employment_history.end_date, employment_history.reason_for_leaving, employment_history.reference_contact, employment_history.notes, employment_history.id, employment_history.org_id, employment_history.created_at, employment_history.updated_at, employment_history.created_by 
FROM employment_history 
WHERE employment_history.employee_id = $1::UUID AND employment_history.org_id = $2::UUID ORDER BY employment_history.start_date DESC
2026-03-25 10:29:56,915 - sqlalchemy.engine.Engine - INFO - [generated in 0.00201s] (UUID('53e6f459-0456-4eac-8973-838b580ba9e6'), UUID('325d99b7-66fb-4467-8fd6-41d83f15e237'))
2026-03-25 10:29:56,918 - sqlalchemy.engine.Engine - INFO - BEGIN (implicit)
2026-03-25 10:29:56,924 - sqlalchemy.engine.Engine - INFO - SELECT employee_documents.employee_id, employee_documents.document_type, employee_documents.name, employee_documents.file_url, employee_documents.expiry_date, employee_documents.notes, employee_documents.id, employee_documents.org_id, employee_documents.created_at, employee_documents.updated_at, employee_documents.created_by 
FROM employee_documents 
WHERE employee_documents.employee_id = $1::UUID AND employee_documents.org_id = $2::UUID ORDER BY employee_documents.created_at DESC
2026-03-25 10:29:56,926 - sqlalchemy.engine.Engine - INFO - [generated in 0.00190s] (UUID('53e6f459-0456-4eac-8973-838b580ba9e6'), UUID('325d99b7-66fb-4467-8fd6-41d83f15e237'))
2026-03-25 10:29:56,940 - sqlalchemy.engine.Engine - INFO - COMMIT
2026-03-25 10:29:56,943 - sqlalchemy.engine.Engine - INFO - COMMIT
2026-03-25 10:29:57,009 - sqlalchemy.engine.Engine - INFO - COMMIT
2026-03-25 10:31:37,742 - sqlalchemy.engine.Engine - INFO - BEGIN (implicit)
2026-03-25 10:31:37,744 - sqlalchemy.engine.Engine - INFO - SELECT employees.employee_id, employees.guard_no, employees.profile_photo, employees.first_name, employees.middle_name, employees.last_name, employees.gender, employees.date_of_birth, employees.marital_status, employees.nationality, employees.nin, employees.phone_1, employees.phone_2, employees.email, employees.physical_address, employees.region, employees.region_id, employees.postal_address, employees.education_background, employees.job_title, employees.employment_status, employees.hire_date, employees.termination_date, employees.notes, employees.id, employees.org_id, employees.created_at, employees.updated_at, employees.created_by 
FROM employees 
WHERE employees.id = $1::UUID AND employees.org_id = $2::UUID
2026-03-25 10:31:37,746 - sqlalchemy.engine.Engine - INFO - [cached since 3891s ago] (UUID('53e6f459-0456-4eac-8973-838b580ba9e6'), UUID('325d99b7-66fb-4467-8fd6-41d83f15e237'))
2026-03-25 10:31:37,772 - sqlalchemy.engine.Engine - INFO - INSERT INTO employment_history (employee_id, employer_name, job_title, start_date, end_date, reason_for_leaving, reference_contact, notes, id, org_id, created_by) VALUES ($1::UUID, $2::VARCHAR, $3::VARCHAR, $4::DATE, $5::DATE, $6::VARCHAR, $7::VARCHAR, $8::VARCHAR, $9::UUID, $10::UUID, $11::UUID) RETURNING employment_history.created_at, employment_history.updated_at
2026-03-25 10:31:37,774 - sqlalchemy.engine.Engine - INFO - [generated in 0.00193s] (UUID('53e6f459-0456-4eac-8973-838b580ba9e6'), 'Securix', 'Guard', datetime.date(2026, 3, 1), datetime.date(2026, 3, 10), None, None, None, UUID('b3b4630b-f8c6-4de0-9ff4-9adeeaa31e3e'), UUID('325d99b7-66fb-4467-8fd6-41d83f15e237'), UUID('c623a1bd-4ac1-4e52-8461-8a8b38e07327'))
2026-03-25 10:31:37,781 - sqlalchemy.engine.Engine - INFO - COMMIT
2026-03-25 10:31:37,788 - sqlalchemy.engine.Engine - INFO - BEGIN (implicit)
2026-03-25 10:31:37,791 - sqlalchemy.engine.Engine - INFO - SELECT employment_history.employee_id, employment_history.employer_name, employment_history.job_title, employment_history.start_date, employment_history.end_date, employment_history.reason_for_leaving, employment_history.reference_contact, employment_history.notes, employment_history.id, employment_history.org_id, employment_history.created_at, employment_history.updated_at, employment_history.created_by 
FROM employment_history 
WHERE employment_history.id = $1::UUID
2026-03-25 10:31:37,792 - sqlalchemy.engine.Engine - INFO - [generated in 0.00176s] (UUID('b3b4630b-f8c6-4de0-9ff4-9adeeaa31e3e'),)
2026-03-25 10:31:37,802 - sqlalchemy.engine.Engine - INFO - COMMIT
2026-03-25 10:31:37,823 - sqlalchemy.engine.Engine - INFO - BEGIN (implicit)
2026-03-25 10:31:37,825 - sqlalchemy.engine.Engine - INFO - SELECT employees.employee_id, employees.guard_no, employees.profile_photo, employees.first_name, employees.middle_name, employees.last_name, employees.gender, employees.date_of_birth, employees.marital_status, employees.nationality, employees.nin, employees.phone_1, employees.phone_2, employees.email, employees.physical_address, employees.region, employees.region_id, employees.postal_address, employees.education_background, employees.job_title, employees.employment_status, employees.hire_date, employees.termination_date, employees.notes, employees.id, employees.org_id, employees.created_at, employees.updated_at, employees.created_by 
FROM employees 
WHERE employees.id = $1::UUID AND employees.org_id = $2::UUID
2026-03-25 10:31:37,826 - sqlalchemy.engine.Engine - INFO - [cached since 3891s ago] (UUID('53e6f459-0456-4eac-8973-838b580ba9e6'), UUID('325d99b7-66fb-4467-8fd6-41d83f15e237'))
2026-03-25 10:31:37,879 - sqlalchemy.engine.Engine - INFO - SELECT regions.zone_id, regions.region_name, regions.notes, regions.status, regions.id, regions.org_id, regions.created_at, regions.updated_at, regions.created_by 
FROM regions 
WHERE regions.id = $1::UUID
2026-03-25 10:31:37,882 - sqlalchemy.engine.Engine - INFO - [cached since 110.4s ago] (UUID('9b082de0-c7ff-4d79-b178-e00ee101a883'),)
2026-03-25 10:31:37,901 - sqlalchemy.engine.Engine - INFO - SELECT zones.zone_name, zones.notes, zones.status, zones.id, zones.org_id, zones.created_at, zones.updated_at, zones.created_by 
FROM zones 
WHERE zones.id = $1::UUID
2026-03-25 10:31:37,902 - sqlalchemy.engine.Engine - INFO - [cached since 110.5s ago] (UUID('c58a8035-0f39-4536-8f38-a9b508947d43'),)
2026-03-25 10:31:37,920 - sqlalchemy.engine.Engine - INFO - COMMIT
2026-03-25 10:31:37,931 - sqlalchemy.engine.Engine - INFO - BEGIN (implicit)
2026-03-25 10:31:37,933 - sqlalchemy.engine.Engine - INFO - SELECT employee_bank_accounts.employee_id, employee_bank_accounts.bank_name, employee_bank_accounts.bank_branch, employee_bank_accounts.account_name, employee_bank_accounts.account_number, employee_bank_accounts.id, employee_bank_accounts.org_id, employee_bank_accounts.created_at, employee_bank_accounts.updated_at, employee_bank_accounts.created_by 
FROM employee_bank_accounts 
WHERE employee_bank_accounts.employee_id = $1::UUID AND employee_bank_accounts.org_id = $2::UUID ORDER BY employee_bank_accounts.created_at DESC
2026-03-25 10:31:37,934 - sqlalchemy.engine.Engine - INFO - [cached since 101.5s ago] (UUID('53e6f459-0456-4eac-8973-838b580ba9e6'), UUID('325d99b7-66fb-4467-8fd6-41d83f15e237'))
2026-03-25 10:31:37,941 - sqlalchemy.engine.Engine - INFO - COMMIT
2026-03-25 10:31:37,952 - sqlalchemy.engine.Engine - INFO - BEGIN (implicit)
2026-03-25 10:31:37,953 - sqlalchemy.engine.Engine - INFO - SELECT employee_referees.employee_id, employee_referees.full_name, employee_referees.referee_relationship, employee_referees.phone_number, employee_referees.alternate_phone, employee_referees.id_type, employee_referees.id_number, employee_referees.id_softcopy_file, employee_referees.address, employee_referees.occupation, employee_referees.notes, employee_referees.id, employee_referees.org_id, employee_referees.created_at, employee_referees.updated_at, employee_referees.created_by 
FROM employee_referees 
WHERE employee_referees.employee_id = $1::UUID AND employee_referees.org_id = $2::UUID ORDER BY employee_referees.created_at DESC
2026-03-25 10:31:37,955 - sqlalchemy.engine.Engine - INFO - [cached since 101.5s ago] (UUID('53e6f459-0456-4eac-8973-838b580ba9e6'), UUID('325d99b7-66fb-4467-8fd6-41d83f15e237'))
2026-03-25 10:31:37,981 - sqlalchemy.engine.Engine - INFO - COMMIT
2026-03-25 10:31:37,997 - sqlalchemy.engine.Engine - INFO - BEGIN (implicit)
2026-03-25 10:31:37,999 - sqlalchemy.engine.Engine - INFO - SELECT employee_next_of_kin.employee_id, employee_next_of_kin.full_name, employee_next_of_kin.kin_relationship, employee_next_of_kin.phone_1, employee_next_of_kin.phone_2, employee_next_of_kin.address, employee_next_of_kin.occupation, employee_next_of_kin.id_type, employee_next_of_kin.id_number, employee_next_of_kin.id_softcopy_file, employee_next_of_kin.notes, employee_next_of_kin.id, employee_next_of_kin.org_id, employee_next_of_kin.created_at, employee_next_of_kin.updated_at, employee_next_of_kin.created_by 
FROM employee_next_of_kin 
WHERE employee_next_of_kin.employee_id = $1::UUID AND employee_next_of_kin.org_id = $2::UUID ORDER BY employee_next_of_kin.created_at DESC
2026-03-25 10:31:38,001 - sqlalchemy.engine.Engine - INFO - [cached since 3891s ago] (UUID('53e6f459-0456-4eac-8973-838b580ba9e6'), UUID('325d99b7-66fb-4467-8fd6-41d83f15e237'))
2026-03-25 10:31:38,005 - sqlalchemy.engine.Engine - INFO - BEGIN (implicit)
2026-03-25 10:31:38,007 - sqlalchemy.engine.Engine - INFO - SELECT employment_history.employee_id, employment_history.employer_name, employment_history.job_title, employment_history.start_date, employment_history.end_date, employment_history.reason_for_leaving, employment_history.reference_contact, employment_history.notes, employment_history.id, employment_history.org_id, employment_history.created_at, employment_history.updated_at, employment_history.created_by 
FROM employment_history 
WHERE employment_history.employee_id = $1::UUID AND employment_history.org_id = $2::UUID ORDER BY employment_history.start_date DESC
2026-03-25 10:31:38,009 - sqlalchemy.engine.Engine - INFO - [cached since 101.1s ago] (UUID('53e6f459-0456-4eac-8973-838b580ba9e6'), UUID('325d99b7-66fb-4467-8fd6-41d83f15e237'))
2026-03-25 10:31:38,018 - sqlalchemy.engine.Engine - INFO - COMMIT
2026-03-25 10:31:38,032 - sqlalchemy.engine.Engine - INFO - BEGIN (implicit)
2026-03-25 10:31:38,035 - sqlalchemy.engine.Engine - INFO - SELECT employee_contracts.employee_id, employee_contracts.contract_number, employee_contracts.contract_type, employee_contracts.start_date, employee_contracts.end_date, employee_contracts.duration_months, employee_contracts.probation_months, employee_contracts.salary_amount, employee_contracts.job_title_on_contract, employee_contracts.workstation_site, employee_contracts.signed_date, employee_contracts.employee_signed, employee_contracts.employer_signed, employee_contracts.contract_document_file, employee_contracts.status, employee_contracts.id, employee_contracts.org_id, employee_contracts.created_at, employee_contracts.updated_at, employee_contracts.created_by 
FROM employee_contracts 
WHERE employee_contracts.employee_id = $1::UUID AND employee_contracts.org_id = $2::UUID ORDER BY employee_contracts.start_date DESC
2026-03-25 10:31:38,037 - sqlalchemy.engine.Engine - INFO - [cached since 101.6s ago] (UUID('53e6f459-0456-4eac-8973-838b580ba9e6'), UUID('325d99b7-66fb-4467-8fd6-41d83f15e237'))
2026-03-25 10:31:38,040 - sqlalchemy.engine.Engine - INFO - COMMIT
2026-03-25 10:31:38,056 - sqlalchemy.engine.Engine - INFO - BEGIN (implicit)
2026-03-25 10:31:38,058 - sqlalchemy.engine.Engine - INFO - SELECT employee_documents.employee_id, employee_documents.document_type, employee_documents.name, employee_documents.file_url, employee_documents.expiry_date, employee_documents.notes, employee_documents.id, employee_documents.org_id, employee_documents.created_at, employee_documents.updated_at, employee_documents.created_by 
FROM employee_documents 
WHERE employee_documents.employee_id = $1::UUID AND employee_documents.org_id = $2::UUID ORDER BY employee_documents.created_at DESC
2026-03-25 10:31:38,060 - sqlalchemy.engine.Engine - INFO - [cached since 101.1s ago] (UUID('53e6f459-0456-4eac-8973-838b580ba9e6'), UUID('325d99b7-66fb-4467-8fd6-41d83f15e237'))
2026-03-25 10:31:38,067 - sqlalchemy.engine.Engine - INFO - COMMIT
2026-03-25 10:31:38,074 - sqlalchemy.engine.Engine - INFO - COMMIT
2026-03-25 10:31:38,085 - sqlalchemy.engine.Engine - INFO - BEGIN (implicit)
2026-03-25 10:31:38,087 - sqlalchemy.engine.Engine - INFO - SELECT employment_history.employee_id, employment_history.employer_name, employment_history.job_title, employment_history.start_date, employment_history.end_date, employment_history.reason_for_leaving, employment_history.reference_contact, employment_history.notes, employment_history.id, employment_history.org_id, employment_history.created_at, employment_history.updated_at, employment_history.created_by 
FROM employment_history 
WHERE employment_history.employee_id = $1::UUID AND employment_history.org_id = $2::UUID ORDER BY employment_history.start_date DESC
2026-03-25 10:31:38,088 - sqlalchemy.engine.Engine - INFO - [cached since 101.2s ago] (UUID('53e6f459-0456-4eac-8973-838b580ba9e6'), UUID('325d99b7-66fb-4467-8fd6-41d83f15e237'))
2026-03-25 10:31:38,098 - sqlalchemy.engine.Engine - INFO - COMMIT
2026-03-25 10:32:48,170 - sqlalchemy.engine.Engine - INFO - BEGIN (implicit)
2026-03-25 10:32:48,172 - sqlalchemy.engine.Engine - INFO - SELECT employees.employee_id, employees.guard_no, employees.profile_photo, employees.first_name, employees.middle_name, employees.last_name, employees.gender, employees.date_of_birth, employees.marital_status, employees.nationality, employees.nin, employees.phone_1, employees.phone_2, employees.email, employees.physical_address, employees.region, employees.region_id, employees.postal_address, employees.education_background, employees.job_title, employees.employment_status, employees.hire_date, employees.termination_date, employees.notes, employees.id, employees.org_id, employees.created_at, employees.updated_at, employees.created_by 
FROM employees 
WHERE employees.id = $1::UUID AND employees.org_id = $2::UUID
2026-03-25 10:32:48,173 - sqlalchemy.engine.Engine - INFO - [cached since 3962s ago] (UUID('53e6f459-0456-4eac-8973-838b580ba9e6'), UUID('325d99b7-66fb-4467-8fd6-41d83f15e237'))
2026-03-25 10:32:48,183 - sqlalchemy.engine.Engine - INFO - INSERT INTO employee_referees (employee_id, full_name, referee_relationship, phone_number, alternate_phone, id_type, id_number, id_softcopy_file, address, occupation, notes, id, org_id, created_by) VALUES ($1::UUID, $2::VARCHAR, $3, $4::VARCHAR, $5::VARCHAR, $6::id_type, $7::VARCHAR, $8::VARCHAR, $9::VARCHAR, $10::VARCHAR, $11::VARCHAR, $12::UUID, $13::UUID, $14::UUID) RETURNING employee_referees.created_at, employee_referees.updated_at
2026-03-25 10:32:48,185 - sqlalchemy.engine.Engine - INFO - [generated in 0.00217s] (UUID('53e6f459-0456-4eac-8973-838b580ba9e6'), 'Tomson', 'neighbor', '0746304711', None, 'VOTER_ID', '12312398798798213213', None, 'Majita Road', 'Farmer', None, UUID('86bfd6f5-a821-40bd-8cee-e43fe8b17fb0'), UUID('325d99b7-66fb-4467-8fd6-41d83f15e237'), UUID('c623a1bd-4ac1-4e52-8461-8a8b38e07327'))
2026-03-25 10:32:48,208 - sqlalchemy.engine.Engine - INFO - COMMIT
2026-03-25 10:32:48,213 - sqlalchemy.engine.Engine - INFO - BEGIN (implicit)
2026-03-25 10:32:48,217 - sqlalchemy.engine.Engine - INFO - SELECT employee_referees.employee_id, employee_referees.full_name, employee_referees.referee_relationship, employee_referees.phone_number, employee_referees.alternate_phone, employee_referees.id_type, employee_referees.id_number, employee_referees.id_softcopy_file, employee_referees.address, employee_referees.occupation, employee_referees.notes, employee_referees.id, employee_referees.org_id, employee_referees.created_at, employee_referees.updated_at, employee_referees.created_by 
FROM employee_referees 
WHERE employee_referees.id = $1::UUID
2026-03-25 10:32:48,219 - sqlalchemy.engine.Engine - INFO - [generated in 0.00231s] (UUID('86bfd6f5-a821-40bd-8cee-e43fe8b17fb0'),)
2026-03-25 10:32:48,226 - sqlalchemy.engine.Engine - INFO - COMMIT
2026-03-25 10:32:48,248 - sqlalchemy.engine.Engine - INFO - BEGIN (implicit)
2026-03-25 10:32:48,250 - sqlalchemy.engine.Engine - INFO - SELECT employees.employee_id, employees.guard_no, employees.profile_photo, employees.first_name, employees.middle_name, employees.last_name, employees.gender, employees.date_of_birth, employees.marital_status, employees.nationality, employees.nin, employees.phone_1, employees.phone_2, employees.email, employees.physical_address, employees.region, employees.region_id, employees.postal_address, employees.education_background, employees.job_title, employees.employment_status, employees.hire_date, employees.termination_date, employees.notes, employees.id, employees.org_id, employees.created_at, employees.updated_at, employees.created_by 
FROM employees 
WHERE employees.id = $1::UUID AND employees.org_id = $2::UUID
2026-03-25 10:32:48,251 - sqlalchemy.engine.Engine - INFO - [cached since 3962s ago] (UUID('53e6f459-0456-4eac-8973-838b580ba9e6'), UUID('325d99b7-66fb-4467-8fd6-41d83f15e237'))
2026-03-25 10:32:48,292 - sqlalchemy.engine.Engine - INFO - SELECT regions.zone_id, regions.region_name, regions.notes, regions.status, regions.id, regions.org_id, regions.created_at, regions.updated_at, regions.created_by 
FROM regions 
WHERE regions.id = $1::UUID
2026-03-25 10:32:48,293 - sqlalchemy.engine.Engine - INFO - [cached since 180.8s ago] (UUID('9b082de0-c7ff-4d79-b178-e00ee101a883'),)
2026-03-25 10:32:48,309 - sqlalchemy.engine.Engine - INFO - SELECT zones.zone_name, zones.notes, zones.status, zones.id, zones.org_id, zones.created_at, zones.updated_at, zones.created_by 
FROM zones 
WHERE zones.id = $1::UUID
2026-03-25 10:32:48,310 - sqlalchemy.engine.Engine - INFO - [cached since 180.9s ago] (UUID('c58a8035-0f39-4536-8f38-a9b508947d43'),)
2026-03-25 10:32:48,327 - sqlalchemy.engine.Engine - INFO - COMMIT
2026-03-25 10:32:48,336 - sqlalchemy.engine.Engine - INFO - BEGIN (implicit)
2026-03-25 10:32:48,337 - sqlalchemy.engine.Engine - INFO - SELECT employee_bank_accounts.employee_id, employee_bank_accounts.bank_name, employee_bank_accounts.bank_branch, employee_bank_accounts.account_name, employee_bank_accounts.account_number, employee_bank_accounts.id, employee_bank_accounts.org_id, employee_bank_accounts.created_at, employee_bank_accounts.updated_at, employee_bank_accounts.created_by 
FROM employee_bank_accounts 
WHERE employee_bank_accounts.employee_id = $1::UUID AND employee_bank_accounts.org_id = $2::UUID ORDER BY employee_bank_accounts.created_at DESC
2026-03-25 10:32:48,338 - sqlalchemy.engine.Engine - INFO - [cached since 171.9s ago] (UUID('53e6f459-0456-4eac-8973-838b580ba9e6'), UUID('325d99b7-66fb-4467-8fd6-41d83f15e237'))
2026-03-25 10:32:48,347 - sqlalchemy.engine.Engine - INFO - COMMIT
2026-03-25 10:32:48,356 - sqlalchemy.engine.Engine - INFO - BEGIN (implicit)
2026-03-25 10:32:48,358 - sqlalchemy.engine.Engine - INFO - SELECT employee_referees.employee_id, employee_referees.full_name, employee_referees.referee_relationship, employee_referees.phone_number, employee_referees.alternate_phone, employee_referees.id_type, employee_referees.id_number, employee_referees.id_softcopy_file, employee_referees.address, employee_referees.occupation, employee_referees.notes, employee_referees.id, employee_referees.org_id, employee_referees.created_at, employee_referees.updated_at, employee_referees.created_by 
FROM employee_referees 
WHERE employee_referees.employee_id = $1::UUID AND employee_referees.org_id = $2::UUID ORDER BY employee_referees.created_at DESC
2026-03-25 10:32:48,359 - sqlalchemy.engine.Engine - INFO - [cached since 171.9s ago] (UUID('53e6f459-0456-4eac-8973-838b580ba9e6'), UUID('325d99b7-66fb-4467-8fd6-41d83f15e237'))
2026-03-25 10:32:48,362 - sqlalchemy.engine.Engine - INFO - COMMIT
2026-03-25 10:32:48,371 - sqlalchemy.engine.Engine - INFO - BEGIN (implicit)
2026-03-25 10:32:48,372 - sqlalchemy.engine.Engine - INFO - SELECT employee_next_of_kin.employee_id, employee_next_of_kin.full_name, employee_next_of_kin.kin_relationship, employee_next_of_kin.phone_1, employee_next_of_kin.phone_2, employee_next_of_kin.address, employee_next_of_kin.occupation, employee_next_of_kin.id_type, employee_next_of_kin.id_number, employee_next_of_kin.id_softcopy_file, employee_next_of_kin.notes, employee_next_of_kin.id, employee_next_of_kin.org_id, employee_next_of_kin.created_at, employee_next_of_kin.updated_at, employee_next_of_kin.created_by 
FROM employee_next_of_kin 
WHERE employee_next_of_kin.employee_id = $1::UUID AND employee_next_of_kin.org_id = $2::UUID ORDER BY employee_next_of_kin.created_at DESC
2026-03-25 10:32:48,373 - sqlalchemy.engine.Engine - INFO - [cached since 3962s ago] (UUID('53e6f459-0456-4eac-8973-838b580ba9e6'), UUID('325d99b7-66fb-4467-8fd6-41d83f15e237'))
2026-03-25 10:32:48,376 - sqlalchemy.engine.Engine - INFO - COMMIT
2026-03-25 10:32:48,385 - sqlalchemy.engine.Engine - INFO - BEGIN (implicit)
2026-03-25 10:32:48,387 - sqlalchemy.engine.Engine - INFO - SELECT employee_contracts.employee_id, employee_contracts.contract_number, employee_contracts.contract_type, employee_contracts.start_date, employee_contracts.end_date, employee_contracts.duration_months, employee_contracts.probation_months, employee_contracts.salary_amount, employee_contracts.job_title_on_contract, employee_contracts.workstation_site, employee_contracts.signed_date, employee_contracts.employee_signed, employee_contracts.employer_signed, employee_contracts.contract_document_file, employee_contracts.status, employee_contracts.id, employee_contracts.org_id, employee_contracts.created_at, employee_contracts.updated_at, employee_contracts.created_by 
FROM employee_contracts 
WHERE employee_contracts.employee_id = $1::UUID AND employee_contracts.org_id = $2::UUID ORDER BY employee_contracts.start_date DESC
2026-03-25 10:32:48,389 - sqlalchemy.engine.Engine - INFO - [cached since 171.9s ago] (UUID('53e6f459-0456-4eac-8973-838b580ba9e6'), UUID('325d99b7-66fb-4467-8fd6-41d83f15e237'))
2026-03-25 10:32:48,414 - sqlalchemy.engine.Engine - INFO - COMMIT
2026-03-25 10:32:48,416 - sqlalchemy.engine.Engine - INFO - BEGIN (implicit)
2026-03-25 10:32:48,417 - sqlalchemy.engine.Engine - INFO - SELECT employment_history.employee_id, employment_history.employer_name, employment_history.job_title, employment_history.start_date, employment_history.end_date, employment_history.reason_for_leaving, employment_history.reference_contact, employment_history.notes, employment_history.id, employment_history.org_id, employment_history.created_at, employment_history.updated_at, employment_history.created_by 
FROM employment_history 
WHERE employment_history.employee_id = $1::UUID AND employment_history.org_id = $2::UUID ORDER BY employment_history.start_date DESC
2026-03-25 10:32:48,418 - sqlalchemy.engine.Engine - INFO - [cached since 171.5s ago] (UUID('53e6f459-0456-4eac-8973-838b580ba9e6'), UUID('325d99b7-66fb-4467-8fd6-41d83f15e237'))
2026-03-25 10:32:48,429 - sqlalchemy.engine.Engine - INFO - COMMIT
2026-03-25 10:32:48,432 - sqlalchemy.engine.Engine - INFO - BEGIN (implicit)
2026-03-25 10:32:48,433 - sqlalchemy.engine.Engine - INFO - SELECT employee_documents.employee_id, employee_documents.document_type, employee_documents.name, employee_documents.file_url, employee_documents.expiry_date, employee_documents.notes, employee_documents.id, employee_documents.org_id, employee_documents.created_at, employee_documents.updated_at, employee_documents.created_by 
FROM employee_documents 
WHERE employee_documents.employee_id = $1::UUID AND employee_documents.org_id = $2::UUID ORDER BY employee_documents.created_at DESC
2026-03-25 10:32:48,435 - sqlalchemy.engine.Engine - INFO - [cached since 171.5s ago] (UUID('53e6f459-0456-4eac-8973-838b580ba9e6'), UUID('325d99b7-66fb-4467-8fd6-41d83f15e237'))
2026-03-25 10:32:48,441 - sqlalchemy.engine.Engine - INFO - BEGIN (implicit)
2026-03-25 10:32:48,442 - sqlalchemy.engine.Engine - INFO - SELECT employee_referees.employee_id, employee_referees.full_name, employee_referees.referee_relationship, employee_referees.phone_number, employee_referees.alternate_phone, employee_referees.id_type, employee_referees.id_number, employee_referees.id_softcopy_file, employee_referees.address, employee_referees.occupation, employee_referees.notes, employee_referees.id, employee_referees.org_id, employee_referees.created_at, employee_referees.updated_at, employee_referees.created_by 
FROM employee_referees 
WHERE employee_referees.employee_id = $1::UUID AND employee_referees.org_id = $2::UUID ORDER BY employee_referees.created_at DESC
2026-03-25 10:32:48,443 - sqlalchemy.engine.Engine - INFO - [cached since 172s ago] (UUID('53e6f459-0456-4eac-8973-838b580ba9e6'), UUID('325d99b7-66fb-4467-8fd6-41d83f15e237'))
2026-03-25 10:32:48,446 - sqlalchemy.engine.Engine - INFO - COMMIT
2026-03-25 10:32:48,449 - sqlalchemy.engine.Engine - INFO - COMMIT
