INFO:     Started server process [21404]
INFO:     Waiting for application startup.
2026-03-25 07:32:42,400 - sqlalchemy.engine.Engine - INFO - select pg_catalog.version()
2026-03-25 07:32:42,404 - sqlalchemy.engine.Engine - INFO - [raw sql] ()
2026-03-25 07:32:42,411 - sqlalchemy.engine.Engine - INFO - select current_schema()
2026-03-25 07:32:42,413 - sqlalchemy.engine.Engine - INFO - [raw sql] ()
2026-03-25 07:32:42,436 - sqlalchemy.engine.Engine - INFO - show standard_conforming_strings
2026-03-25 07:32:42,441 - sqlalchemy.engine.Engine - INFO - [raw sql] ()
2026-03-25 07:32:42,446 - sqlalchemy.engine.Engine - INFO - BEGIN (implicit)
2026-03-25 07:32:42,645 - sqlalchemy.engine.Engine - INFO - SELECT organizations.name, organizations.slug, organizations.logo_url, organizations.accent_color, organizations.address, organizations.phone, organizations.email, organizations.website, organizations.is_active, organizations.bank_details, organizations.id, organizations.org_id, organizations.created_at, organizations.updated_at, organizations.created_by 
FROM organizations 
WHERE organizations.slug = $1::VARCHAR
2026-03-25 07:32:42,646 - sqlalchemy.engine.Engine - INFO - [generated in 0.00149s] ('secureops-demo',)
2026-03-25 07:32:42,659 - sqlalchemy.engine.Engine - INFO - DELETE FROM zones WHERE zones.org_id = $1::UUID
2026-03-25 07:32:42,660 - sqlalchemy.engine.Engine - INFO - [generated in 0.00127s] (UUID('e30cfec5-6e19-4c75-bb3a-206078e272a0'),)
2026-03-25 07:32:42,672 - sqlalchemy.engine.Engine - INFO - ROLLBACK
Traceback (most recent call last):
  File "C:\Users\LENOVO\AppData\Local\Packages\PythonSoftwareFoundation.Python.3.13_qbz5n2kfra8p0\LocalCache\local-packages\Python313\site-packages\sqlalchemy\dialects\postgresql\asyncpg.py", line 550, in _prepare_and_execute
    self._rows = deque(await prepared_stmt.fetch(*parameters))
                       ^^^^^^^^^^^^^^^^^^^^^^^^^^^^^^^^^^^^^^
  File "C:\Users\LENOVO\AppData\Local\Packages\PythonSoftwareFoundation.Python.3.13_qbz5n2kfra8p0\LocalCache\local-packages\Python313\site-packages\asyncpg\prepared_stmt.py", line 177, in fetch
    data = await self.__bind_execute(args, 0, timeout)
           ^^^^^^^^^^^^^^^^^^^^^^^^^^^^^^^^^^^^^^^^^^^
  File "C:\Users\LENOVO\AppData\Local\Packages\PythonSoftwareFoundation.Python.3.13_qbz5n2kfra8p0\LocalCache\local-packages\Python313\site-packages\asyncpg\prepared_stmt.py", line 268, in __bind_execute
    data, status, _ = await self.__do_execute(
                      ^^^^^^^^^^^^^^^^^^^^^^^^
        lambda protocol: protocol.bind_execute(
        ^^^^^^^^^^^^^^^^^^^^^^^^^^^^^^^^^^^^^^^
            self._state, args, '', limit, True, timeout))
            ^^^^^^^^^^^^^^^^^^^^^^^^^^^^^^^^^^^^^^^^^^^^^
  File "C:\Users\LENOVO\AppData\Local\Packages\PythonSoftwareFoundation.Python.3.13_qbz5n2kfra8p0\LocalCache\local-packages\Python313\site-packages\asyncpg\prepared_stmt.py", line 257, in __do_execute
    return await executor(protocol)
           ^^^^^^^^^^^^^^^^^^^^^^^^
  File "asyncpg/protocol/protocol.pyx", line 205, in bind_execute
asyncpg.exceptions.ForeignKeyViolationError: update or delete on table "zones" violates foreign key constraint "regions_zone_id_fkey" on table "regions"
DETAIL:  Key (id)=(52ea32f0-b954-4465-81e4-3203342329f7) is still referenced from table "regions".

The above exception was the direct cause of the following exception:

Traceback (most recent call last):
  File "C:\Users\LENOVO\AppData\Local\Packages\PythonSoftwareFoundation.Python.3.13_qbz5n2kfra8p0\LocalCache\local-packages\Python313\site-packages\sqlalchemy\engine\base.py", line 1967, in _exec_single_context
    self.dialect.do_execute(
    ~~~~~~~~~~~~~~~~~~~~~~~^
        cursor, str_statement, effective_parameters, context
        ^^^^^^^^^^^^^^^^^^^^^^^^^^^^^^^^^^^^^^^^^^^^^^^^^^^^
    )
    ^
  File "C:\Users\LENOVO\AppData\Local\Packages\PythonSoftwareFoundation.Python.3.13_qbz5n2kfra8p0\LocalCache\local-packages\Python313\site-packages\sqlalchemy\engine\default.py", line 952, in do_execute
    cursor.execute(statement, parameters)
    ~~~~~~~~~~~~~~^^^^^^^^^^^^^^^^^^^^^^^
  File "C:\Users\LENOVO\AppData\Local\Packages\PythonSoftwareFoundation.Python.3.13_qbz5n2kfra8p0\LocalCache\local-packages\Python313\site-packages\sqlalchemy\dialects\postgresql\asyncpg.py", line 585, in execute
    self._adapt_connection.await_(
    ~~~~~~~~~~~~~~~~~~~~~~~~~~~~~^
        self._prepare_and_execute(operation, parameters)
        ^^^^^^^^^^^^^^^^^^^^^^^^^^^^^^^^^^^^^^^^^^^^^^^^
    )
    ^
  File "C:\Users\LENOVO\AppData\Local\Packages\PythonSoftwareFoundation.Python.3.13_qbz5n2kfra8p0\LocalCache\local-packages\Python313\site-packages\sqlalchemy\util\_concurrency_py3k.py", line 132, in await_only
    return current.parent.switch(awaitable)  # type: ignore[no-any-return,attr-defined] # noqa: E501
           ~~~~~~~~~~~~~~~~~~~~~^^^^^^^^^^^
  File "C:\Users\LENOVO\AppData\Local\Packages\PythonSoftwareFoundation.Python.3.13_qbz5n2kfra8p0\LocalCache\local-packages\Python313\site-packages\sqlalchemy\util\_concurrency_py3k.py", line 196, in greenlet_spawn
    value = await result
            ^^^^^^^^^^^^
  File "C:\Users\LENOVO\AppData\Local\Packages\PythonSoftwareFoundation.Python.3.13_qbz5n2kfra8p0\LocalCache\local-packages\Python313\site-packages\sqlalchemy\dialects\postgresql\asyncpg.py", line 563, in _prepare_and_execute
    self._handle_exception(error)
    ~~~~~~~~~~~~~~~~~~~~~~^^^^^^^
  File "C:\Users\LENOVO\AppData\Local\Packages\PythonSoftwareFoundation.Python.3.13_qbz5n2kfra8p0\LocalCache\local-packages\Python313\site-packages\sqlalchemy\dialects\postgresql\asyncpg.py", line 513, in _handle_exception
    self._adapt_connection._handle_exception(error)
    ~~~~~~~~~~~~~~~~~~~~~~~~~~~~~~~~~~~~~~~~^^^^^^^
  File "C:\Users\LENOVO\AppData\Local\Packages\PythonSoftwareFoundation.Python.3.13_qbz5n2kfra8p0\LocalCache\local-packages\Python313\site-packages\sqlalchemy\dialects\postgresql\asyncpg.py", line 797, in _handle_exception
    raise translated_error from error
sqlalchemy.dialects.postgresql.asyncpg.AsyncAdapt_asyncpg_dbapi.IntegrityError: <class 'asyncpg.exceptions.ForeignKeyViolationError'>: update or delete on table "zones" violates foreign key constraint "regions_zone_id_fkey" on table "regions"
DETAIL:  Key (id)=(52ea32f0-b954-4465-81e4-3203342329f7) is still referenced from table "regions".

The above exception was the direct cause of the following exception:

Traceback (most recent call last):
  File "C:\Users\LENOVO\Documents\PROGRAMMING\SRCOps\SecurityPro\backend\seed.py", line 101, in seed_database
    await db.execute(
        delete(Zone).where(Zone.org_id == org_id)
    )
  File "C:\Users\LENOVO\AppData\Local\Packages\PythonSoftwareFoundation.Python.3.13_qbz5n2kfra8p0\LocalCache\local-packages\Python313\site-packages\sqlalchemy\ext\asyncio\session.py", line 449, in execute
    result = await greenlet_spawn(
             ^^^^^^^^^^^^^^^^^^^^^
    ...<6 lines>...
    )
    ^
  File "C:\Users\LENOVO\AppData\Local\Packages\PythonSoftwareFoundation.Python.3.13_qbz5n2kfra8p0\LocalCache\local-packages\Python313\site-packages\sqlalchemy\util\_concurrency_py3k.py", line 201, in greenlet_spawn
    result = context.throw(*sys.exc_info())
  File "C:\Users\LENOVO\AppData\Local\Packages\PythonSoftwareFoundation.Python.3.13_qbz5n2kfra8p0\LocalCache\local-packages\Python313\site-packages\sqlalchemy\orm\session.py", line 2351, in execute
    return self._execute_internal(
           ~~~~~~~~~~~~~~~~~~~~~~^
        statement,
        ^^^^^^^^^^
    ...<4 lines>...
        _add_event=_add_event,
        ^^^^^^^^^^^^^^^^^^^^^^
    )
    ^
  File "C:\Users\LENOVO\AppData\Local\Packages\PythonSoftwareFoundation.Python.3.13_qbz5n2kfra8p0\LocalCache\local-packages\Python313\site-packages\sqlalchemy\orm\session.py", line 2249, in _execute_internal
    result: Result[Any] = compile_state_cls.orm_execute_statement(
                          ~~~~~~~~~~~~~~~~~~~~~~~~~~~~~~~~~~~~~~~^
        self,
        ^^^^^
    ...<4 lines>...
        conn,
        ^^^^^
    )
    ^
  File "C:\Users\LENOVO\AppData\Local\Packages\PythonSoftwareFoundation.Python.3.13_qbz5n2kfra8p0\LocalCache\local-packages\Python313\site-packages\sqlalchemy\orm\bulk_persistence.py", line 2033, in orm_execute_statement
    return super().orm_execute_statement(
           ~~~~~~~~~~~~~~~~~~~~~~~~~~~~~^
        session, statement, params, execution_options, bind_arguments, conn
        ^^^^^^^^^^^^^^^^^^^^^^^^^^^^^^^^^^^^^^^^^^^^^^^^^^^^^^^^^^^^^^^^^^^
    )
    ^
  File "C:\Users\LENOVO\AppData\Local\Packages\PythonSoftwareFoundation.Python.3.13_qbz5n2kfra8p0\LocalCache\local-packages\Python313\site-packages\sqlalchemy\orm\context.py", line 306, in orm_execute_statement
    result = conn.execute(
        statement, params or {}, execution_options=execution_options
    )
  File "C:\Users\LENOVO\AppData\Local\Packages\PythonSoftwareFoundation.Python.3.13_qbz5n2kfra8p0\LocalCache\local-packages\Python313\site-packages\sqlalchemy\engine\base.py", line 1419, in execute
    return meth(
        self,
        distilled_parameters,
        execution_options or NO_OPTIONS,
    )
  File "C:\Users\LENOVO\AppData\Local\Packages\PythonSoftwareFoundation.Python.3.13_qbz5n2kfra8p0\LocalCache\local-packages\Python313\site-packages\sqlalchemy\sql\elements.py", line 527, in _execute_on_connection
    return connection._execute_clauseelement(
           ~~~~~~~~~~~~~~~~~~~~~~~~~~~~~~~~~^
        self, distilled_params, execution_options
        ^^^^^^^^^^^^^^^^^^^^^^^^^^^^^^^^^^^^^^^^^
    )
    ^
  File "C:\Users\LENOVO\AppData\Local\Packages\PythonSoftwareFoundation.Python.3.13_qbz5n2kfra8p0\LocalCache\local-packages\Python313\site-packages\sqlalchemy\engine\base.py", line 1641, in _execute_clauseelement
    ret = self._execute_context(
        dialect,
    ...<8 lines>...
        cache_hit=cache_hit,
    )
  File "C:\Users\LENOVO\AppData\Local\Packages\PythonSoftwareFoundation.Python.3.13_qbz5n2kfra8p0\LocalCache\local-packages\Python313\site-packages\sqlalchemy\engine\base.py", line 1846, in _execute_context
    return self._exec_single_context(
           ~~~~~~~~~~~~~~~~~~~~~~~~~^
        dialect, context, statement, parameters
        ^^^^^^^^^^^^^^^^^^^^^^^^^^^^^^^^^^^^^^^
    )
    ^
  File "C:\Users\LENOVO\AppData\Local\Packages\PythonSoftwareFoundation.Python.3.13_qbz5n2kfra8p0\LocalCache\local-packages\Python313\site-packages\sqlalchemy\engine\base.py", line 1986, in _exec_single_context
    self._handle_dbapi_exception(
    ~~~~~~~~~~~~~~~~~~~~~~~~~~~~^
        e, str_statement, effective_parameters, cursor, context
        ^^^^^^^^^^^^^^^^^^^^^^^^^^^^^^^^^^^^^^^^^^^^^^^^^^^^^^^
    )
    ^
  File "C:\Users\LENOVO\AppData\Local\Packages\PythonSoftwareFoundation.Python.3.13_qbz5n2kfra8p0\LocalCache\local-packages\Python313\site-packages\sqlalchemy\engine\base.py", line 2363, in _handle_dbapi_exception
    raise sqlalchemy_exception.with_traceback(exc_info[2]) from e
  File "C:\Users\LENOVO\AppData\Local\Packages\PythonSoftwareFoundation.Python.3.13_qbz5n2kfra8p0\LocalCache\local-packages\Python313\site-packages\sqlalchemy\engine\base.py", line 1967, in _exec_single_context
    self.dialect.do_execute(
    ~~~~~~~~~~~~~~~~~~~~~~~^
        cursor, str_statement, effective_parameters, context
        ^^^^^^^^^^^^^^^^^^^^^^^^^^^^^^^^^^^^^^^^^^^^^^^^^^^^
    )
    ^
  File "C:\Users\LENOVO\AppData\Local\Packages\PythonSoftwareFoundation.Python.3.13_qbz5n2kfra8p0\LocalCache\local-packages\Python313\site-packages\sqlalchemy\engine\default.py", line 952, in do_execute
    cursor.execute(statement, parameters)
    ~~~~~~~~~~~~~~^^^^^^^^^^^^^^^^^^^^^^^
  File "C:\Users\LENOVO\AppData\Local\Packages\PythonSoftwareFoundation.Python.3.13_qbz5n2kfra8p0\LocalCache\local-packages\Python313\site-packages\sqlalchemy\dialects\postgresql\asyncpg.py", line 585, in execute
    self._adapt_connection.await_(
    ~~~~~~~~~~~~~~~~~~~~~~~~~~~~~^
        self._prepare_and_execute(operation, parameters)
        ^^^^^^^^^^^^^^^^^^^^^^^^^^^^^^^^^^^^^^^^^^^^^^^^
    )
    ^
  File "C:\Users\LENOVO\AppData\Local\Packages\PythonSoftwareFoundation.Python.3.13_qbz5n2kfra8p0\LocalCache\local-packages\Python313\site-packages\sqlalchemy\util\_concurrency_py3k.py", line 132, in await_only
    return current.parent.switch(awaitable)  # type: ignore[no-any-return,attr-defined] # noqa: E501
           ~~~~~~~~~~~~~~~~~~~~~^^^^^^^^^^^
  File "C:\Users\LENOVO\AppData\Local\Packages\PythonSoftwareFoundation.Python.3.13_qbz5n2kfra8p0\LocalCache\local-packages\Python313\site-packages\sqlalchemy\util\_concurrency_py3k.py", line 196, in greenlet_spawn
    value = await result
            ^^^^^^^^^^^^
  File "C:\Users\LENOVO\AppData\Local\Packages\PythonSoftwareFoundation.Python.3.13_qbz5n2kfra8p0\LocalCache\local-packages\Python313\site-packages\sqlalchemy\dialects\postgresql\asyncpg.py", line 563, in _prepare_and_execute
    self._handle_exception(error)
    ~~~~~~~~~~~~~~~~~~~~~~^^^^^^^
  File "C:\Users\LENOVO\AppData\Local\Packages\PythonSoftwareFoundation.Python.3.13_qbz5n2kfra8p0\LocalCache\local-packages\Python313\site-packages\sqlalchemy\dialects\postgresql\asyncpg.py", line 513, in _handle_exception
    self._adapt_connection._handle_exception(error)
    ~~~~~~~~~~~~~~~~~~~~~~~~~~~~~~~~~~~~~~~~^^^^^^^
  File "C:\Users\LENOVO\AppData\Local\Packages\PythonSoftwareFoundation.Python.3.13_qbz5n2kfra8p0\LocalCache\local-packages\Python313\site-packages\sqlalchemy\dialects\postgresql\asyncpg.py", line 797, in _handle_exception
    raise translated_error from error
sqlalchemy.exc.IntegrityError: (sqlalchemy.dialects.postgresql.asyncpg.IntegrityError) <class 'asyncpg.exceptions.ForeignKeyViolationError'>: update or delete on table "zones" violates foreign key constraint "regions_zone_id_fkey" on table "regions"
DETAIL:  Key (id)=(52ea32f0-b954-4465-81e4-3203342329f7) is still referenced from table "regions".
[SQL: DELETE FROM zones WHERE zones.org_id = $1::UUID]
[parameters: (UUID('e30cfec5-6e19-4c75-bb3a-206078e272a0'),)]
(Background on this error at: https://sqlalche.me/e/20/gkpj)

During handling of the above exception, another exception occurred:

Traceback (most recent call last):
  File "C:\Users\LENOVO\Documents\PROGRAMMING\SRCOps\SecurityPro\backend\seed.py", line 152, in seed_database
    print(f"\u26a0\ufe0f  Zones/Regions seeding issue: {zone_error}")
    ~~~~~^^^^^^^^^^^^^^^^^^^^^^^^^^^^^^^^^^^^^^^^^^^^^^^^^^
  File "C:\Program Files\WindowsApps\PythonSoftwareFoundation.Python.3.13_3.13.3312.0_x64__qbz5n2kfra8p0\Lib\encodings\cp1252.py", line 19, in encode
    return codecs.charmap_encode(input,self.errors,encoding_table)[0]
           ~~~~~~~~~~~~~~~~~~~~~^^^^^^^^^^^^^^^^^^^^^^^^^^^^^^^^^^
UnicodeEncodeError: 'charmap' codec can't encode characters in position 0-1: character maps to <undefined>
2026-03-25 07:32:42,747 - root - ERROR - Seeding error: 'charmap' codec can't encode characters in position 0-1: character maps to <undefined>
INFO:     Application startup complete.
INFO:     Uvicorn running on http://127.0.0.1:8001 (Press CTRL+C to quit)
2026-03-25 07:33:17,391 - sqlalchemy.engine.Engine - INFO - BEGIN (implicit)
2026-03-25 07:33:17,395 - sqlalchemy.engine.Engine - INFO - SELECT users.email, users.password_hash, users.first_name, users.last_name, users.role, users.is_active, users.last_login, users.employee_id, users.id, users.org_id, users.created_at, users.updated_at, users.created_by 
FROM users 
WHERE users.email = $1::VARCHAR
2026-03-25 07:33:17,396 - sqlalchemy.engine.Engine - INFO - [generated in 0.00118s] ('admin@securityops.com',)
2026-03-25 07:33:17,435 - passlib.handlers.bcrypt - WARNING - (trapped) error reading bcrypt version
Traceback (most recent call last):
  File "C:\Users\LENOVO\AppData\Local\Packages\PythonSoftwareFoundation.Python.3.13_qbz5n2kfra8p0\LocalCache\local-packages\Python313\site-packages\passlib\handlers\bcrypt.py", line 620, in _load_backend_mixin
    version = _bcrypt.__about__.__version__
              ^^^^^^^^^^^^^^^^^
AttributeError: module 'bcrypt' has no attribute '__about__'
2026-03-25 07:33:17,891 - sqlalchemy.engine.Engine - INFO - SELECT organizations.name, organizations.slug, organizations.logo_url, organizations.accent_color, organizations.address, organizations.phone, organizations.email, organizations.website, organizations.is_active, organizations.bank_details, organizations.id, organizations.org_id, organizations.created_at, organizations.updated_at, organizations.created_by 
FROM organizations 
WHERE organizations.id = $1::UUID
2026-03-25 07:33:17,893 - sqlalchemy.engine.Engine - INFO - [generated in 0.00181s] (UUID('e30cfec5-6e19-4c75-bb3a-206078e272a0'),)
2026-03-25 07:33:17,922 - sqlalchemy.engine.Engine - INFO - UPDATE users SET last_login=$1::TIMESTAMP WITH TIME ZONE, updated_at=now() WHERE users.id = $2::UUID
2026-03-25 07:33:17,935 - sqlalchemy.engine.Engine - INFO - [generated in 0.01281s] (datetime.datetime(2026, 3, 25, 4, 33, 17, 917378, tzinfo=datetime.timezone.utc), UUID('d61d2eae-49b7-4035-99fe-c224567be19e'))
2026-03-25 07:33:17,943 - sqlalchemy.engine.Engine - INFO - INSERT INTO refresh_tokens (user_id, token, expires_at, is_revoked, id, org_id, created_by) VALUES ($1::UUID, $2::VARCHAR, $3::TIMESTAMP WITH TIME ZONE, $4::BOOLEAN, $5::UUID, $6::UUID, $7::UUID) RETURNING refresh_tokens.created_at, refresh_tokens.updated_at
2026-03-25 07:33:17,944 - sqlalchemy.engine.Engine - INFO - [generated in 0.00133s] (UUID('d61d2eae-49b7-4035-99fe-c224567be19e'), 'eyJhbGciOiJIUzI1NiIsInR5cCI6IkpXVCJ9.eyJzdWIiOiJkNjFkMmVhZS00OWI3LTQwMzUtOTlmZS1jMjI0NTY3YmUxOWUiLCJlbWFpbCI6ImFkbWluQHNlY3VyaXR5b3BzLmNvbSIsIm9yZ19p ... (17 characters truncated) ... TZlMTktNGM3NS1iYjNhLTIwNjA3OGUyNzJhMCIsInJvbGUiOiJhZG1pbiIsImV4cCI6MTc3NTAxNzk5NywidHlwZSI6InJlZnJlc2gifQ.136xKd4z3ViSjhHRj-kzicOykpbkYY5DCkQKUmEh0Ms', datetime.datetime(2026, 4, 1, 4, 33, 17, 917092, tzinfo=datetime.timezone.utc), False, UUID('4001c6ed-9510-4585-b576-f86ea52d6338'), UUID('e30cfec5-6e19-4c75-bb3a-206078e272a0'), None)
2026-03-25 07:33:17,949 - sqlalchemy.engine.Engine - INFO - COMMIT
2026-03-25 07:33:17,955 - sqlalchemy.engine.Engine - INFO - BEGIN (implicit)
2026-03-25 07:33:17,959 - sqlalchemy.engine.Engine - INFO - SELECT users.email, users.password_hash, users.first_name, users.last_name, users.role, users.is_active, users.last_login, users.employee_id, users.id, users.org_id, users.created_at, users.updated_at, users.created_by 
FROM users 
WHERE users.id = $1::UUID
2026-03-25 07:33:17,960 - sqlalchemy.engine.Engine - INFO - [generated in 0.00135s] (UUID('d61d2eae-49b7-4035-99fe-c224567be19e'),)
2026-03-25 07:33:17,965 - sqlalchemy.engine.Engine - INFO - COMMIT
2026-03-25 07:33:18,124 - sqlalchemy.engine.Engine - INFO - BEGIN (implicit)
2026-03-25 07:33:18,128 - sqlalchemy.engine.Engine - INFO - SELECT regions.zone_id, regions.region_name, regions.notes, regions.status, regions.id, regions.org_id, regions.created_at, regions.updated_at, regions.created_by 
FROM regions 
WHERE regions.org_id = $1::UUID AND regions.status = $2 ORDER BY regions.region_name
2026-03-25 07:33:18,129 - sqlalchemy.engine.Engine - INFO - [generated in 0.00125s] (UUID('e30cfec5-6e19-4c75-bb3a-206078e272a0'), 'ACTIVE')
2026-03-25 07:33:18,136 - sqlalchemy.engine.Engine - INFO - SELECT zones.zone_name, zones.notes, zones.status, zones.id, zones.org_id, zones.created_at, zones.updated_at, zones.created_by 
FROM zones 
WHERE zones.id = $1::UUID
2026-03-25 07:33:18,138 - sqlalchemy.engine.Engine - INFO - [generated in 0.00142s] (UUID('b15f2d36-b623-4c81-8673-28969f4b083b'),)
2026-03-25 07:33:18,145 - sqlalchemy.engine.Engine - INFO - SELECT count(*) AS count_1 
FROM employees 
WHERE employees.region_id = $1::UUID
2026-03-25 07:33:18,146 - sqlalchemy.engine.Engine - INFO - [generated in 0.00112s] (UUID('3c6f458f-feef-4d6d-b2f6-8ead71d8abab'),)
2026-03-25 07:33:18,155 - sqlalchemy.engine.Engine - INFO - SELECT count(*) AS count_1 
FROM sites 
WHERE sites.region_id = $1::UUID
2026-03-25 07:33:18,156 - sqlalchemy.engine.Engine - INFO - [generated in 0.00125s] (UUID('3c6f458f-feef-4d6d-b2f6-8ead71d8abab'),)
2026-03-25 07:33:18,165 - sqlalchemy.engine.Engine - INFO - SELECT zones.zone_name, zones.notes, zones.status, zones.id, zones.org_id, zones.created_at, zones.updated_at, zones.created_by 
FROM zones 
WHERE zones.id = $1::UUID
2026-03-25 07:33:18,166 - sqlalchemy.engine.Engine - INFO - [cached since 0.03006s ago] (UUID('b15f2d36-b623-4c81-8673-28969f4b083b'),)
2026-03-25 07:33:18,170 - sqlalchemy.engine.Engine - INFO - SELECT count(*) AS count_1 
FROM employees 
WHERE employees.region_id = $1::UUID
2026-03-25 07:33:18,172 - sqlalchemy.engine.Engine - INFO - [cached since 0.02671s ago] (UUID('c1640e9f-87e8-4d1a-a0f7-9422c14e95fe'),)
2026-03-25 07:33:18,174 - sqlalchemy.engine.Engine - INFO - SELECT count(*) AS count_1 
FROM sites 
WHERE sites.region_id = $1::UUID
2026-03-25 07:33:18,175 - sqlalchemy.engine.Engine - INFO - [cached since 0.02008s ago] (UUID('c1640e9f-87e8-4d1a-a0f7-9422c14e95fe'),)
2026-03-25 07:33:18,197 - sqlalchemy.engine.Engine - INFO - SELECT zones.zone_name, zones.notes, zones.status, zones.id, zones.org_id, zones.created_at, zones.updated_at, zones.created_by 
FROM zones 
WHERE zones.id = $1::UUID
2026-03-25 07:33:18,198 - sqlalchemy.engine.Engine - INFO - [cached since 0.06149s ago] (UUID('7547d7a7-48fc-416c-bbce-a9106b38b6ee'),)
2026-03-25 07:33:18,200 - sqlalchemy.engine.Engine - INFO - SELECT count(*) AS count_1 
FROM employees 
WHERE employees.region_id = $1::UUID
2026-03-25 07:33:18,201 - sqlalchemy.engine.Engine - INFO - [cached since 0.05594s ago] (UUID('c066de85-8cc3-4e2a-84f4-be1ac9b6dffb'),)
2026-03-25 07:33:18,203 - sqlalchemy.engine.Engine - INFO - SELECT count(*) AS count_1 
FROM sites 
WHERE sites.region_id = $1::UUID
2026-03-25 07:33:18,204 - sqlalchemy.engine.Engine - INFO - [cached since 0.04916s ago] (UUID('c066de85-8cc3-4e2a-84f4-be1ac9b6dffb'),)
2026-03-25 07:33:18,207 - sqlalchemy.engine.Engine - INFO - SELECT zones.zone_name, zones.notes, zones.status, zones.id, zones.org_id, zones.created_at, zones.updated_at, zones.created_by 
FROM zones 
WHERE zones.id = $1::UUID
2026-03-25 07:33:18,208 - sqlalchemy.engine.Engine - INFO - [cached since 0.07213s ago] (UUID('52ea32f0-b954-4465-81e4-3203342329f7'),)
2026-03-25 07:33:18,212 - sqlalchemy.engine.Engine - INFO - SELECT count(*) AS count_1 
FROM employees 
WHERE employees.region_id = $1::UUID
2026-03-25 07:33:18,212 - sqlalchemy.engine.Engine - INFO - [cached since 0.0677s ago] (UUID('c0def3f3-4b68-4529-9d59-f28f2f1a68ce'),)
2026-03-25 07:33:18,215 - sqlalchemy.engine.Engine - INFO - SELECT count(*) AS count_1 
FROM sites 
WHERE sites.region_id = $1::UUID
2026-03-25 07:33:18,216 - sqlalchemy.engine.Engine - INFO - [cached since 0.06089s ago] (UUID('c0def3f3-4b68-4529-9d59-f28f2f1a68ce'),)
2026-03-25 07:33:18,219 - sqlalchemy.engine.Engine - INFO - SELECT zones.zone_name, zones.notes, zones.status, zones.id, zones.org_id, zones.created_at, zones.updated_at, zones.created_by 
FROM zones 
WHERE zones.id = $1::UUID
2026-03-25 07:33:18,222 - sqlalchemy.engine.Engine - INFO - [cached since 0.08537s ago] (UUID('52ea32f0-b954-4465-81e4-3203342329f7'),)
2026-03-25 07:33:18,225 - sqlalchemy.engine.Engine - INFO - SELECT count(*) AS count_1 
FROM employees 
WHERE employees.region_id = $1::UUID
2026-03-25 07:33:18,227 - sqlalchemy.engine.Engine - INFO - [cached since 0.08196s ago] (UUID('64875acd-80f2-40bd-bfcb-cfaf7852b678'),)
2026-03-25 07:33:18,230 - sqlalchemy.engine.Engine - INFO - SELECT count(*) AS count_1 
FROM sites 
WHERE sites.region_id = $1::UUID
2026-03-25 07:33:18,231 - sqlalchemy.engine.Engine - INFO - [cached since 0.07566s ago] (UUID('64875acd-80f2-40bd-bfcb-cfaf7852b678'),)
2026-03-25 07:33:18,233 - sqlalchemy.engine.Engine - INFO - SELECT zones.zone_name, zones.notes, zones.status, zones.id, zones.org_id, zones.created_at, zones.updated_at, zones.created_by 
FROM zones 
WHERE zones.id = $1::UUID
2026-03-25 07:33:18,234 - sqlalchemy.engine.Engine - INFO - [cached since 0.09817s ago] (UUID('52ea32f0-b954-4465-81e4-3203342329f7'),)
2026-03-25 07:33:18,238 - sqlalchemy.engine.Engine - INFO - SELECT count(*) AS count_1 
FROM employees 
WHERE employees.region_id = $1::UUID
2026-03-25 07:33:18,239 - sqlalchemy.engine.Engine - INFO - [cached since 0.0938s ago] (UUID('301140d6-bf21-475e-9688-42e0c804f152'),)
2026-03-25 07:33:18,241 - sqlalchemy.engine.Engine - INFO - SELECT count(*) AS count_1 
FROM sites 
WHERE sites.region_id = $1::UUID
2026-03-25 07:33:18,242 - sqlalchemy.engine.Engine - INFO - [cached since 0.08706s ago] (UUID('301140d6-bf21-475e-9688-42e0c804f152'),)
2026-03-25 07:33:18,245 - sqlalchemy.engine.Engine - INFO - SELECT zones.zone_name, zones.notes, zones.status, zones.id, zones.org_id, zones.created_at, zones.updated_at, zones.created_by 
FROM zones 
WHERE zones.id = $1::UUID
2026-03-25 07:33:18,246 - sqlalchemy.engine.Engine - INFO - [cached since 0.1098s ago] (UUID('7547d7a7-48fc-416c-bbce-a9106b38b6ee'),)
2026-03-25 07:33:18,248 - sqlalchemy.engine.Engine - INFO - SELECT count(*) AS count_1 
FROM employees 
WHERE employees.region_id = $1::UUID
2026-03-25 07:33:18,249 - sqlalchemy.engine.Engine - INFO - [cached since 0.1046s ago] (UUID('c23cb518-05e2-45ae-aa5b-7a606e0cc276'),)
2026-03-25 07:33:18,252 - sqlalchemy.engine.Engine - INFO - SELECT count(*) AS count_1 
FROM sites 
WHERE sites.region_id = $1::UUID
2026-03-25 07:33:18,254 - sqlalchemy.engine.Engine - INFO - [cached since 0.09844s ago] (UUID('c23cb518-05e2-45ae-aa5b-7a606e0cc276'),)
2026-03-25 07:33:18,256 - sqlalchemy.engine.Engine - INFO - SELECT zones.zone_name, zones.notes, zones.status, zones.id, zones.org_id, zones.created_at, zones.updated_at, zones.created_by 
FROM zones 
WHERE zones.id = $1::UUID
2026-03-25 07:33:18,257 - sqlalchemy.engine.Engine - INFO - [cached since 0.121s ago] (UUID('52ea32f0-b954-4465-81e4-3203342329f7'),)
2026-03-25 07:33:18,260 - sqlalchemy.engine.Engine - INFO - SELECT count(*) AS count_1 
FROM employees 
WHERE employees.region_id = $1::UUID
2026-03-25 07:33:18,262 - sqlalchemy.engine.Engine - INFO - [cached since 0.1168s ago] (UUID('d4bda39c-f9b9-4e26-9c74-d1896fb9c858'),)
2026-03-25 07:33:18,264 - sqlalchemy.engine.Engine - INFO - SELECT count(*) AS count_1 
FROM sites 
WHERE sites.region_id = $1::UUID
2026-03-25 07:33:18,265 - sqlalchemy.engine.Engine - INFO - [cached since 0.1102s ago] (UUID('d4bda39c-f9b9-4e26-9c74-d1896fb9c858'),)
2026-03-25 07:33:18,268 - sqlalchemy.engine.Engine - INFO - SELECT zones.zone_name, zones.notes, zones.status, zones.id, zones.org_id, zones.created_at, zones.updated_at, zones.created_by 
FROM zones 
WHERE zones.id = $1::UUID
2026-03-25 07:33:18,269 - sqlalchemy.engine.Engine - INFO - [cached since 0.1327s ago] (UUID('7547d7a7-48fc-416c-bbce-a9106b38b6ee'),)
2026-03-25 07:33:18,272 - sqlalchemy.engine.Engine - INFO - SELECT count(*) AS count_1 
FROM employees 
WHERE employees.region_id = $1::UUID
2026-03-25 07:33:18,273 - sqlalchemy.engine.Engine - INFO - [cached since 0.1279s ago] (UUID('50fbc716-26a9-4d82-88c9-c2264063f00e'),)
2026-03-25 07:33:18,275 - sqlalchemy.engine.Engine - INFO - SELECT count(*) AS count_1 
FROM sites 
WHERE sites.region_id = $1::UUID
2026-03-25 07:33:18,276 - sqlalchemy.engine.Engine - INFO - [cached since 0.1207s ago] (UUID('50fbc716-26a9-4d82-88c9-c2264063f00e'),)
2026-03-25 07:33:18,278 - sqlalchemy.engine.Engine - INFO - SELECT zones.zone_name, zones.notes, zones.status, zones.id, zones.org_id, zones.created_at, zones.updated_at, zones.created_by 
FROM zones 
WHERE zones.id = $1::UUID
2026-03-25 07:33:18,279 - sqlalchemy.engine.Engine - INFO - [cached since 0.1432s ago] (UUID('7547d7a7-48fc-416c-bbce-a9106b38b6ee'),)
2026-03-25 07:33:18,296 - sqlalchemy.engine.Engine - INFO - SELECT count(*) AS count_1 
FROM employees 
WHERE employees.region_id = $1::UUID
2026-03-25 07:33:18,297 - sqlalchemy.engine.Engine - INFO - [cached since 0.1525s ago] (UUID('871a6e00-cab5-4c10-b7f9-bbd8807ab215'),)
2026-03-25 07:33:18,300 - sqlalchemy.engine.Engine - INFO - SELECT count(*) AS count_1 
FROM sites 
WHERE sites.region_id = $1::UUID
2026-03-25 07:33:18,301 - sqlalchemy.engine.Engine - INFO - [cached since 0.1455s ago] (UUID('871a6e00-cab5-4c10-b7f9-bbd8807ab215'),)
2026-03-25 07:33:18,303 - sqlalchemy.engine.Engine - INFO - COMMIT
2026-03-25 07:33:18,358 - sqlalchemy.engine.Engine - INFO - BEGIN (implicit)
2026-03-25 07:33:18,360 - sqlalchemy.engine.Engine - INFO - SELECT zones.zone_name, zones.notes, zones.status, zones.id, zones.org_id, zones.created_at, zones.updated_at, zones.created_by 
FROM zones 
WHERE zones.org_id = $1::UUID AND zones.status = $2 ORDER BY zones.zone_name
2026-03-25 07:33:18,361 - sqlalchemy.engine.Engine - INFO - [generated in 0.00126s] (UUID('e30cfec5-6e19-4c75-bb3a-206078e272a0'), 'ACTIVE')
2026-03-25 07:33:18,367 - sqlalchemy.engine.Engine - INFO - SELECT regions.id 
FROM regions 
WHERE regions.zone_id = $1::UUID AND regions.org_id = $2::UUID
2026-03-25 07:33:18,369 - sqlalchemy.engine.Engine - INFO - [generated in 0.00129s] (UUID('52ea32f0-b954-4465-81e4-3203342329f7'), UUID('e30cfec5-6e19-4c75-bb3a-206078e272a0'))
2026-03-25 07:33:18,374 - sqlalchemy.engine.Engine - INFO - SELECT count(*) AS count_1 
FROM employees 
WHERE employees.region_id IN ($2::UUID, $3::UUID, $4::UUID, $5::UUID) AND employees.org_id = $1::UUID
2026-03-25 07:33:18,375 - sqlalchemy.engine.Engine - INFO - [generated in 0.00121s] (UUID('e30cfec5-6e19-4c75-bb3a-206078e272a0'), UUID('c0def3f3-4b68-4529-9d59-f28f2f1a68ce'), UUID('64875acd-80f2-40bd-bfcb-cfaf7852b678'), UUID('d4bda39c-f9b9-4e26-9c74-d1896fb9c858'), UUID('301140d6-bf21-475e-9688-42e0c804f152'))
2026-03-25 07:33:18,380 - sqlalchemy.engine.Engine - INFO - SELECT count(*) AS count_1 
FROM sites 
WHERE sites.region_id IN ($2::UUID, $3::UUID, $4::UUID, $5::UUID) AND sites.org_id = $1::UUID
2026-03-25 07:33:18,381 - sqlalchemy.engine.Engine - INFO - [generated in 0.00126s] (UUID('e30cfec5-6e19-4c75-bb3a-206078e272a0'), UUID('c0def3f3-4b68-4529-9d59-f28f2f1a68ce'), UUID('64875acd-80f2-40bd-bfcb-cfaf7852b678'), UUID('d4bda39c-f9b9-4e26-9c74-d1896fb9c858'), UUID('301140d6-bf21-475e-9688-42e0c804f152'))
2026-03-25 07:33:18,390 - sqlalchemy.engine.Engine - INFO - SELECT zone_managers.zone_id, zone_managers.employee_id, zone_managers.assigned_date, zone_managers.end_date, zone_managers.active, zone_managers.id, zone_managers.org_id, zone_managers.created_at, zone_managers.updated_at, zone_managers.created_by, employees.employee_id AS employee_id_1, employees.guard_no, employees.profile_photo, employees.first_name, employees.middle_name, employees.last_name, employees.gender, employees.date_of_birth, employees.marital_status, employees.nationality, employees.nin, employees.phone_1, employees.phone_2, employees.email, employees.physical_address, employees.region, employees.region_id, employees.postal_address, employees.education_background, employees.job_title, employees.employment_status, employees.hire_date, employees.termination_date, employees.notes, employees.id AS id_1, employees.org_id AS org_id_1, employees.created_at AS created_at_1, employees.updated_at AS updated_at_1, employees.created_by AS created_by_1 
FROM zone_managers JOIN employees ON zone_managers.employee_id = employees.id 
WHERE zone_managers.zone_id = $1::UUID
2026-03-25 07:33:18,392 - sqlalchemy.engine.Engine - INFO - [generated in 0.00146s] (UUID('52ea32f0-b954-4465-81e4-3203342329f7'),)
2026-03-25 07:33:18,410 - sqlalchemy.engine.Engine - INFO - SELECT regions.id 
FROM regions 
WHERE regions.zone_id = $1::UUID AND regions.org_id = $2::UUID
2026-03-25 07:33:18,411 - sqlalchemy.engine.Engine - INFO - [cached since 0.04396s ago] (UUID('7547d7a7-48fc-416c-bbce-a9106b38b6ee'), UUID('e30cfec5-6e19-4c75-bb3a-206078e272a0'))
2026-03-25 07:33:18,415 - sqlalchemy.engine.Engine - INFO - SELECT count(*) AS count_1 
FROM employees 
WHERE employees.region_id IN ($2::UUID, $3::UUID, $4::UUID, $5::UUID) AND employees.org_id = $1::UUID
2026-03-25 07:33:18,416 - sqlalchemy.engine.Engine - INFO - [cached since 0.04273s ago] (UUID('e30cfec5-6e19-4c75-bb3a-206078e272a0'), UUID('c23cb518-05e2-45ae-aa5b-7a606e0cc276'), UUID('871a6e00-cab5-4c10-b7f9-bbd8807ab215'), UUID('50fbc716-26a9-4d82-88c9-c2264063f00e'), UUID('c066de85-8cc3-4e2a-84f4-be1ac9b6dffb'))
2026-03-25 07:33:18,420 - sqlalchemy.engine.Engine - INFO - SELECT count(*) AS count_1 
FROM sites 
WHERE sites.region_id IN ($2::UUID, $3::UUID, $4::UUID, $5::UUID) AND sites.org_id = $1::UUID
2026-03-25 07:33:18,422 - sqlalchemy.engine.Engine - INFO - [cached since 0.04245s ago] (UUID('e30cfec5-6e19-4c75-bb3a-206078e272a0'), UUID('c23cb518-05e2-45ae-aa5b-7a606e0cc276'), UUID('871a6e00-cab5-4c10-b7f9-bbd8807ab215'), UUID('50fbc716-26a9-4d82-88c9-c2264063f00e'), UUID('c066de85-8cc3-4e2a-84f4-be1ac9b6dffb'))
2026-03-25 07:33:18,425 - sqlalchemy.engine.Engine - INFO - SELECT zone_managers.zone_id, zone_managers.employee_id, zone_managers.assigned_date, zone_managers.end_date, zone_managers.active, zone_managers.id, zone_managers.org_id, zone_managers.created_at, zone_managers.updated_at, zone_managers.created_by, employees.employee_id AS employee_id_1, employees.guard_no, employees.profile_photo, employees.first_name, employees.middle_name, employees.last_name, employees.gender, employees.date_of_birth, employees.marital_status, employees.nationality, employees.nin, employees.phone_1, employees.phone_2, employees.email, employees.physical_address, employees.region, employees.region_id, employees.postal_address, employees.education_background, employees.job_title, employees.employment_status, employees.hire_date, employees.termination_date, employees.notes, employees.id AS id_1, employees.org_id AS org_id_1, employees.created_at AS created_at_1, employees.updated_at AS updated_at_1, employees.created_by AS created_by_1 
FROM zone_managers JOIN employees ON zone_managers.employee_id = employees.id 
WHERE zone_managers.zone_id = $1::UUID
2026-03-25 07:33:18,426 - sqlalchemy.engine.Engine - INFO - [cached since 0.03578s ago] (UUID('7547d7a7-48fc-416c-bbce-a9106b38b6ee'),)
2026-03-25 07:33:18,429 - sqlalchemy.engine.Engine - INFO - SELECT regions.id 
FROM regions 
WHERE regions.zone_id = $1::UUID AND regions.org_id = $2::UUID
2026-03-25 07:33:18,430 - sqlalchemy.engine.Engine - INFO - [cached since 0.06321s ago] (UUID('b15f2d36-b623-4c81-8673-28969f4b083b'), UUID('e30cfec5-6e19-4c75-bb3a-206078e272a0'))
2026-03-25 07:33:18,433 - sqlalchemy.engine.Engine - INFO - SELECT count(*) AS count_1 
FROM employees 
WHERE employees.region_id IN ($2::UUID, $3::UUID) AND employees.org_id = $1::UUID
2026-03-25 07:33:18,435 - sqlalchemy.engine.Engine - INFO - [cached since 0.0612s ago] (UUID('e30cfec5-6e19-4c75-bb3a-206078e272a0'), UUID('3c6f458f-feef-4d6d-b2f6-8ead71d8abab'), UUID('c1640e9f-87e8-4d1a-a0f7-9422c14e95fe'))
2026-03-25 07:33:18,439 - sqlalchemy.engine.Engine - INFO - SELECT count(*) AS count_1 
FROM sites 
WHERE sites.region_id IN ($2::UUID, $3::UUID) AND sites.org_id = $1::UUID
2026-03-25 07:33:18,440 - sqlalchemy.engine.Engine - INFO - [cached since 0.06024s ago] (UUID('e30cfec5-6e19-4c75-bb3a-206078e272a0'), UUID('3c6f458f-feef-4d6d-b2f6-8ead71d8abab'), UUID('c1640e9f-87e8-4d1a-a0f7-9422c14e95fe'))
2026-03-25 07:33:18,444 - sqlalchemy.engine.Engine - INFO - SELECT zone_managers.zone_id, zone_managers.employee_id, zone_managers.assigned_date, zone_managers.end_date, zone_managers.active, zone_managers.id, zone_managers.org_id, zone_managers.created_at, zone_managers.updated_at, zone_managers.created_by, employees.employee_id AS employee_id_1, employees.guard_no, employees.profile_photo, employees.first_name, employees.middle_name, employees.last_name, employees.gender, employees.date_of_birth, employees.marital_status, employees.nationality, employees.nin, employees.phone_1, employees.phone_2, employees.email, employees.physical_address, employees.region, employees.region_id, employees.postal_address, employees.education_background, employees.job_title, employees.employment_status, employees.hire_date, employees.termination_date, employees.notes, employees.id AS id_1, employees.org_id AS org_id_1, employees.created_at AS created_at_1, employees.updated_at AS updated_at_1, employees.created_by AS created_by_1 
FROM zone_managers JOIN employees ON zone_managers.employee_id = employees.id 
WHERE zone_managers.zone_id = $1::UUID
2026-03-25 07:33:18,445 - sqlalchemy.engine.Engine - INFO - [cached since 0.05465s ago] (UUID('b15f2d36-b623-4c81-8673-28969f4b083b'),)
2026-03-25 07:33:18,448 - sqlalchemy.engine.Engine - INFO - COMMIT
