Starting database seeding...
2026-03-25 07:32:42,400 INFO sqlalchemy.engine.Engine select pg_catalog.version()
2026-03-25 07:32:42,404 INFO sqlalchemy.engine.Engine [raw sql] ()
2026-03-25 07:32:42,411 INFO sqlalchemy.engine.Engine select current_schema()
2026-03-25 07:32:42,413 INFO sqlalchemy.engine.Engine [raw sql] ()
2026-03-25 07:32:42,436 INFO sqlalchemy.engine.Engine show standard_conforming_strings
2026-03-25 07:32:42,441 INFO sqlalchemy.engine.Engine [raw sql] ()
2026-03-25 07:32:42,446 INFO sqlalchemy.engine.Engine BEGIN (implicit)
2026-03-25 07:32:42,645 INFO sqlalchemy.engine.Engine SELECT organizations.name, organizations.slug, organizations.logo_url, organizations.accent_color, organizations.address, organizations.phone, organizations.email, organizations.website, organizations.is_active, organizations.bank_details, organizations.id, organizations.org_id, organizations.created_at, organizations.updated_at, organizations.created_by 
FROM organizations 
WHERE organizations.slug = $1::VARCHAR
2026-03-25 07:32:42,646 INFO sqlalchemy.engine.Engine [generated in 0.00149s] ('secureops-demo',)
Organization already exists. Using existing organization...
Skipping organization and user creation (already exist)
2026-03-25 07:32:42,659 INFO sqlalchemy.engine.Engine DELETE FROM zones WHERE zones.org_id = $1::UUID
2026-03-25 07:32:42,660 INFO sqlalchemy.engine.Engine [generated in 0.00127s] (UUID('e30cfec5-6e19-4c75-bb3a-206078e272a0'),)
2026-03-25 07:32:42,672 INFO sqlalchemy.engine.Engine ROLLBACK
Error seeding database: 'charmap' codec can't encode characters in position 0-1: character maps to <undefined>
2026-03-25 07:33:17,391 INFO sqlalchemy.engine.Engine BEGIN (implicit)
2026-03-25 07:33:17,395 INFO sqlalchemy.engine.Engine SELECT users.email, users.password_hash, users.first_name, users.last_name, users.role, users.is_active, users.last_login, users.employee_id, users.id, users.org_id, users.created_at, users.updated_at, users.created_by 
FROM users 
WHERE users.email = $1::VARCHAR
2026-03-25 07:33:17,396 INFO sqlalchemy.engine.Engine [generated in 0.00118s] ('admin@securityops.com',)
2026-03-25 07:33:17,891 INFO sqlalchemy.engine.Engine SELECT organizations.name, organizations.slug, organizations.logo_url, organizations.accent_color, organizations.address, organizations.phone, organizations.email, organizations.website, organizations.is_active, organizations.bank_details, organizations.id, organizations.org_id, organizations.created_at, organizations.updated_at, organizations.created_by 
FROM organizations 
WHERE organizations.id = $1::UUID
2026-03-25 07:33:17,893 INFO sqlalchemy.engine.Engine [generated in 0.00181s] (UUID('e30cfec5-6e19-4c75-bb3a-206078e272a0'),)
2026-03-25 07:33:17,922 INFO sqlalchemy.engine.Engine UPDATE users SET last_login=$1::TIMESTAMP WITH TIME ZONE, updated_at=now() WHERE users.id = $2::UUID
2026-03-25 07:33:17,935 INFO sqlalchemy.engine.Engine [generated in 0.01281s] (datetime.datetime(2026, 3, 25, 4, 33, 17, 917378, tzinfo=datetime.timezone.utc), UUID('d61d2eae-49b7-4035-99fe-c224567be19e'))
2026-03-25 07:33:17,943 INFO sqlalchemy.engine.Engine INSERT INTO refresh_tokens (user_id, token, expires_at, is_revoked, id, org_id, created_by) VALUES ($1::UUID, $2::VARCHAR, $3::TIMESTAMP WITH TIME ZONE, $4::BOOLEAN, $5::UUID, $6::UUID, $7::UUID) RETURNING refresh_tokens.created_at, refresh_tokens.updated_at
2026-03-25 07:33:17,944 INFO sqlalchemy.engine.Engine [generated in 0.00133s] (UUID('d61d2eae-49b7-4035-99fe-c224567be19e'), 'eyJhbGciOiJIUzI1NiIsInR5cCI6IkpXVCJ9.eyJzdWIiOiJkNjFkMmVhZS00OWI3LTQwMzUtOTlmZS1jMjI0NTY3YmUxOWUiLCJlbWFpbCI6ImFkbWluQHNlY3VyaXR5b3BzLmNvbSIsIm9yZ19p ... (17 characters truncated) ... TZlMTktNGM3NS1iYjNhLTIwNjA3OGUyNzJhMCIsInJvbGUiOiJhZG1pbiIsImV4cCI6MTc3NTAxNzk5NywidHlwZSI6InJlZnJlc2gifQ.136xKd4z3ViSjhHRj-kzicOykpbkYY5DCkQKUmEh0Ms', datetime.datetime(2026, 4, 1, 4, 33, 17, 917092, tzinfo=datetime.timezone.utc), False, UUID('4001c6ed-9510-4585-b576-f86ea52d6338'), UUID('e30cfec5-6e19-4c75-bb3a-206078e272a0'), None)
2026-03-25 07:33:17,949 INFO sqlalchemy.engine.Engine COMMIT
2026-03-25 07:33:17,955 INFO sqlalchemy.engine.Engine BEGIN (implicit)
2026-03-25 07:33:17,959 INFO sqlalchemy.engine.Engine SELECT users.email, users.password_hash, users.first_name, users.last_name, users.role, users.is_active, users.last_login, users.employee_id, users.id, users.org_id, users.created_at, users.updated_at, users.created_by 
FROM users 
WHERE users.id = $1::UUID
2026-03-25 07:33:17,960 INFO sqlalchemy.engine.Engine [generated in 0.00135s] (UUID('d61d2eae-49b7-4035-99fe-c224567be19e'),)
2026-03-25 07:33:17,965 INFO sqlalchemy.engine.Engine COMMIT
INFO:     127.0.0.1:56244 - "POST /api/auth/login HTTP/1.1" 200 OK
2026-03-25 07:33:18,124 INFO sqlalchemy.engine.Engine BEGIN (implicit)
2026-03-25 07:33:18,128 INFO sqlalchemy.engine.Engine SELECT regions.zone_id, regions.region_name, regions.notes, regions.status, regions.id, regions.org_id, regions.created_at, regions.updated_at, regions.created_by 
FROM regions 
WHERE regions.org_id = $1::UUID AND regions.status = $2 ORDER BY regions.region_name
2026-03-25 07:33:18,129 INFO sqlalchemy.engine.Engine [generated in 0.00125s] (UUID('e30cfec5-6e19-4c75-bb3a-206078e272a0'), 'ACTIVE')
2026-03-25 07:33:18,136 INFO sqlalchemy.engine.Engine SELECT zones.zone_name, zones.notes, zones.status, zones.id, zones.org_id, zones.created_at, zones.updated_at, zones.created_by 
FROM zones 
WHERE zones.id = $1::UUID
2026-03-25 07:33:18,138 INFO sqlalchemy.engine.Engine [generated in 0.00142s] (UUID('b15f2d36-b623-4c81-8673-28969f4b083b'),)
2026-03-25 07:33:18,145 INFO sqlalchemy.engine.Engine SELECT count(*) AS count_1 
FROM employees 
WHERE employees.region_id = $1::UUID
2026-03-25 07:33:18,146 INFO sqlalchemy.engine.Engine [generated in 0.00112s] (UUID('3c6f458f-feef-4d6d-b2f6-8ead71d8abab'),)
2026-03-25 07:33:18,155 INFO sqlalchemy.engine.Engine SELECT count(*) AS count_1 
FROM sites 
WHERE sites.region_id = $1::UUID
2026-03-25 07:33:18,156 INFO sqlalchemy.engine.Engine [generated in 0.00125s] (UUID('3c6f458f-feef-4d6d-b2f6-8ead71d8abab'),)
2026-03-25 07:33:18,165 INFO sqlalchemy.engine.Engine SELECT zones.zone_name, zones.notes, zones.status, zones.id, zones.org_id, zones.created_at, zones.updated_at, zones.created_by 
FROM zones 
WHERE zones.id = $1::UUID
2026-03-25 07:33:18,166 INFO sqlalchemy.engine.Engine [cached since 0.03006s ago] (UUID('b15f2d36-b623-4c81-8673-28969f4b083b'),)
2026-03-25 07:33:18,170 INFO sqlalchemy.engine.Engine SELECT count(*) AS count_1 
FROM employees 
WHERE employees.region_id = $1::UUID
2026-03-25 07:33:18,172 INFO sqlalchemy.engine.Engine [cached since 0.02671s ago] (UUID('c1640e9f-87e8-4d1a-a0f7-9422c14e95fe'),)
2026-03-25 07:33:18,174 INFO sqlalchemy.engine.Engine SELECT count(*) AS count_1 
FROM sites 
WHERE sites.region_id = $1::UUID
2026-03-25 07:33:18,175 INFO sqlalchemy.engine.Engine [cached since 0.02008s ago] (UUID('c1640e9f-87e8-4d1a-a0f7-9422c14e95fe'),)
2026-03-25 07:33:18,197 INFO sqlalchemy.engine.Engine SELECT zones.zone_name, zones.notes, zones.status, zones.id, zones.org_id, zones.created_at, zones.updated_at, zones.created_by 
FROM zones 
WHERE zones.id = $1::UUID
2026-03-25 07:33:18,198 INFO sqlalchemy.engine.Engine [cached since 0.06149s ago] (UUID('7547d7a7-48fc-416c-bbce-a9106b38b6ee'),)
2026-03-25 07:33:18,200 INFO sqlalchemy.engine.Engine SELECT count(*) AS count_1 
FROM employees 
WHERE employees.region_id = $1::UUID
2026-03-25 07:33:18,201 INFO sqlalchemy.engine.Engine [cached since 0.05594s ago] (UUID('c066de85-8cc3-4e2a-84f4-be1ac9b6dffb'),)
2026-03-25 07:33:18,203 INFO sqlalchemy.engine.Engine SELECT count(*) AS count_1 
FROM sites 
WHERE sites.region_id = $1::UUID
2026-03-25 07:33:18,204 INFO sqlalchemy.engine.Engine [cached since 0.04916s ago] (UUID('c066de85-8cc3-4e2a-84f4-be1ac9b6dffb'),)
2026-03-25 07:33:18,207 INFO sqlalchemy.engine.Engine SELECT zones.zone_name, zones.notes, zones.status, zones.id, zones.org_id, zones.created_at, zones.updated_at, zones.created_by 
FROM zones 
WHERE zones.id = $1::UUID
2026-03-25 07:33:18,208 INFO sqlalchemy.engine.Engine [cached since 0.07213s ago] (UUID('52ea32f0-b954-4465-81e4-3203342329f7'),)
2026-03-25 07:33:18,212 INFO sqlalchemy.engine.Engine SELECT count(*) AS count_1 
FROM employees 
WHERE employees.region_id = $1::UUID
2026-03-25 07:33:18,212 INFO sqlalchemy.engine.Engine [cached since 0.0677s ago] (UUID('c0def3f3-4b68-4529-9d59-f28f2f1a68ce'),)
2026-03-25 07:33:18,215 INFO sqlalchemy.engine.Engine SELECT count(*) AS count_1 
FROM sites 
WHERE sites.region_id = $1::UUID
2026-03-25 07:33:18,216 INFO sqlalchemy.engine.Engine [cached since 0.06089s ago] (UUID('c0def3f3-4b68-4529-9d59-f28f2f1a68ce'),)
2026-03-25 07:33:18,219 INFO sqlalchemy.engine.Engine SELECT zones.zone_name, zones.notes, zones.status, zones.id, zones.org_id, zones.created_at, zones.updated_at, zones.created_by 
FROM zones 
WHERE zones.id = $1::UUID
2026-03-25 07:33:18,222 INFO sqlalchemy.engine.Engine [cached since 0.08537s ago] (UUID('52ea32f0-b954-4465-81e4-3203342329f7'),)
2026-03-25 07:33:18,225 INFO sqlalchemy.engine.Engine SELECT count(*) AS count_1 
FROM employees 
WHERE employees.region_id = $1::UUID
2026-03-25 07:33:18,227 INFO sqlalchemy.engine.Engine [cached since 0.08196s ago] (UUID('64875acd-80f2-40bd-bfcb-cfaf7852b678'),)
2026-03-25 07:33:18,230 INFO sqlalchemy.engine.Engine SELECT count(*) AS count_1 
FROM sites 
WHERE sites.region_id = $1::UUID
2026-03-25 07:33:18,231 INFO sqlalchemy.engine.Engine [cached since 0.07566s ago] (UUID('64875acd-80f2-40bd-bfcb-cfaf7852b678'),)
2026-03-25 07:33:18,233 INFO sqlalchemy.engine.Engine SELECT zones.zone_name, zones.notes, zones.status, zones.id, zones.org_id, zones.created_at, zones.updated_at, zones.created_by 
FROM zones 
WHERE zones.id = $1::UUID
2026-03-25 07:33:18,234 INFO sqlalchemy.engine.Engine [cached since 0.09817s ago] (UUID('52ea32f0-b954-4465-81e4-3203342329f7'),)
2026-03-25 07:33:18,238 INFO sqlalchemy.engine.Engine SELECT count(*) AS count_1 
FROM employees 
WHERE employees.region_id = $1::UUID
2026-03-25 07:33:18,239 INFO sqlalchemy.engine.Engine [cached since 0.0938s ago] (UUID('301140d6-bf21-475e-9688-42e0c804f152'),)
2026-03-25 07:33:18,241 INFO sqlalchemy.engine.Engine SELECT count(*) AS count_1 
FROM sites 
WHERE sites.region_id = $1::UUID
2026-03-25 07:33:18,242 INFO sqlalchemy.engine.Engine [cached since 0.08706s ago] (UUID('301140d6-bf21-475e-9688-42e0c804f152'),)
2026-03-25 07:33:18,245 INFO sqlalchemy.engine.Engine SELECT zones.zone_name, zones.notes, zones.status, zones.id, zones.org_id, zones.created_at, zones.updated_at, zones.created_by 
FROM zones 
WHERE zones.id = $1::UUID
2026-03-25 07:33:18,246 INFO sqlalchemy.engine.Engine [cached since 0.1098s ago] (UUID('7547d7a7-48fc-416c-bbce-a9106b38b6ee'),)
2026-03-25 07:33:18,248 INFO sqlalchemy.engine.Engine SELECT count(*) AS count_1 
FROM employees 
WHERE employees.region_id = $1::UUID
2026-03-25 07:33:18,249 INFO sqlalchemy.engine.Engine [cached since 0.1046s ago] (UUID('c23cb518-05e2-45ae-aa5b-7a606e0cc276'),)
2026-03-25 07:33:18,252 INFO sqlalchemy.engine.Engine SELECT count(*) AS count_1 
FROM sites 
WHERE sites.region_id = $1::UUID
2026-03-25 07:33:18,254 INFO sqlalchemy.engine.Engine [cached since 0.09844s ago] (UUID('c23cb518-05e2-45ae-aa5b-7a606e0cc276'),)
2026-03-25 07:33:18,256 INFO sqlalchemy.engine.Engine SELECT zones.zone_name, zones.notes, zones.status, zones.id, zones.org_id, zones.created_at, zones.updated_at, zones.created_by 
FROM zones 
WHERE zones.id = $1::UUID
2026-03-25 07:33:18,257 INFO sqlalchemy.engine.Engine [cached since 0.121s ago] (UUID('52ea32f0-b954-4465-81e4-3203342329f7'),)
2026-03-25 07:33:18,260 INFO sqlalchemy.engine.Engine SELECT count(*) AS count_1 
FROM employees 
WHERE employees.region_id = $1::UUID
2026-03-25 07:33:18,262 INFO sqlalchemy.engine.Engine [cached since 0.1168s ago] (UUID('d4bda39c-f9b9-4e26-9c74-d1896fb9c858'),)
2026-03-25 07:33:18,264 INFO sqlalchemy.engine.Engine SELECT count(*) AS count_1 
FROM sites 
WHERE sites.region_id = $1::UUID
2026-03-25 07:33:18,265 INFO sqlalchemy.engine.Engine [cached since 0.1102s ago] (UUID('d4bda39c-f9b9-4e26-9c74-d1896fb9c858'),)
2026-03-25 07:33:18,268 INFO sqlalchemy.engine.Engine SELECT zones.zone_name, zones.notes, zones.status, zones.id, zones.org_id, zones.created_at, zones.updated_at, zones.created_by 
FROM zones 
WHERE zones.id = $1::UUID
2026-03-25 07:33:18,269 INFO sqlalchemy.engine.Engine [cached since 0.1327s ago] (UUID('7547d7a7-48fc-416c-bbce-a9106b38b6ee'),)
2026-03-25 07:33:18,272 INFO sqlalchemy.engine.Engine SELECT count(*) AS count_1 
FROM employees 
WHERE employees.region_id = $1::UUID
2026-03-25 07:33:18,273 INFO sqlalchemy.engine.Engine [cached since 0.1279s ago] (UUID('50fbc716-26a9-4d82-88c9-c2264063f00e'),)
2026-03-25 07:33:18,275 INFO sqlalchemy.engine.Engine SELECT count(*) AS count_1 
FROM sites 
WHERE sites.region_id = $1::UUID
2026-03-25 07:33:18,276 INFO sqlalchemy.engine.Engine [cached since 0.1207s ago] (UUID('50fbc716-26a9-4d82-88c9-c2264063f00e'),)
2026-03-25 07:33:18,278 INFO sqlalchemy.engine.Engine SELECT zones.zone_name, zones.notes, zones.status, zones.id, zones.org_id, zones.created_at, zones.updated_at, zones.created_by 
FROM zones 
WHERE zones.id = $1::UUID
2026-03-25 07:33:18,279 INFO sqlalchemy.engine.Engine [cached since 0.1432s ago] (UUID('7547d7a7-48fc-416c-bbce-a9106b38b6ee'),)
2026-03-25 07:33:18,296 INFO sqlalchemy.engine.Engine SELECT count(*) AS count_1 
FROM employees 
WHERE employees.region_id = $1::UUID
2026-03-25 07:33:18,297 INFO sqlalchemy.engine.Engine [cached since 0.1525s ago] (UUID('871a6e00-cab5-4c10-b7f9-bbd8807ab215'),)
2026-03-25 07:33:18,300 INFO sqlalchemy.engine.Engine SELECT count(*) AS count_1 
FROM sites 
WHERE sites.region_id = $1::UUID
2026-03-25 07:33:18,301 INFO sqlalchemy.engine.Engine [cached since 0.1455s ago] (UUID('871a6e00-cab5-4c10-b7f9-bbd8807ab215'),)
2026-03-25 07:33:18,303 INFO sqlalchemy.engine.Engine COMMIT
INFO:     127.0.0.1:56244 - "GET /api/regions?status_filter=active HTTP/1.1" 200 OK
2026-03-25 07:33:18,358 INFO sqlalchemy.engine.Engine BEGIN (implicit)
2026-03-25 07:33:18,360 INFO sqlalchemy.engine.Engine SELECT zones.zone_name, zones.notes, zones.status, zones.id, zones.org_id, zones.created_at, zones.updated_at, zones.created_by 
FROM zones 
WHERE zones.org_id = $1::UUID AND zones.status = $2 ORDER BY zones.zone_name
2026-03-25 07:33:18,361 INFO sqlalchemy.engine.Engine [generated in 0.00126s] (UUID('e30cfec5-6e19-4c75-bb3a-206078e272a0'), 'ACTIVE')
2026-03-25 07:33:18,367 INFO sqlalchemy.engine.Engine SELECT regions.id 
FROM regions 
WHERE regions.zone_id = $1::UUID AND regions.org_id = $2::UUID
2026-03-25 07:33:18,369 INFO sqlalchemy.engine.Engine [generated in 0.00129s] (UUID('52ea32f0-b954-4465-81e4-3203342329f7'), UUID('e30cfec5-6e19-4c75-bb3a-206078e272a0'))
2026-03-25 07:33:18,374 INFO sqlalchemy.engine.Engine SELECT count(*) AS count_1 
FROM employees 
WHERE employees.region_id IN ($2::UUID, $3::UUID, $4::UUID, $5::UUID) AND employees.org_id = $1::UUID
2026-03-25 07:33:18,375 INFO sqlalchemy.engine.Engine [generated in 0.00121s] (UUID('e30cfec5-6e19-4c75-bb3a-206078e272a0'), UUID('c0def3f3-4b68-4529-9d59-f28f2f1a68ce'), UUID('64875acd-80f2-40bd-bfcb-cfaf7852b678'), UUID('d4bda39c-f9b9-4e26-9c74-d1896fb9c858'), UUID('301140d6-bf21-475e-9688-42e0c804f152'))
2026-03-25 07:33:18,380 INFO sqlalchemy.engine.Engine SELECT count(*) AS count_1 
FROM sites 
WHERE sites.region_id IN ($2::UUID, $3::UUID, $4::UUID, $5::UUID) AND sites.org_id = $1::UUID
2026-03-25 07:33:18,381 INFO sqlalchemy.engine.Engine [generated in 0.00126s] (UUID('e30cfec5-6e19-4c75-bb3a-206078e272a0'), UUID('c0def3f3-4b68-4529-9d59-f28f2f1a68ce'), UUID('64875acd-80f2-40bd-bfcb-cfaf7852b678'), UUID('d4bda39c-f9b9-4e26-9c74-d1896fb9c858'), UUID('301140d6-bf21-475e-9688-42e0c804f152'))
2026-03-25 07:33:18,390 INFO sqlalchemy.engine.Engine SELECT zone_managers.zone_id, zone_managers.employee_id, zone_managers.assigned_date, zone_managers.end_date, zone_managers.active, zone_managers.id, zone_managers.org_id, zone_managers.created_at, zone_managers.updated_at, zone_managers.created_by, employees.employee_id AS employee_id_1, employees.guard_no, employees.profile_photo, employees.first_name, employees.middle_name, employees.last_name, employees.gender, employees.date_of_birth, employees.marital_status, employees.nationality, employees.nin, employees.phone_1, employees.phone_2, employees.email, employees.physical_address, employees.region, employees.region_id, employees.postal_address, employees.education_background, employees.job_title, employees.employment_status, employees.hire_date, employees.termination_date, employees.notes, employees.id AS id_1, employees.org_id AS org_id_1, employees.created_at AS created_at_1, employees.updated_at AS updated_at_1, employees.created_by AS created_by_1 
FROM zone_managers JOIN employees ON zone_managers.employee_id = employees.id 
WHERE zone_managers.zone_id = $1::UUID
2026-03-25 07:33:18,392 INFO sqlalchemy.engine.Engine [generated in 0.00146s] (UUID('52ea32f0-b954-4465-81e4-3203342329f7'),)
2026-03-25 07:33:18,410 INFO sqlalchemy.engine.Engine SELECT regions.id 
FROM regions 
WHERE regions.zone_id = $1::UUID AND regions.org_id = $2::UUID
2026-03-25 07:33:18,411 INFO sqlalchemy.engine.Engine [cached since 0.04396s ago] (UUID('7547d7a7-48fc-416c-bbce-a9106b38b6ee'), UUID('e30cfec5-6e19-4c75-bb3a-206078e272a0'))
2026-03-25 07:33:18,415 INFO sqlalchemy.engine.Engine SELECT count(*) AS count_1 
FROM employees 
WHERE employees.region_id IN ($2::UUID, $3::UUID, $4::UUID, $5::UUID) AND employees.org_id = $1::UUID
2026-03-25 07:33:18,416 INFO sqlalchemy.engine.Engine [cached since 0.04273s ago] (UUID('e30cfec5-6e19-4c75-bb3a-206078e272a0'), UUID('c23cb518-05e2-45ae-aa5b-7a606e0cc276'), UUID('871a6e00-cab5-4c10-b7f9-bbd8807ab215'), UUID('50fbc716-26a9-4d82-88c9-c2264063f00e'), UUID('c066de85-8cc3-4e2a-84f4-be1ac9b6dffb'))
2026-03-25 07:33:18,420 INFO sqlalchemy.engine.Engine SELECT count(*) AS count_1 
FROM sites 
WHERE sites.region_id IN ($2::UUID, $3::UUID, $4::UUID, $5::UUID) AND sites.org_id = $1::UUID
2026-03-25 07:33:18,422 INFO sqlalchemy.engine.Engine [cached since 0.04245s ago] (UUID('e30cfec5-6e19-4c75-bb3a-206078e272a0'), UUID('c23cb518-05e2-45ae-aa5b-7a606e0cc276'), UUID('871a6e00-cab5-4c10-b7f9-bbd8807ab215'), UUID('50fbc716-26a9-4d82-88c9-c2264063f00e'), UUID('c066de85-8cc3-4e2a-84f4-be1ac9b6dffb'))
2026-03-25 07:33:18,425 INFO sqlalchemy.engine.Engine SELECT zone_managers.zone_id, zone_managers.employee_id, zone_managers.assigned_date, zone_managers.end_date, zone_managers.active, zone_managers.id, zone_managers.org_id, zone_managers.created_at, zone_managers.updated_at, zone_managers.created_by, employees.employee_id AS employee_id_1, employees.guard_no, employees.profile_photo, employees.first_name, employees.middle_name, employees.last_name, employees.gender, employees.date_of_birth, employees.marital_status, employees.nationality, employees.nin, employees.phone_1, employees.phone_2, employees.email, employees.physical_address, employees.region, employees.region_id, employees.postal_address, employees.education_background, employees.job_title, employees.employment_status, employees.hire_date, employees.termination_date, employees.notes, employees.id AS id_1, employees.org_id AS org_id_1, employees.created_at AS created_at_1, employees.updated_at AS updated_at_1, employees.created_by AS created_by_1 
FROM zone_managers JOIN employees ON zone_managers.employee_id = employees.id 
WHERE zone_managers.zone_id = $1::UUID
2026-03-25 07:33:18,426 INFO sqlalchemy.engine.Engine [cached since 0.03578s ago] (UUID('7547d7a7-48fc-416c-bbce-a9106b38b6ee'),)
2026-03-25 07:33:18,429 INFO sqlalchemy.engine.Engine SELECT regions.id 
FROM regions 
WHERE regions.zone_id = $1::UUID AND regions.org_id = $2::UUID
2026-03-25 07:33:18,430 INFO sqlalchemy.engine.Engine [cached since 0.06321s ago] (UUID('b15f2d36-b623-4c81-8673-28969f4b083b'), UUID('e30cfec5-6e19-4c75-bb3a-206078e272a0'))
2026-03-25 07:33:18,433 INFO sqlalchemy.engine.Engine SELECT count(*) AS count_1 
FROM employees 
WHERE employees.region_id IN ($2::UUID, $3::UUID) AND employees.org_id = $1::UUID
2026-03-25 07:33:18,435 INFO sqlalchemy.engine.Engine [cached since 0.0612s ago] (UUID('e30cfec5-6e19-4c75-bb3a-206078e272a0'), UUID('3c6f458f-feef-4d6d-b2f6-8ead71d8abab'), UUID('c1640e9f-87e8-4d1a-a0f7-9422c14e95fe'))
2026-03-25 07:33:18,439 INFO sqlalchemy.engine.Engine SELECT count(*) AS count_1 
FROM sites 
WHERE sites.region_id IN ($2::UUID, $3::UUID) AND sites.org_id = $1::UUID
2026-03-25 07:33:18,440 INFO sqlalchemy.engine.Engine [cached since 0.06024s ago] (UUID('e30cfec5-6e19-4c75-bb3a-206078e272a0'), UUID('3c6f458f-feef-4d6d-b2f6-8ead71d8abab'), UUID('c1640e9f-87e8-4d1a-a0f7-9422c14e95fe'))
2026-03-25 07:33:18,444 INFO sqlalchemy.engine.Engine SELECT zone_managers.zone_id, zone_managers.employee_id, zone_managers.assigned_date, zone_managers.end_date, zone_managers.active, zone_managers.id, zone_managers.org_id, zone_managers.created_at, zone_managers.updated_at, zone_managers.created_by, employees.employee_id AS employee_id_1, employees.guard_no, employees.profile_photo, employees.first_name, employees.middle_name, employees.last_name, employees.gender, employees.date_of_birth, employees.marital_status, employees.nationality, employees.nin, employees.phone_1, employees.phone_2, employees.email, employees.physical_address, employees.region, employees.region_id, employees.postal_address, employees.education_background, employees.job_title, employees.employment_status, employees.hire_date, employees.termination_date, employees.notes, employees.id AS id_1, employees.org_id AS org_id_1, employees.created_at AS created_at_1, employees.updated_at AS updated_at_1, employees.created_by AS created_by_1 
FROM zone_managers JOIN employees ON zone_managers.employee_id = employees.id 
WHERE zone_managers.zone_id = $1::UUID
2026-03-25 07:33:18,445 INFO sqlalchemy.engine.Engine [cached since 0.05465s ago] (UUID('b15f2d36-b623-4c81-8673-28969f4b083b'),)
2026-03-25 07:33:18,448 INFO sqlalchemy.engine.Engine COMMIT
INFO:     127.0.0.1:56244 - "GET /api/zones?status_filter=active HTTP/1.1" 200 OK
